Archive member included to satisfy reference by file (symbol)

c:/program files/microchip/xc32/v4.60/bin/bin/../../lib/gcc/pic32c/8.3.1/../../../../pic32c/lib/thumb/v7e-m+fp/hard\libpic32c.a(data_init.o)
                              build/default/debug/_ext/1171490990/startup_xc32.o (__pic32c_data_initialization)
c:/program files/microchip/xc32/v4.60/bin/bin/../../lib/gcc/pic32c/8.3.1/../../../../pic32c/lib/thumb/v7e-m+fp/hard\libc-size-musl.a(memcpy.o)
                              build/default/debug/_ext/1593096446/plib_nvmctrl.o (memcpy)
c:/program files/microchip/xc32/v4.60/bin/bin/../../lib/gcc/pic32c/8.3.1/../../../../pic32c/lib/thumb/v7e-m+fp/hard\libg-musl.a(__libc_start_main.o)
                              build/default/debug/_ext/1171490990/startup_xc32.o (__libc_init_array)
c:/program files/microchip/xc32/v4.60/bin/bin/../../lib/gcc/pic32c/8.3.1/../../../../pic32c/lib/thumb/v7e-m+fp/hard\libg-musl.a(libc.o)
                              c:/program files/microchip/xc32/v4.60/bin/bin/../../lib/gcc/pic32c/8.3.1/../../../../pic32c/lib/thumb/v7e-m+fp/hard\libg-musl.a(__libc_start_main.o) (__progname_full)
c:/program files/microchip/xc32/v4.60/bin/bin/../../lib/gcc/pic32c/8.3.1/../../../../pic32c/lib/thumb/v7e-m+fp/hard\libg-musl.a(__environ.o)
                              c:/program files/microchip/xc32/v4.60/bin/bin/../../lib/gcc/pic32c/8.3.1/../../../../pic32c/lib/thumb/v7e-m+fp/hard\libg-musl.a(__libc_start_main.o) (__environ)
c:/program files/microchip/xc32/v4.60/bin/bin/../../lib/gcc/pic32c/8.3.1/../../../../pic32c/lib/thumb/v7e-m+fp/hard\libpic32c.a(pic32_data_init_clear.o)
                              (__dinit_clear_needed)
c:/program files/microchip/xc32/v4.60/bin/bin/../../lib/gcc/pic32c/8.3.1/../../../../pic32c/lib/thumb/v7e-m+fp/hard\libpic32c.a(pic32_data_init_copy.o)
                              (__dinit_copy_needed)

Microchip PIC32 Memory-Usage Report

ROM Program-Memory Usage
section                    address  length [bytes]      (dec)  Description
-------                 ----------  -------------------------  -----------
.vectors                         0          0x260         608   
.text                        0x260           0x20          32  App's exec code 
.text.SERCOM1_SPI_Inter      0x280          0x158         344   
.text.CLOCK_Initialize       0x3d8          0x100         256   
.text.DMAC_ChannelTrans      0x4d8           0xe8         232   
.text.neopixel_send_dat      0x5c0           0xbc         188   
.text.gradient_green_wh      0x67c           0xb4         180   
.dinit                       0x730           0xb0         176   
.text.Reset_Handler          0x7e0           0x8c         140   
.text.NVIC_Initialize        0x86c           0x88         136   
.text.DMAC_channel_inte      0x8f4           0x84         132   
.text.set_led_color          0x978           0x80         128   
.text.main                   0x9f8           0x64         100   
.text.dsun_get_state         0xa5c           0x64         100   
.text.__libc_start_init      0xac0           0x5c          92   
.text.DMAC_Initialize        0xb1c           0x58          88   
.text.TC0_TimerInitiali      0xb74           0x44          68   
.text                        0xbb8           0x40          64  App's exec code 
.text.PORT_Initialize        0xbf8           0x38          56   
.text.__pic32c_data_ini      0xc30           0x38          56   
.text.SERCOM1_SPI_Initi      0xc68           0x34          52   
.text.dsun_sensor_init       0xc9c           0x30          48   
.text.TC0_TimerInterrup      0xccc           0x2c          44   
.text.SYS_Initialize         0xcf8           0x2c          44   
.text.TC0_Timer32bitCou      0xd24           0x28          40   
.text.SYSTICK_TimerInit      0xd4c           0x24          36   
.text.SysTick_Handler        0xd70           0x24          36   
.text.__dinit_copy           0xd94           0x1e          30   
.text.clear_all_leds         0xdb2           0x1a          26   
.text.TC0_TimerStart         0xdcc           0x18          24   
.text.TC0_TimerStop          0xde4           0x18          24   
.text.delay_microsecond      0xdfc           0x18          24   
.text.SYSTICK_TimerStar      0xe14           0x14          20   
.text.seconds                0xe28           0x14          20   
.text.DMA_0_Callback         0xe3c           0x14          20   
.text.neopixel_init          0xe50           0x14          20   
.text.dsun_read_raw          0xe64           0x14          20   
.rodata                      0xe78           0x14          20  Read-only const 
.text.__dinit_clear          0xe8c           0x12          18   
.text.EVSYS_Initialize       0xe9e            0x2           2   
.text.DMAC_ChannelCallb      0xea0           0x10          16   
.text.NVMCTRL_Initializ      0xeb0           0x10          16   
.text.SYSTICK_GetTickCo      0xec0            0xc          12   
.text.DMAC_0_InterruptH      0xecc            0xa          10   
[...]
Memory Configuration

Name             Origin             Length             Attributes
rom              0x0000000000000000 0x0000000000100000 xrl
ram              0x0000000020000000 0x0000000000040000 xw !r
tcm              0x0000000003000000 0x0000000000000000 xw
bkupram          0x0000000047000000 0x0000000000002000
config_00804000  0x0000000000804000 0x0000000000000004
config_00804004  0x0000000000804004 0x0000000000000004
config_00804008  0x0000000000804008 0x0000000000000004
*default*        0x0000000000000000 0xffffffffffffffff

Linker script and memory map

LOAD c:/program files/microchip/xc32/v4.60/bin/bin/../../lib/gcc/pic32c/8.3.1/thumb/v7e-m+fp/hard/crti.o
LOAD c:/program files/microchip/xc32/v4.60/bin/bin/../../lib/gcc/pic32c/8.3.1/thumb/v7e-m+fp/hard/crtbegin.o
LOAD build/default/debug/_ext/1984496892/plib_clock.o
LOAD build/default/debug/_ext/1865131932/plib_cmcc.o
LOAD build/default/debug/_ext/1865161661/plib_dmac.o
LOAD build/default/debug/_ext/1986646378/plib_evsys.o
LOAD build/default/debug/_ext/1865468468/plib_nvic.o
LOAD build/default/debug/_ext/1593096446/plib_nvmctrl.o
LOAD build/default/debug/_ext/1865521619/plib_port.o
LOAD build/default/debug/_ext/17022449/plib_sercom1_spi_master.o
LOAD build/default/debug/_ext/1827571544/plib_systick.o
LOAD build/default/debug/_ext/829342655/plib_tc0.o
LOAD build/default/debug/_ext/1865643529/plib_trng.o
LOAD build/default/debug/_ext/163028504/xc32_monitor.o
LOAD build/default/debug/_ext/1171490990/initialization.o
LOAD build/default/debug/_ext/1171490990/interrupts.o
LOAD build/default/debug/_ext/1171490990/exceptions.o
LOAD build/default/debug/_ext/1171490990/startup_xc32.o
LOAD build/default/debug/_ext/1171490990/libc_syscalls.o
LOAD build/default/debug/_ext/1360937237/main.o
LOAD build/default/debug/_ext/1360937237/neopixel.o
LOAD build/default/debug/_ext/1360937237/dsun_sensor.o
                0x0000000000000001                __MPLAB_BUILD = 0x1
                0x0000000000100000                __rom_end = (ORIGIN (rom) + LENGTH (rom))
                0x0000000020040000                __ram_end = (ORIGIN (ram) + LENGTH (ram))

.config_00804000
 *(.config_00804000)

.config_00804004
 *(.config_00804004)

.config_00804008
 *(.config_00804008)

.vectors        0x0000000000000000      0x260
                0x0000000000000000                . = ALIGN (0x4)
                0x0000000000000000                _sfixed = .
 *(.vectors .vectors.* .vectors_default .vectors_default.*)
 .vectors.exception_table
                0x0000000000000000      0x260 build/default/debug/_ext/1171490990/interrupts.o
                0x0000000000000000                exception_table
 *(.isr_vector)
 *(.reset*)
 *(.after_vectors)

.text           0x0000000000000260       0x20
                0x0000000000000260                . = ALIGN (0x4)
 *(.glue_7t)
 .glue_7t       0x0000000000000260        0x0 linker stubs
 *(.glue_7)
 .glue_7        0x0000000000000260        0x0 linker stubs
 *(.gnu.linkonce.r.*)
 *(.ARM.extab* .gnu.linkonce.armextab.*)
                0x0000000000000260                . = ALIGN (0x4)
 *(.init)
 .init          0x0000000000000260        0x4 c:/program files/microchip/xc32/v4.60/bin/bin/../../lib/gcc/pic32c/8.3.1/thumb/v7e-m+fp/hard/crti.o
                0x0000000000000260                _init
 .init          0x0000000000000264        0x8 c:/program files/microchip/xc32/v4.60/bin/bin/../../lib/gcc/pic32c/8.3.1/thumb/v7e-m+fp/hard/crtn.o
                0x000000000000026c                . = ALIGN (0x4)
                0x000000000000026c                __preinit_array_start = .
 *(.preinit_array)
                0x000000000000026c                __preinit_array_end = .
                0x000000000000026c                . = ALIGN (0x4)
                0x000000000000026c                __init_array_start = .
 *(SORT_BY_NAME(.init_array.*))
 *(.init_array)
 .init_array    0x000000000000026c        0x4 c:/program files/microchip/xc32/v4.60/bin/bin/../../lib/gcc/pic32c/8.3.1/thumb/v7e-m+fp/hard/crtbegin.o
                0x0000000000000270                __init_array_end = .
                0x0000000000000270                . = ALIGN (0x4)
 *crtbegin.o(.ctors)
 *(EXCLUDE_FILE(*crtend.o) .ctors)
 *(SORT_BY_NAME(.ctors.*))
 *crtend.o(.ctors)
                0x0000000000000270                . = ALIGN (0x4)
 *(.fini)
 .fini          0x0000000000000270        0x4 c:/program files/microchip/xc32/v4.60/bin/bin/../../lib/gcc/pic32c/8.3.1/thumb/v7e-m+fp/hard/crti.o
                0x0000000000000270                _fini
 .fini          0x0000000000000274        0x8 c:/program files/microchip/xc32/v4.60/bin/bin/../../lib/gcc/pic32c/8.3.1/thumb/v7e-m+fp/hard/crtn.o
                0x000000000000027c                . = ALIGN (0x4)
                0x000000000000027c                __fini_array_start = .
 *(.fini_array)
 .fini_array    0x000000000000027c        0x4 c:/program files/microchip/xc32/v4.60/bin/bin/../../lib/gcc/pic32c/8.3.1/thumb/v7e-m+fp/hard/crtbegin.o
 *(SORT_BY_NAME(.fini_array.*))
                0x0000000000000280                __fini_array_end = .
 *crtbegin.o(.dtors)
 *(EXCLUDE_FILE(*crtend.o) .dtors)
 *(SORT_BY_NAME(.dtors.*))
 *crtend.o(.dtors)
                0x0000000000000280                . = ALIGN (0x4)
                0x0000000000000280                _efixed = .
                [!provide]                        PROVIDE (__exidx_start = .)

.ARM.exidx
 *(.ARM.exidx* .gnu.linkonce.armexidx.*)
                [!provide]                        PROVIDE (__exidx_end = .)
                0x0000000000000280                . = ALIGN (0x4)
                0x0000000000000280                _etext = .

.bss            0x0000000020000000        0x0
                0x0000000020000000                . = ALIGN (0x4)
                0x0000000020000000                __bss_start__ = .
                0x0000000020000000                _sbss = .
                0x0000000020000000                _szero = .
 *(COMMON)
                0x0000000020000000                . = ALIGN (0x4)
                0x0000000020000000                __bss_end__ = .
                0x0000000020000000                _ebss = .
                0x0000000020000000                _ezero = .
                0x0000000020000000                . = ALIGN (0x4)
                0x0000000020000000                _end = .
                0x000000002003ffff                _ram_end_ = ((ORIGIN (ram) + LENGTH (ram)) - 0x1)

.bkupram_bss
 *(.bkupram_bss .bkupram_bss.*)
 *(.pbss .pbss.*)
                0x0000000000000001                __ICD2RAM = 0x1
                0x0000000000000001                __MPLAB_DEBUG = 0x1
                0x0000000000000001                __DEBUG = 0x1
                0x0000000000000200                _min_heap_size = 0x200
START GROUP
LOAD c:/program files/microchip/xc32/v4.60/bin/bin/../../lib/gcc/pic32c/8.3.1/../../../../pic32c/lib/thumb/v7e-m+fp/hard\libpic32c.a
LOAD c:/program files/microchip/xc32/v4.60/bin/bin/../../lib/gcc/pic32c/8.3.1/../../../../pic32c/lib/thumb/v7e-m+fp/hard\libc-size-musl.a
LOAD c:/program files/microchip/xc32/v4.60/bin/bin/../../lib/gcc/pic32c/8.3.1/../../../../pic32c/lib/thumb/v7e-m+fp/hard\liblmalloc-musl.a
LOAD c:/program files/microchip/xc32/v4.60/bin/bin/../../lib/gcc/pic32c/8.3.1/../../../../pic32c/lib/thumb/v7e-m+fp/hard\libm-fast-emfloat.a
LOAD c:/program files/microchip/xc32/v4.60/bin/bin/../../lib/gcc/pic32c/8.3.1/../../../../pic32c/lib/thumb/v7e-m+fp/hard\libm-musl.a
LOAD c:/program files/microchip/xc32/v4.60/bin/bin/../../lib/gcc/pic32c/8.3.1/../../../../pic32c/lib/thumb/v7e-m+fp/hard\libg-musl.a
LOAD c:/program files/microchip/xc32/v4.60/bin/bin/../../lib/gcc/pic32c/8.3.1/../../../../pic32c/lib/thumb/v7e-m+fp/hard\libc-musl.a
LOAD c:/program files/microchip/xc32/v4.60/bin/bin/../../lib/gcc/pic32c/8.3.1/../../../../pic32c/lib/thumb/v7e-m+fp/hard\libm-fast-emfloat.a
LOAD c:/program files/microchip/xc32/v4.60/bin/bin/../../lib/gcc/pic32c/8.3.1/../../../../pic32c/lib/thumb/v7e-m+fp/hard\libm-musl.a
LOAD c:/program files/microchip/xc32/v4.60/bin/bin/../../lib/gcc/pic32c/8.3.1/thumb/v7e-m+fp/hard\libgcc.a
END GROUP
LOAD c:/program files/microchip/xc32/v4.60/bin/bin/../../lib/gcc/pic32c/8.3.1/thumb/v7e-m+fp/hard/crtend.o
LOAD c:/program files/microchip/xc32/v4.60/bin/bin/../../lib/gcc/pic32c/8.3.1/thumb/v7e-m+fp/hard/crtn.o
OUTPUT(dist/default/debug/CR-Proj.debug.elf elf32-littlearm)
LOAD data_init
LOAD stack

.ARM.attributes
                0x0000000000000000       0x34
 .ARM.attributes
                0x0000000000000000       0x1e c:/program files/microchip/xc32/v4.60/bin/bin/../../lib/gcc/pic32c/8.3.1/thumb/v7e-m+fp/hard/crti.o
 .ARM.attributes
                0x000000000000001e       0x34 c:/program files/microchip/xc32/v4.60/bin/bin/../../lib/gcc/pic32c/8.3.1/thumb/v7e-m+fp/hard/crtbegin.o
 .ARM.attributes
                0x0000000000000052       0x34 build/default/debug/_ext/1984496892/plib_clock.o
 .ARM.attributes
                0x0000000000000086       0x34 build/default/debug/_ext/1865161661/plib_dmac.o
 .ARM.attributes
                0x00000000000000ba       0x34 build/default/debug/_ext/1986646378/plib_evsys.o
 .ARM.attributes
                0x00000000000000ee       0x34 build/default/debug/_ext/1865468468/plib_nvic.o
 .ARM.attributes
                0x0000000000000122       0x34 build/default/debug/_ext/1593096446/plib_nvmctrl.o
 .ARM.attributes
                0x0000000000000156       0x34 build/default/debug/_ext/1865521619/plib_port.o
 .ARM.attributes
                0x000000000000018a       0x34 build/default/debug/_ext/17022449/plib_sercom1_spi_master.o
 .ARM.attributes
                0x00000000000001be       0x34 build/default/debug/_ext/1827571544/plib_systick.o
 .ARM.attributes
                0x00000000000001f2       0x34 build/default/debug/_ext/829342655/plib_tc0.o
 .ARM.attributes
                0x0000000000000226       0x34 build/default/debug/_ext/1865643529/plib_trng.o
 .ARM.attributes
                0x000000000000025a       0x34 build/default/debug/_ext/1171490990/initialization.o
 .ARM.attributes
                0x000000000000028e       0x34 build/default/debug/_ext/1171490990/interrupts.o
 .ARM.attributes
                0x00000000000002c2       0x34 build/default/debug/_ext/1171490990/exceptions.o
 .ARM.attributes
                0x00000000000002f6       0x34 build/default/debug/_ext/1171490990/startup_xc32.o
 .ARM.attributes
                0x000000000000032a       0x34 build/default/debug/_ext/1360937237/main.o
 .ARM.attributes
                0x000000000000035e       0x34 build/default/debug/_ext/1360937237/neopixel.o
 .ARM.attributes
                0x0000000000000392       0x34 build/default/debug/_ext/1360937237/dsun_sensor.o
 .ARM.attributes
                0x00000000000003c6       0x34 c:/program files/microchip/xc32/v4.60/bin/bin/../../lib/gcc/pic32c/8.3.1/../../../../pic32c/lib/thumb/v7e-m+fp/hard\libpic32c.a(data_init.o)
 .ARM.attributes
                0x00000000000003fa       0x36 c:/program files/microchip/xc32/v4.60/bin/bin/../../lib/gcc/pic32c/8.3.1/../../../../pic32c/lib/thumb/v7e-m+fp/hard\libg-musl.a(__libc_start_main.o)
 .ARM.attributes
                0x0000000000000430       0x34 c:/program files/microchip/xc32/v4.60/bin/bin/../../lib/gcc/pic32c/8.3.1/../../../../pic32c/lib/thumb/v7e-m+fp/hard\libg-musl.a(libc.o)
 .ARM.attributes
                0x0000000000000464       0x34 c:/program files/microchip/xc32/v4.60/bin/bin/../../lib/gcc/pic32c/8.3.1/../../../../pic32c/lib/thumb/v7e-m+fp/hard\libg-musl.a(__environ.o)
 .ARM.attributes
                0x0000000000000498       0x1e c:/program files/microchip/xc32/v4.60/bin/bin/../../lib/gcc/pic32c/8.3.1/thumb/v7e-m+fp/hard/crtn.o
 .ARM.attributes
                0x00000000000004b6       0x34 c:/program files/microchip/xc32/v4.60/bin/bin/../../lib/gcc/pic32c/8.3.1/../../../../pic32c/lib/thumb/v7e-m+fp/hard\libpic32c.a(pic32_data_init_clear.o)
 .ARM.attributes
                0x00000000000004ea       0x34 c:/program files/microchip/xc32/v4.60/bin/bin/../../lib/gcc/pic32c/8.3.1/../../../../pic32c/lib/thumb/v7e-m+fp/hard\libpic32c.a(pic32_data_init_copy.o)

.comment        0x0000000000000000       0x2b
 .comment       0x0000000000000000       0x2b c:/program files/microchip/xc32/v4.60/bin/bin/../../lib/gcc/pic32c/8.3.1/thumb/v7e-m+fp/hard/crtbegin.o
                                         0x2c (size before relaxing)
 .comment       0x000000000000002b       0x2c build/default/debug/_ext/1984496892/plib_clock.o
 .comment       0x000000000000002b       0x2c build/default/debug/_ext/1865161661/plib_dmac.o
 .comment       0x000000000000002b       0x2c build/default/debug/_ext/1986646378/plib_evsys.o
 .comment       0x000000000000002b       0x2c build/default/debug/_ext/1865468468/plib_nvic.o
 .comment       0x000000000000002b       0x2c build/default/debug/_ext/1593096446/plib_nvmctrl.o
 .comment       0x000000000000002b       0x2c build/default/debug/_ext/1865521619/plib_port.o
 .comment       0x000000000000002b       0x2c build/default/debug/_ext/17022449/plib_sercom1_spi_master.o
 .comment       0x000000000000002b       0x2c build/default/debug/_ext/1827571544/plib_systick.o
 .comment       0x000000000000002b       0x2c build/default/debug/_ext/829342655/plib_tc0.o
 .comment       0x000000000000002b       0x2c build/default/debug/_ext/1865643529/plib_trng.o
 .comment       0x000000000000002b       0x2c build/default/debug/_ext/1171490990/initialization.o
 .comment       0x000000000000002b       0x2c build/default/debug/_ext/1171490990/interrupts.o
 .comment       0x000000000000002b       0x2c build/default/debug/_ext/1171490990/exceptions.o
 .comment       0x000000000000002b       0x2c build/default/debug/_ext/1171490990/startup_xc32.o
 .comment       0x000000000000002b       0x2c build/default/debug/_ext/1360937237/main.o
 .comment       0x000000000000002b       0x2c build/default/debug/_ext/1360937237/neopixel.o
 .comment       0x000000000000002b       0x2c build/default/debug/_ext/1360937237/dsun_sensor.o
 .comment       0x000000000000002b       0x2c c:/program files/microchip/xc32/v4.60/bin/bin/../../lib/gcc/pic32c/8.3.1/../../../../pic32c/lib/thumb/v7e-m+fp/hard\libpic32c.a(data_init.o)
 .comment       0x000000000000002b       0x2c c:/program files/microchip/xc32/v4.60/bin/bin/../../lib/gcc/pic32c/8.3.1/../../../../pic32c/lib/thumb/v7e-m+fp/hard\libg-musl.a(__libc_start_main.o)
 .comment       0x000000000000002b       0x2c c:/program files/microchip/xc32/v4.60/bin/bin/../../lib/gcc/pic32c/8.3.1/../../../../pic32c/lib/thumb/v7e-m+fp/hard\libg-musl.a(libc.o)
 .comment       0x000000000000002b       0x2c c:/program files/microchip/xc32/v4.60/bin/bin/../../lib/gcc/pic32c/8.3.1/../../../../pic32c/lib/thumb/v7e-m+fp/hard\libg-musl.a(__environ.o)
 .comment       0x000000000000002b       0x2c c:/program files/microchip/xc32/v4.60/bin/bin/../../lib/gcc/pic32c/8.3.1/../../../../pic32c/lib/thumb/v7e-m+fp/hard\libpic32c.a(pic32_data_init_clear.o)
 .comment       0x000000000000002b       0x2c c:/program files/microchip/xc32/v4.60/bin/bin/../../lib/gcc/pic32c/8.3.1/../../../../pic32c/lib/thumb/v7e-m+fp/hard\libpic32c.a(pic32_data_init_copy.o)

.debug_info     0x0000000000000000     0x9107
 .debug_info    0x0000000000000000      0x658 build/default/debug/_ext/1984496892/plib_clock.o
 .debug_info    0x0000000000000658      0xb9c build/default/debug/_ext/1865161661/plib_dmac.o
 .debug_info    0x00000000000011f4       0x9b build/default/debug/_ext/1986646378/plib_evsys.o
 .debug_info    0x000000000000128f      0xd72 build/default/debug/_ext/1865468468/plib_nvic.o
 .debug_info    0x0000000000002001      0x8e5 build/default/debug/_ext/1593096446/plib_nvmctrl.o
 .debug_info    0x00000000000028e6      0x6f8 build/default/debug/_ext/1865521619/plib_port.o
 .debug_info    0x0000000000002fde      0xf96 build/default/debug/_ext/17022449/plib_sercom1_spi_master.o
 .debug_info    0x0000000000003f74      0x551 build/default/debug/_ext/1827571544/plib_systick.o
 .debug_info    0x00000000000044c5      0x814 build/default/debug/_ext/829342655/plib_tc0.o
 .debug_info    0x0000000000004cd9      0x1b8 build/default/debug/_ext/1865643529/plib_trng.o
 .debug_info    0x0000000000004e91      0x1a5 build/default/debug/_ext/1171490990/initialization.o
 .debug_info    0x0000000000005036      0xa73 build/default/debug/_ext/1171490990/interrupts.o
 .debug_info    0x0000000000005aa9      0x116 build/default/debug/_ext/1171490990/exceptions.o
 .debug_info    0x0000000000005bbf      0x55b build/default/debug/_ext/1171490990/startup_xc32.o
 .debug_info    0x000000000000611a      0x46f build/default/debug/_ext/1360937237/main.o
 .debug_info    0x0000000000006589     0x1ffd build/default/debug/_ext/1360937237/neopixel.o
 .debug_info    0x0000000000008586      0x492 build/default/debug/_ext/1360937237/dsun_sensor.o
 .debug_info    0x0000000000008a18       0x68 c:/program files/microchip/xc32/v4.60/bin/bin/../../lib/gcc/pic32c/8.3.1/../../../../pic32c/lib/thumb/v7e-m+fp/hard\libpic32c.a(data_init.o)
 .debug_info    0x0000000000008a80      0x2fb c:/program files/microchip/xc32/v4.60/bin/bin/../../lib/gcc/pic32c/8.3.1/../../../../pic32c/lib/thumb/v7e-m+fp/hard\libg-musl.a(__libc_start_main.o)
 .debug_info    0x0000000000008d7b      0x276 c:/program files/microchip/xc32/v4.60/bin/bin/../../lib/gcc/pic32c/8.3.1/../../../../pic32c/lib/thumb/v7e-m+fp/hard\libg-musl.a(libc.o)
 .debug_info    0x0000000000008ff1       0x97 c:/program files/microchip/xc32/v4.60/bin/bin/../../lib/gcc/pic32c/8.3.1/../../../../pic32c/lib/thumb/v7e-m+fp/hard\libg-musl.a(__environ.o)
 .debug_info    0x0000000000009088       0x3f c:/program files/microchip/xc32/v4.60/bin/bin/../../lib/gcc/pic32c/8.3.1/../../../../pic32c/lib/thumb/v7e-m+fp/hard\libpic32c.a(pic32_data_init_clear.o)
 .debug_info    0x00000000000090c7       0x40 c:/program files/microchip/xc32/v4.60/bin/bin/../../lib/gcc/pic32c/8.3.1/../../../../pic32c/lib/thumb/v7e-m+fp/hard\libpic32c.a(pic32_data_init_copy.o)

.debug_abbrev   0x0000000000000000     0x1efc
 .debug_abbrev  0x0000000000000000      0x10b build/default/debug/_ext/1984496892/plib_clock.o
 .debug_abbrev  0x000000000000010b      0x35b build/default/debug/_ext/1865161661/plib_dmac.o
 .debug_abbrev  0x0000000000000466       0x46 build/default/debug/_ext/1986646378/plib_evsys.o
 .debug_abbrev  0x00000000000004ac      0x258 build/default/debug/_ext/1865468468/plib_nvic.o
 .debug_abbrev  0x0000000000000704      0x23c build/default/debug/_ext/1593096446/plib_nvmctrl.o
 .debug_abbrev  0x0000000000000940      0x206 build/default/debug/_ext/1865521619/plib_port.o
 .debug_abbrev  0x0000000000000b46      0x276 build/default/debug/_ext/17022449/plib_sercom1_spi_master.o
 .debug_abbrev  0x0000000000000dbc      0x1ef build/default/debug/_ext/1827571544/plib_systick.o
 .debug_abbrev  0x0000000000000fab      0x1be build/default/debug/_ext/829342655/plib_tc0.o
 .debug_abbrev  0x0000000000001169       0xc0 build/default/debug/_ext/1865643529/plib_trng.o
 .debug_abbrev  0x0000000000001229       0x96 build/default/debug/_ext/1171490990/initialization.o
 .debug_abbrev  0x00000000000012bf       0xc0 build/default/debug/_ext/1171490990/interrupts.o
 .debug_abbrev  0x000000000000137f       0x49 build/default/debug/_ext/1171490990/exceptions.o
 .debug_abbrev  0x00000000000013c8      0x1e3 build/default/debug/_ext/1171490990/startup_xc32.o
 .debug_abbrev  0x00000000000015ab      0x1b6 build/default/debug/_ext/1360937237/main.o
 .debug_abbrev  0x0000000000001761      0x312 build/default/debug/_ext/1360937237/neopixel.o
 .debug_abbrev  0x0000000000001a73      0x180 build/default/debug/_ext/1360937237/dsun_sensor.o
 .debug_abbrev  0x0000000000001bf3       0x44 c:/program files/microchip/xc32/v4.60/bin/bin/../../lib/gcc/pic32c/8.3.1/../../../../pic32c/lib/thumb/v7e-m+fp/hard\libpic32c.a(data_init.o)
 .debug_abbrev  0x0000000000001c37      0x133 c:/program files/microchip/xc32/v4.60/bin/bin/../../lib/gcc/pic32c/8.3.1/../../../../pic32c/lib/thumb/v7e-m+fp/hard\libg-musl.a(__libc_start_main.o)
 .debug_abbrev  0x0000000000001d6a       0xd4 c:/program files/microchip/xc32/v4.60/bin/bin/../../lib/gcc/pic32c/8.3.1/../../../../pic32c/lib/thumb/v7e-m+fp/hard\libg-musl.a(libc.o)
 .debug_abbrev  0x0000000000001e3e       0x62 c:/program files/microchip/xc32/v4.60/bin/bin/../../lib/gcc/pic32c/8.3.1/../../../../pic32c/lib/thumb/v7e-m+fp/hard\libg-musl.a(__environ.o)
 .debug_abbrev  0x0000000000001ea0       0x2e c:/program files/microchip/xc32/v4.60/bin/bin/../../lib/gcc/pic32c/8.3.1/../../../../pic32c/lib/thumb/v7e-m+fp/hard\libpic32c.a(pic32_data_init_clear.o)
 .debug_abbrev  0x0000000000001ece       0x2e c:/program files/microchip/xc32/v4.60/bin/bin/../../lib/gcc/pic32c/8.3.1/../../../../pic32c/lib/thumb/v7e-m+fp/hard\libpic32c.a(pic32_data_init_copy.o)

.debug_aranges  0x0000000000000000      0x6c8
 .debug_aranges
                0x0000000000000000       0x20 build/default/debug/_ext/1984496892/plib_clock.o
 .debug_aranges
                0x0000000000000020       0xa0 build/default/debug/_ext/1865161661/plib_dmac.o
 .debug_aranges
                0x00000000000000c0       0x20 build/default/debug/_ext/1986646378/plib_evsys.o
 .debug_aranges
                0x00000000000000e0       0x48 build/default/debug/_ext/1865468468/plib_nvic.o
 .debug_aranges
                0x0000000000000128       0xd8 build/default/debug/_ext/1593096446/plib_nvmctrl.o
 .debug_aranges
                0x0000000000000200       0x70 build/default/debug/_ext/1865521619/plib_port.o
 .debug_aranges
                0x0000000000000270       0x60 build/default/debug/_ext/17022449/plib_sercom1_spi_master.o
 .debug_aranges
                0x00000000000002d0       0x98 build/default/debug/_ext/1827571544/plib_systick.o
 .debug_aranges
                0x0000000000000368       0x70 build/default/debug/_ext/829342655/plib_tc0.o
 .debug_aranges
                0x00000000000003d8       0x28 build/default/debug/_ext/1865643529/plib_trng.o
 .debug_aranges
                0x0000000000000400       0x20 build/default/debug/_ext/1171490990/initialization.o
 .debug_aranges
                0x0000000000000420       0x20 build/default/debug/_ext/1171490990/interrupts.o
 .debug_aranges
                0x0000000000000440       0x48 build/default/debug/_ext/1171490990/exceptions.o
 .debug_aranges
                0x0000000000000488       0x28 build/default/debug/_ext/1171490990/startup_xc32.o
 .debug_aranges
                0x00000000000004b0       0x30 build/default/debug/_ext/1360937237/main.o
 .debug_aranges
                0x00000000000004e0       0xd8 build/default/debug/_ext/1360937237/neopixel.o
 .debug_aranges
                0x00000000000005b8       0x48 build/default/debug/_ext/1360937237/dsun_sensor.o
 .debug_aranges
                0x0000000000000600       0x30 c:/program files/microchip/xc32/v4.60/bin/bin/../../lib/gcc/pic32c/8.3.1/../../../../pic32c/lib/thumb/v7e-m+fp/hard\libpic32c.a(data_init.o)
 .debug_aranges
                0x0000000000000630       0x28 c:/program files/microchip/xc32/v4.60/bin/bin/../../lib/gcc/pic32c/8.3.1/../../../../pic32c/lib/thumb/v7e-m+fp/hard\libg-musl.a(__libc_start_main.o)
 .debug_aranges
                0x0000000000000658       0x18 c:/program files/microchip/xc32/v4.60/bin/bin/../../lib/gcc/pic32c/8.3.1/../../../../pic32c/lib/thumb/v7e-m+fp/hard\libg-musl.a(libc.o)
 .debug_aranges
                0x0000000000000670       0x18 c:/program files/microchip/xc32/v4.60/bin/bin/../../lib/gcc/pic32c/8.3.1/../../../../pic32c/lib/thumb/v7e-m+fp/hard\libg-musl.a(__environ.o)
 .debug_aranges
                0x0000000000000688       0x20 c:/program files/microchip/xc32/v4.60/bin/bin/../../lib/gcc/pic32c/8.3.1/../../../../pic32c/lib/thumb/v7e-m+fp/hard\libpic32c.a(pic32_data_init_clear.o)
 .debug_aranges
                0x00000000000006a8       0x20 c:/program files/microchip/xc32/v4.60/bin/bin/../../lib/gcc/pic32c/8.3.1/../../../../pic32c/lib/thumb/v7e-m+fp/hard\libpic32c.a(pic32_data_init_copy.o)

.debug_ranges   0x0000000000000000      0x698
 .debug_ranges  0x0000000000000000       0x10 build/default/debug/_ext/1984496892/plib_clock.o
 .debug_ranges  0x0000000000000010       0xc8 build/default/debug/_ext/1865161661/plib_dmac.o
 .debug_ranges  0x00000000000000d8       0x10 build/default/debug/_ext/1986646378/plib_evsys.o
 .debug_ranges  0x00000000000000e8       0x38 build/default/debug/_ext/1865468468/plib_nvic.o
 .debug_ranges  0x0000000000000120       0xc8 build/default/debug/_ext/1593096446/plib_nvmctrl.o
 .debug_ranges  0x00000000000001e8       0x60 build/default/debug/_ext/1865521619/plib_port.o
 .debug_ranges  0x0000000000000248       0x68 build/default/debug/_ext/17022449/plib_sercom1_spi_master.o
 .debug_ranges  0x00000000000002b0       0x88 build/default/debug/_ext/1827571544/plib_systick.o
 .debug_ranges  0x0000000000000338       0x60 build/default/debug/_ext/829342655/plib_tc0.o
 .debug_ranges  0x0000000000000398       0x18 build/default/debug/_ext/1865643529/plib_trng.o
 .debug_ranges  0x00000000000003b0       0x10 build/default/debug/_ext/1171490990/initialization.o
 .debug_ranges  0x00000000000003c0       0x10 build/default/debug/_ext/1171490990/interrupts.o
 .debug_ranges  0x00000000000003d0       0x38 build/default/debug/_ext/1171490990/exceptions.o
 .debug_ranges  0x0000000000000408       0x18 build/default/debug/_ext/1171490990/startup_xc32.o
 .debug_ranges  0x0000000000000420       0x38 build/default/debug/_ext/1360937237/main.o
 .debug_ranges  0x0000000000000458      0x188 build/default/debug/_ext/1360937237/neopixel.o
 .debug_ranges  0x00000000000005e0       0x38 build/default/debug/_ext/1360937237/dsun_sensor.o
 .debug_ranges  0x0000000000000618       0x20 c:/program files/microchip/xc32/v4.60/bin/bin/../../lib/gcc/pic32c/8.3.1/../../../../pic32c/lib/thumb/v7e-m+fp/hard\libpic32c.a(data_init.o)
 .debug_ranges  0x0000000000000638       0x40 c:/program files/microchip/xc32/v4.60/bin/bin/../../lib/gcc/pic32c/8.3.1/../../../../pic32c/lib/thumb/v7e-m+fp/hard\libg-musl.a(__libc_start_main.o)
 .debug_ranges  0x0000000000000678       0x10 c:/program files/microchip/xc32/v4.60/bin/bin/../../lib/gcc/pic32c/8.3.1/../../../../pic32c/lib/thumb/v7e-m+fp/hard\libpic32c.a(pic32_data_init_clear.o)
 .debug_ranges  0x0000000000000688       0x10 c:/program files/microchip/xc32/v4.60/bin/bin/../../lib/gcc/pic32c/8.3.1/../../../../pic32c/lib/thumb/v7e-m+fp/hard\libpic32c.a(pic32_data_init_copy.o)

.debug_line     0x0000000000000000     0x3f49
 .debug_line    0x0000000000000000      0x296 build/default/debug/_ext/1984496892/plib_clock.o
 .debug_line    0x0000000000000296      0x63d build/default/debug/_ext/1865161661/plib_dmac.o
 .debug_line    0x00000000000008d3       0x66 build/default/debug/_ext/1986646378/plib_evsys.o
 .debug_line    0x0000000000000939      0x4ea build/default/debug/_ext/1865468468/plib_nvic.o
 .debug_line    0x0000000000000e23      0x5b9 build/default/debug/_ext/1593096446/plib_nvmctrl.o
 .debug_line    0x00000000000013dc      0x2d5 build/default/debug/_ext/1865521619/plib_port.o
 .debug_line    0x00000000000016b1      0x78b build/default/debug/_ext/17022449/plib_sercom1_spi_master.o
 .debug_line    0x0000000000001e3c      0x421 build/default/debug/_ext/1827571544/plib_systick.o
 .debug_line    0x000000000000225d      0x31c build/default/debug/_ext/829342655/plib_tc0.o
 .debug_line    0x0000000000002579      0x120 build/default/debug/_ext/1865643529/plib_trng.o
 .debug_line    0x0000000000002699      0x2ae build/default/debug/_ext/1171490990/initialization.o
 .debug_line    0x0000000000002947       0xbb build/default/debug/_ext/1171490990/interrupts.o
 .debug_line    0x0000000000002a02       0xcd build/default/debug/_ext/1171490990/exceptions.o
 .debug_line    0x0000000000002acf      0x248 build/default/debug/_ext/1171490990/startup_xc32.o
 .debug_line    0x0000000000002d17      0x1fe build/default/debug/_ext/1360937237/main.o
 .debug_line    0x0000000000002f15      0x8fa build/default/debug/_ext/1360937237/neopixel.o
 .debug_line    0x000000000000380f      0x230 build/default/debug/_ext/1360937237/dsun_sensor.o
 .debug_line    0x0000000000003a3f       0xa7 c:/program files/microchip/xc32/v4.60/bin/bin/../../lib/gcc/pic32c/8.3.1/../../../../pic32c/lib/thumb/v7e-m+fp/hard\libpic32c.a(data_init.o)
 .debug_line    0x0000000000003ae6      0x1c7 c:/program files/microchip/xc32/v4.60/bin/bin/../../lib/gcc/pic32c/8.3.1/../../../../pic32c/lib/thumb/v7e-m+fp/hard\libg-musl.a(__libc_start_main.o)
 .debug_line    0x0000000000003cad       0xb5 c:/program files/microchip/xc32/v4.60/bin/bin/../../lib/gcc/pic32c/8.3.1/../../../../pic32c/lib/thumb/v7e-m+fp/hard\libg-musl.a(libc.o)
 .debug_line    0x0000000000003d62       0xfb c:/program files/microchip/xc32/v4.60/bin/bin/../../lib/gcc/pic32c/8.3.1/../../../../pic32c/lib/thumb/v7e-m+fp/hard\libg-musl.a(__environ.o)
 .debug_line    0x0000000000003e5d       0x72 c:/program files/microchip/xc32/v4.60/bin/bin/../../lib/gcc/pic32c/8.3.1/../../../../pic32c/lib/thumb/v7e-m+fp/hard\libpic32c.a(pic32_data_init_clear.o)
 .debug_line    0x0000000000003ecf       0x7a c:/program files/microchip/xc32/v4.60/bin/bin/../../lib/gcc/pic32c/8.3.1/../../../../pic32c/lib/thumb/v7e-m+fp/hard\libpic32c.a(pic32_data_init_copy.o)

.debug_str      0x0000000000000000     0x84ce
 .debug_str     0x0000000000000000      0x672 build/default/debug/_ext/1984496892/plib_clock.o
 .debug_str     0x0000000000000672      0x8f8 build/default/debug/_ext/1865161661/plib_dmac.o
 .debug_str     0x0000000000000f6a      0x2bd build/default/debug/_ext/1986646378/plib_evsys.o
 .debug_str     0x0000000000001227      0xcb1 build/default/debug/_ext/1865468468/plib_nvic.o
 .debug_str     0x0000000000001ed8      0x6be build/default/debug/_ext/1593096446/plib_nvmctrl.o
 .debug_str     0x0000000000002596      0x8cf build/default/debug/_ext/1865521619/plib_port.o
 .debug_str     0x0000000000002e65      0x838 build/default/debug/_ext/17022449/plib_sercom1_spi_master.o
 .debug_str     0x000000000000369d      0x4fd build/default/debug/_ext/1827571544/plib_systick.o
 .debug_str     0x0000000000003b9a      0x5da build/default/debug/_ext/829342655/plib_tc0.o
 .debug_str     0x0000000000004174      0x352 build/default/debug/_ext/1865643529/plib_trng.o
 .debug_str     0x00000000000044c6      0x371 build/default/debug/_ext/1171490990/initialization.o
 .debug_str     0x0000000000004837      0xec3 build/default/debug/_ext/1171490990/interrupts.o
 .debug_str     0x00000000000056fa      0x31c build/default/debug/_ext/1171490990/exceptions.o
 .debug_str     0x0000000000005a16      0x456 build/default/debug/_ext/1171490990/startup_xc32.o
 .debug_str     0x0000000000005e6c      0x695 build/default/debug/_ext/1360937237/main.o
 .debug_str     0x0000000000006501      0x9b9 build/default/debug/_ext/1360937237/neopixel.o
 .debug_str     0x0000000000006eba      0x700 build/default/debug/_ext/1360937237/dsun_sensor.o
 .debug_str     0x00000000000075ba      0x206 c:/program files/microchip/xc32/v4.60/bin/bin/../../lib/gcc/pic32c/8.3.1/../../../../pic32c/lib/thumb/v7e-m+fp/hard\libpic32c.a(data_init.o)
 .debug_str     0x00000000000077c0      0x3d4 c:/program files/microchip/xc32/v4.60/bin/bin/../../lib/gcc/pic32c/8.3.1/../../../../pic32c/lib/thumb/v7e-m+fp/hard\libg-musl.a(__libc_start_main.o)
 .debug_str     0x0000000000007b94      0x33f c:/program files/microchip/xc32/v4.60/bin/bin/../../lib/gcc/pic32c/8.3.1/../../../../pic32c/lib/thumb/v7e-m+fp/hard\libg-musl.a(libc.o)
 .debug_str     0x0000000000007ed3      0x23f c:/program files/microchip/xc32/v4.60/bin/bin/../../lib/gcc/pic32c/8.3.1/../../../../pic32c/lib/thumb/v7e-m+fp/hard\libg-musl.a(__environ.o)
 .debug_str     0x0000000000008112      0x1df c:/program files/microchip/xc32/v4.60/bin/bin/../../lib/gcc/pic32c/8.3.1/../../../../pic32c/lib/thumb/v7e-m+fp/hard\libpic32c.a(pic32_data_init_clear.o)
 .debug_str     0x00000000000082f1      0x1dd c:/program files/microchip/xc32/v4.60/bin/bin/../../lib/gcc/pic32c/8.3.1/../../../../pic32c/lib/thumb/v7e-m+fp/hard\libpic32c.a(pic32_data_init_copy.o)

.debug_frame    0x0000000000000000      0xd6c
 .debug_frame   0x0000000000000000       0x20 build/default/debug/_ext/1984496892/plib_clock.o
 .debug_frame   0x0000000000000020      0x178 build/default/debug/_ext/1865161661/plib_dmac.o
 .debug_frame   0x0000000000000198       0x20 build/default/debug/_ext/1986646378/plib_evsys.o
 .debug_frame   0x00000000000001b8       0x7c build/default/debug/_ext/1865468468/plib_nvic.o
 .debug_frame   0x0000000000000234      0x1d8 build/default/debug/_ext/1593096446/plib_nvmctrl.o
 .debug_frame   0x000000000000040c       0xd8 build/default/debug/_ext/1865521619/plib_port.o
 .debug_frame   0x00000000000004e4       0xe0 build/default/debug/_ext/17022449/plib_sercom1_spi_master.o
 .debug_frame   0x00000000000005c4      0x138 build/default/debug/_ext/1827571544/plib_systick.o
 .debug_frame   0x00000000000006fc       0xc8 build/default/debug/_ext/829342655/plib_tc0.o
 .debug_frame   0x00000000000007c4       0x30 build/default/debug/_ext/1865643529/plib_trng.o
 .debug_frame   0x00000000000007f4       0x28 build/default/debug/_ext/1171490990/initialization.o
 .debug_frame   0x000000000000081c       0x20 build/default/debug/_ext/1171490990/interrupts.o
 .debug_frame   0x000000000000083c       0x70 build/default/debug/_ext/1171490990/exceptions.o
 .debug_frame   0x00000000000008ac       0x38 build/default/debug/_ext/1171490990/startup_xc32.o
 .debug_frame   0x00000000000008e4       0x60 build/default/debug/_ext/1360937237/main.o
 .debug_frame   0x0000000000000944      0x2b8 build/default/debug/_ext/1360937237/neopixel.o
 .debug_frame   0x0000000000000bfc       0xa0 build/default/debug/_ext/1360937237/dsun_sensor.o
 .debug_frame   0x0000000000000c9c       0x4c c:/program files/microchip/xc32/v4.60/bin/bin/../../lib/gcc/pic32c/8.3.1/../../../../pic32c/lib/thumb/v7e-m+fp/hard\libpic32c.a(data_init.o)
 .debug_frame   0x0000000000000ce8       0x3c c:/program files/microchip/xc32/v4.60/bin/bin/../../lib/gcc/pic32c/8.3.1/../../../../pic32c/lib/thumb/v7e-m+fp/hard\libg-musl.a(__libc_start_main.o)
 .debug_frame   0x0000000000000d24       0x20 c:/program files/microchip/xc32/v4.60/bin/bin/../../lib/gcc/pic32c/8.3.1/../../../../pic32c/lib/thumb/v7e-m+fp/hard\libpic32c.a(pic32_data_init_clear.o)
 .debug_frame   0x0000000000000d44       0x28 c:/program files/microchip/xc32/v4.60/bin/bin/../../lib/gcc/pic32c/8.3.1/../../../../pic32c/lib/thumb/v7e-m+fp/hard\libpic32c.a(pic32_data_init_copy.o)

.debug_loc      0x0000000000000000     0x37bb
 .debug_loc     0x0000000000000000      0x8e1 build/default/debug/_ext/1865161661/plib_dmac.o
 .debug_loc     0x00000000000008e1      0x2f1 build/default/debug/_ext/1865468468/plib_nvic.o
 .debug_loc     0x0000000000000bd2      0x83e build/default/debug/_ext/1593096446/plib_nvmctrl.o
 .debug_loc     0x0000000000001410      0x23d build/default/debug/_ext/1865521619/plib_port.o
 .debug_loc     0x000000000000164d      0x6ae build/default/debug/_ext/17022449/plib_sercom1_spi_master.o
 .debug_loc     0x0000000000001cfb      0x331 build/default/debug/_ext/1827571544/plib_systick.o
 .debug_loc     0x000000000000202c       0x74 build/default/debug/_ext/829342655/plib_tc0.o
 .debug_loc     0x00000000000020a0       0x45 build/default/debug/_ext/1171490990/initialization.o
 .debug_loc     0x00000000000020e5       0x4a build/default/debug/_ext/1171490990/startup_xc32.o
 .debug_loc     0x000000000000212f      0x18b build/default/debug/_ext/1360937237/main.o
 .debug_loc     0x00000000000022ba     0x12e8 build/default/debug/_ext/1360937237/neopixel.o
 .debug_loc     0x00000000000035a2      0x1a0 build/default/debug/_ext/1360937237/dsun_sensor.o
 .debug_loc     0x0000000000003742       0x14 c:/program files/microchip/xc32/v4.60/bin/bin/../../lib/gcc/pic32c/8.3.1/../../../../pic32c/lib/thumb/v7e-m+fp/hard\libpic32c.a(data_init.o)
 .debug_loc     0x0000000000003756       0x51 c:/program files/microchip/xc32/v4.60/bin/bin/../../lib/gcc/pic32c/8.3.1/../../../../pic32c/lib/thumb/v7e-m+fp/hard\libg-musl.a(__libc_start_main.o)
 .debug_loc     0x00000000000037a7       0x14 c:/program files/microchip/xc32/v4.60/bin/bin/../../lib/gcc/pic32c/8.3.1/../../../../pic32c/lib/thumb/v7e-m+fp/hard\libpic32c.a(pic32_data_init_copy.o)

.note.GNU-stack
                0x0000000000000000        0x0
 .note.GNU-stack
                0x0000000000000000        0x0 c:/program files/microchip/xc32/v4.60/bin/bin/../../lib/gcc/pic32c/8.3.1/../../../../pic32c/lib/thumb/v7e-m+fp/hard\libg-musl.a(__libc_start_main.o)
 .note.GNU-stack
                0x0000000000000000        0x0 c:/program files/microchip/xc32/v4.60/bin/bin/../../lib/gcc/pic32c/8.3.1/../../../../pic32c/lib/thumb/v7e-m+fp/hard\libg-musl.a(libc.o)
 .note.GNU-stack
                0x0000000000000000        0x0 c:/program files/microchip/xc32/v4.60/bin/bin/../../lib/gcc/pic32c/8.3.1/../../../../pic32c/lib/thumb/v7e-m+fp/hard\libg-musl.a(__environ.o)

.stack          0x0000000020001090      0x100
 .stack         0x0000000020001090      0x100 stack

.bss.neopixel_buffer%1
                0x0000000020000000      0xd80
 .bss.neopixel_buffer
                0x0000000020000000      0xd80 build/default/debug/_ext/1360937237/neopixel.o
                0x0000000020000000                neopixel_buffer

.bss%2          0x0000000020000d80       0x50
 .bss           0x0000000020000d80       0x50 c:/program files/microchip/xc32/v4.60/bin/bin/../../lib/gcc/pic32c/8.3.1/../../../../pic32c/lib/thumb/v7e-m+fp/hard\libg-musl.a(libc.o)
                0x0000000020000d80                __progname_full
                0x0000000020000d80                program_invocation_name
                0x0000000020000d84                program_invocation_short_name
                0x0000000020000d84                __progname
                0x0000000020000d88                __sysinfo
                0x0000000020000d8c                __hwcap
                0x0000000020000d90                __libc

.bss.sercom1SPIObj%3
                0x0000000020000dd0       0x2c
 .bss.sercom1SPIObj
                0x0000000020000dd0       0x2c build/default/debug/_ext/17022449/plib_sercom1_spi_master.o

.bss%4          0x0000000020000dfc       0x1c
 .bss           0x0000000020000dfc       0x1c c:/program files/microchip/xc32/v4.60/bin/bin/../../lib/gcc/pic32c/8.3.1/thumb/v7e-m+fp/hard/crtbegin.o

.bss.descriptor_section%5
                0x0000000020000e18       0x10
 .bss.descriptor_section
                0x0000000020000e18       0x10 build/default/debug/_ext/1865161661/plib_dmac.o

.bss.dmacChannelObj%6
                0x0000000020000e28       0x10
 .bss.dmacChannelObj
                0x0000000020000e28       0x10 build/default/debug/_ext/1865161661/plib_dmac.o

.bss.write_back_section%7
                0x0000000020000e38       0x10
 .bss.write_back_section
                0x0000000020000e38       0x10 build/default/debug/_ext/1865161661/plib_dmac.o

.bss.systick%8  0x0000000020000e48        0xc
 .bss.systick   0x0000000020000e48        0xc build/default/debug/_ext/1827571544/plib_systick.o

.bss.TC0_CallbackObject%9
                0x0000000020000e54        0x8
 .bss.TC0_CallbackObject
                0x0000000020000e54        0x8 build/default/debug/_ext/829342655/plib_tc0.o

.bss.last_change_time%10
                0x0000000020000e5c        0x4
 .bss.last_change_time
                0x0000000020000e5c        0x4 build/default/debug/_ext/1360937237/dsun_sensor.o

.bss.time_counter.8513%11
                0x0000000020000e60        0x4
 .bss.time_counter.8513
                0x0000000020000e60        0x4 build/default/debug/_ext/1360937237/dsun_sensor.o

.bss%12         0x0000000020000e64        0x4
 .bss           0x0000000020000e64        0x4 c:/program files/microchip/xc32/v4.60/bin/bin/../../lib/gcc/pic32c/8.3.1/../../../../pic32c/lib/thumb/v7e-m+fp/hard\libpic32c.a(data_init.o)

.bss%13         0x0000000020000e68        0x4
 .bss           0x0000000020000e68        0x4 c:/program files/microchip/xc32/v4.60/bin/bin/../../lib/gcc/pic32c/8.3.1/../../../../pic32c/lib/thumb/v7e-m+fp/hard\libg-musl.a(__environ.o)
                0x0000000020000e68                __environ
                0x0000000020000e68                environ
                0x0000000020000e68                ___environ
                0x0000000020000e68                _environ

.bss.isLastByteTransferInProgress.8069%14
                0x0000000020000e6c        0x1
 .bss.isLastByteTransferInProgress.8069
                0x0000000020000e6c        0x1 build/default/debug/_ext/17022449/plib_sercom1_spi_master.o

.bss.dma_complete%15
                0x0000000020000e6d        0x1
 .bss.dma_complete
                0x0000000020000e6d        0x1 build/default/debug/_ext/1360937237/neopixel.o
                0x0000000020000e6d                dma_complete

.bss.sensor_initialized%16
                0x0000000020000e6e        0x1
 .bss.sensor_initialized
                0x0000000020000e6e        0x1 build/default/debug/_ext/1360937237/dsun_sensor.o

.data.current_state%17
                0x0000000020000e6f        0x1
 .data.current_state
                0x0000000020000e6f        0x1 build/default/debug/_ext/1360937237/dsun_sensor.o

.data.previous_state%18
                0x0000000020000e70        0x1
 .data.previous_state
                0x0000000020000e70        0x1 build/default/debug/_ext/1360937237/dsun_sensor.o

.eh_frame%z1    0x0000000000000000        0x0
 .eh_frame      0x0000000000000000        0x0 c:/program files/microchip/xc32/v4.60/bin/bin/../../lib/gcc/pic32c/8.3.1/thumb/v7e-m+fp/hard/crtbegin.o

.config_00804000.__config_00804000%19
                0x0000000000804000        0x4
 .config_00804000.__config_00804000
                0x0000000000804000        0x4 build/default/debug/_ext/1171490990/initialization.o
                0x0000000000804000                __config_00804000

.config_00804004.__config_00804004%20
                0x0000000000804004        0x4
 .config_00804004.__config_00804004
                0x0000000000804004        0x4 build/default/debug/_ext/1171490990/initialization.o
                0x0000000000804004                __config_00804004

.config_00804008.__config_00804008%21
                0x0000000000804008        0x4
 .config_00804008.__config_00804008
                0x0000000000804008        0x4 build/default/debug/_ext/1171490990/initialization.o
                0x0000000000804008                __config_00804008

.text.SERCOM1_SPI_InterruptHandler%22
                0x0000000000000280      0x158
 .text.SERCOM1_SPI_InterruptHandler
                0x0000000000000280      0x158 build/default/debug/_ext/17022449/plib_sercom1_spi_master.o
                0x0000000000000280                SERCOM1_SPI_InterruptHandler

.text.CLOCK_Initialize%23
                0x00000000000003d8      0x100
 .text.CLOCK_Initialize
                0x00000000000003d8      0x100 build/default/debug/_ext/1984496892/plib_clock.o
                0x00000000000003d8                CLOCK_Initialize

.text.DMAC_ChannelTransfer%24
                0x00000000000004d8       0xe8
 .text.DMAC_ChannelTransfer
                0x00000000000004d8       0xe8 build/default/debug/_ext/1865161661/plib_dmac.o
                0x00000000000004d8                DMAC_ChannelTransfer

.text.neopixel_send_data%25
                0x00000000000005c0       0xbc
 .text.neopixel_send_data
                0x00000000000005c0       0xbc build/default/debug/_ext/1360937237/neopixel.o
                0x00000000000005c0                neopixel_send_data

.text.gradient_green_white_purple%26
                0x000000000000067c       0xb4
 .text.gradient_green_white_purple
                0x000000000000067c       0xb4 build/default/debug/_ext/1360937237/neopixel.o
                0x000000000000067c                gradient_green_white_purple

.dinit%27       0x0000000000000730       0xb0
 .dinit         0x0000000000000730       0xb0 data_init

.text.Reset_Handler%28
                0x00000000000007e0       0x8c
 .text.Reset_Handler
                0x00000000000007e0       0x8c build/default/debug/_ext/1171490990/startup_xc32.o
                0x00000000000007e0                Reset_Handler

.text.NVIC_Initialize%29
                0x000000000000086c       0x88
 .text.NVIC_Initialize
                0x000000000000086c       0x88 build/default/debug/_ext/1865468468/plib_nvic.o
                0x000000000000086c                NVIC_Initialize

.text.DMAC_channel_interruptHandler%30
                0x00000000000008f4       0x84
 .text.DMAC_channel_interruptHandler
                0x00000000000008f4       0x84 build/default/debug/_ext/1865161661/plib_dmac.o

.text.set_led_color%31
                0x0000000000000978       0x80
 .text.set_led_color
                0x0000000000000978       0x80 build/default/debug/_ext/1360937237/neopixel.o
                0x0000000000000978                set_led_color

.text.main%32   0x00000000000009f8       0x64
 .text.main     0x00000000000009f8       0x64 build/default/debug/_ext/1360937237/main.o
                0x00000000000009f8                main

.text.dsun_get_state%33
                0x0000000000000a5c       0x64
 .text.dsun_get_state
                0x0000000000000a5c       0x64 build/default/debug/_ext/1360937237/dsun_sensor.o
                0x0000000000000a5c                dsun_get_state

.text.__libc_start_init%34
                0x0000000000000ac0       0x5c
 .text.__libc_start_init
                0x0000000000000ac0       0x5c c:/program files/microchip/xc32/v4.60/bin/bin/../../lib/gcc/pic32c/8.3.1/../../../../pic32c/lib/thumb/v7e-m+fp/hard\libg-musl.a(__libc_start_main.o)
                0x0000000000000ac0                __libc_init_array

.text.DMAC_Initialize%35
                0x0000000000000b1c       0x58
 .text.DMAC_Initialize
                0x0000000000000b1c       0x58 build/default/debug/_ext/1865161661/plib_dmac.o
                0x0000000000000b1c                DMAC_Initialize

.text.TC0_TimerInitialize%36
                0x0000000000000b74       0x44
 .text.TC0_TimerInitialize
                0x0000000000000b74       0x44 build/default/debug/_ext/829342655/plib_tc0.o
                0x0000000000000b74                TC0_TimerInitialize

.text%37        0x0000000000000bb8       0x40
 .text          0x0000000000000bb8       0x40 c:/program files/microchip/xc32/v4.60/bin/bin/../../lib/gcc/pic32c/8.3.1/thumb/v7e-m+fp/hard/crtbegin.o

.text.PORT_Initialize%38
                0x0000000000000bf8       0x38
 .text.PORT_Initialize
                0x0000000000000bf8       0x38 build/default/debug/_ext/1865521619/plib_port.o
                0x0000000000000bf8                PORT_Initialize

.text.__pic32c_data_initialization%39
                0x0000000000000c30       0x38
 .text.__pic32c_data_initialization
                0x0000000000000c30       0x38 c:/program files/microchip/xc32/v4.60/bin/bin/../../lib/gcc/pic32c/8.3.1/../../../../pic32c/lib/thumb/v7e-m+fp/hard\libpic32c.a(data_init.o)
                0x0000000000000c30                __pic32c_data_initialization

.text.SERCOM1_SPI_Initialize%40
                0x0000000000000c68       0x34
 .text.SERCOM1_SPI_Initialize
                0x0000000000000c68       0x34 build/default/debug/_ext/17022449/plib_sercom1_spi_master.o
                0x0000000000000c68                SERCOM1_SPI_Initialize

.text.dsun_sensor_init%41
                0x0000000000000c9c       0x30
 .text.dsun_sensor_init
                0x0000000000000c9c       0x30 build/default/debug/_ext/1360937237/dsun_sensor.o
                0x0000000000000c9c                dsun_sensor_init

.text.TC0_TimerInterruptHandler%42
                0x0000000000000ccc       0x2c
 .text.TC0_TimerInterruptHandler
                0x0000000000000ccc       0x2c build/default/debug/_ext/829342655/plib_tc0.o
                0x0000000000000ccc                TC0_TimerInterruptHandler

.text.SYS_Initialize%43
                0x0000000000000cf8       0x2c
 .text.SYS_Initialize
                0x0000000000000cf8       0x2c build/default/debug/_ext/1171490990/initialization.o
                0x0000000000000cf8                SYS_Initialize

.text.TC0_Timer32bitCounterGet%44
                0x0000000000000d24       0x28
 .text.TC0_Timer32bitCounterGet
                0x0000000000000d24       0x28 build/default/debug/_ext/829342655/plib_tc0.o
                0x0000000000000d24                TC0_Timer32bitCounterGet

.text.SYSTICK_TimerInitialize%45
                0x0000000000000d4c       0x24
 .text.SYSTICK_TimerInitialize
                0x0000000000000d4c       0x24 build/default/debug/_ext/1827571544/plib_systick.o
                0x0000000000000d4c                SYSTICK_TimerInitialize

.text.SysTick_Handler%46
                0x0000000000000d70       0x24
 .text.SysTick_Handler
                0x0000000000000d70       0x24 build/default/debug/_ext/1827571544/plib_systick.o
                0x0000000000000d70                SysTick_Handler

.text.__dinit_copy%47
                0x0000000000000d94       0x1e
 .text.__dinit_copy
                0x0000000000000d94       0x1e c:/program files/microchip/xc32/v4.60/bin/bin/../../lib/gcc/pic32c/8.3.1/../../../../pic32c/lib/thumb/v7e-m+fp/hard\libpic32c.a(pic32_data_init_copy.o)
                0x0000000000000d94                __dinit_copy_needed
                0x0000000000000d94                __dinit_copy

.text.clear_all_leds%48
                0x0000000000000db2       0x1a
 .text.clear_all_leds
                0x0000000000000db2       0x1a build/default/debug/_ext/1360937237/neopixel.o
                0x0000000000000db2                clear_all_leds

.text.TC0_TimerStart%49
                0x0000000000000dcc       0x18
 .text.TC0_TimerStart
                0x0000000000000dcc       0x18 build/default/debug/_ext/829342655/plib_tc0.o
                0x0000000000000dcc                TC0_TimerStart

.text.TC0_TimerStop%50
                0x0000000000000de4       0x18
 .text.TC0_TimerStop
                0x0000000000000de4       0x18 build/default/debug/_ext/829342655/plib_tc0.o
                0x0000000000000de4                TC0_TimerStop

.text.delay_microseconds%51
                0x0000000000000dfc       0x18
 .text.delay_microseconds
                0x0000000000000dfc       0x18 build/default/debug/_ext/1360937237/neopixel.o

.text.SYSTICK_TimerStart%52
                0x0000000000000e14       0x14
 .text.SYSTICK_TimerStart
                0x0000000000000e14       0x14 build/default/debug/_ext/1827571544/plib_systick.o
                0x0000000000000e14                SYSTICK_TimerStart

.text.seconds%53
                0x0000000000000e28       0x14
 .text.seconds  0x0000000000000e28       0x14 build/default/debug/_ext/1360937237/main.o
                0x0000000000000e28                seconds

.text.DMA_0_Callback%54
                0x0000000000000e3c       0x14
 .text.DMA_0_Callback
                0x0000000000000e3c       0x14 build/default/debug/_ext/1360937237/neopixel.o
                0x0000000000000e3c                DMA_0_Callback

.text.neopixel_init%55
                0x0000000000000e50       0x14
 .text.neopixel_init
                0x0000000000000e50       0x14 build/default/debug/_ext/1360937237/neopixel.o
                0x0000000000000e50                neopixel_init

.text.dsun_read_raw%56
                0x0000000000000e64       0x14
 .text.dsun_read_raw
                0x0000000000000e64       0x14 build/default/debug/_ext/1360937237/dsun_sensor.o
                0x0000000000000e64                dsun_read_raw

.rodata%57      0x0000000000000e78       0x14
 .rodata        0x0000000000000e78       0x14 c:/program files/microchip/xc32/v4.60/bin/bin/../../lib/gcc/pic32c/8.3.1/../../../../pic32c/lib/thumb/v7e-m+fp/hard\libpic32c.a(data_init.o)

.text.__dinit_clear%58
                0x0000000000000e8c       0x12
 .text.__dinit_clear
                0x0000000000000e8c       0x12 c:/program files/microchip/xc32/v4.60/bin/bin/../../lib/gcc/pic32c/8.3.1/../../../../pic32c/lib/thumb/v7e-m+fp/hard\libpic32c.a(pic32_data_init_clear.o)
                0x0000000000000e8c                __dinit_clear
                0x0000000000000e8c                __dinit_clear_needed

.text.DMAC_ChannelCallbackRegister%59
                0x0000000000000ea0       0x10
 .text.DMAC_ChannelCallbackRegister
                0x0000000000000ea0       0x10 build/default/debug/_ext/1865161661/plib_dmac.o
                0x0000000000000ea0                DMAC_ChannelCallbackRegister

.text.NVMCTRL_Initialize%60
                0x0000000000000eb0       0x10
 .text.NVMCTRL_Initialize
                0x0000000000000eb0       0x10 build/default/debug/_ext/1593096446/plib_nvmctrl.o
                0x0000000000000eb0                NVMCTRL_Initialize

.text.SYSTICK_GetTickCounter%61
                0x0000000000000ec0        0xc
 .text.SYSTICK_GetTickCounter
                0x0000000000000ec0        0xc build/default/debug/_ext/1827571544/plib_systick.o
                0x0000000000000ec0                SYSTICK_GetTickCounter

.text.DMAC_0_InterruptHandler%62
                0x0000000000000ecc        0xa
 .text.DMAC_0_InterruptHandler
                0x0000000000000ecc        0xa build/default/debug/_ext/1865161661/plib_dmac.o
                0x0000000000000ecc                DMAC_0_InterruptHandler

.text.PORT_GroupRead%63
                0x0000000000000ed6        0x4
 .text.PORT_GroupRead
                0x0000000000000ed6        0x4 build/default/debug/_ext/1865521619/plib_port.o
                0x0000000000000ed6                PORT_GroupRead

.text.PORT_GroupToggle%64
                0x0000000000000eda        0x4
 .text.PORT_GroupToggle
                0x0000000000000eda        0x4 build/default/debug/_ext/1865521619/plib_port.o
                0x0000000000000eda                PORT_GroupToggle

.text.Dummy_Handler%65
                0x0000000000000ede        0x4
 .text.Dummy_Handler
                0x0000000000000ede        0x4 build/default/debug/_ext/1171490990/interrupts.o
                0x0000000000000ede                EIC_EXTINT_9_Handler
                0x0000000000000ede                TCC0_MC5_Handler
                0x0000000000000ede                SVCall_Handler
                0x0000000000000ede                SERCOM0_2_Handler
                0x0000000000000ede                USB_SOF_HSOF_Handler
                0x0000000000000ede                TCC4_OTHER_Handler
                0x0000000000000ede                TCC2_MC2_Handler
                0x0000000000000ede                EVSYS_0_Handler
                0x0000000000000ede                TRNG_Handler
                0x0000000000000ede                TC2_Handler
                0x0000000000000ede                USB_TRCPT0_Handler
                0x0000000000000ede                DAC_OTHER_Handler
                0x0000000000000ede                AC_Handler
                0x0000000000000ede                DAC_EMPTY_0_Handler
                0x0000000000000ede                DMAC_OTHER_Handler
                0x0000000000000ede                EIC_EXTINT_5_Handler
                0x0000000000000ede                SERCOM3_1_Handler
                0x0000000000000ede                SERCOM4_OTHER_Handler
                0x0000000000000ede                SERCOM3_2_Handler
                0x0000000000000ede                EIC_EXTINT_6_Handler
                0x0000000000000ede                PendSV_Handler
                0x0000000000000ede                TCC4_MC0_Handler
                0x0000000000000ede                EVSYS_3_Handler
                0x0000000000000ede                QSPI_Handler
                0x0000000000000ede                TCC2_MC0_Handler
                0x0000000000000ede                PDEC_OTHER_Handler
                0x0000000000000ede                TCC3_MC0_Handler
                0x0000000000000ede                PDEC_MC1_Handler
                0x0000000000000ede                TCC2_MC1_Handler
                0x0000000000000ede                OSCCTRL_XOSC1_Handler
                0x0000000000000ede                PDEC_MC0_Handler
                0x0000000000000ede                EIC_EXTINT_4_Handler
                0x0000000000000ede                EIC_EXTINT_7_Handler
                0x0000000000000ede                SERCOM0_OTHER_Handler
                0x0000000000000ede                EVSYS_OTHER_Handler
                0x0000000000000ede                SERCOM0_0_Handler
                0x0000000000000ede                RTC_Handler
                0x0000000000000ede                SERCOM4_0_Handler
                0x0000000000000ede                TCC1_MC0_Handler
                0x0000000000000ede                TCC2_OTHER_Handler
                0x0000000000000ede                EIC_EXTINT_11_Handler
                0x0000000000000ede                SUPC_BODDET_Handler
                0x0000000000000ede                EIC_EXTINT_14_Handler
                0x0000000000000ede                OSC32KCTRL_Handler
                0x0000000000000ede                EVSYS_1_Handler
                0x0000000000000ede                TCC4_MC1_Handler
                0x0000000000000ede                SUPC_OTHER_Handler
                0x0000000000000ede                WDT_Handler
                0x0000000000000ede                CAN0_Handler
                0x0000000000000ede                EIC_EXTINT_15_Handler
                0x0000000000000ede                EIC_EXTINT_1_Handler
                0x0000000000000ede                TCC3_MC1_Handler
                0x0000000000000ede                SERCOM5_0_Handler
                0x0000000000000ede                TC4_Handler
                0x0000000000000ede                TC1_Handler
                0x0000000000000ede                TCC1_MC1_Handler
                0x0000000000000ede                EIC_EXTINT_0_Handler
                0x0000000000000ede                TCC1_OTHER_Handler
                0x0000000000000ede                PAC_Handler
                0x0000000000000ede                SERCOM4_1_Handler
                0x0000000000000ede                TC3_Handler
                0x0000000000000ede                Dummy_Handler
                0x0000000000000ede                DAC_RESRDY_0_Handler
                0x0000000000000ede                SERCOM5_1_Handler
                0x0000000000000ede                DMAC_2_Handler
                0x0000000000000ede                TCC0_MC4_Handler
                0x0000000000000ede                USB_TRCPT1_Handler
                0x0000000000000ede                SERCOM0_1_Handler
                0x0000000000000ede                TCC0_MC3_Handler
                0x0000000000000ede                EIC_EXTINT_12_Handler
                0x0000000000000ede                OSCCTRL_DPLL0_Handler
                0x0000000000000ede                SERCOM5_OTHER_Handler
                0x0000000000000ede                PM_Handler
                0x0000000000000ede                OSCCTRL_DFLL_Handler
                0x0000000000000ede                DAC_RESRDY_1_Handler
                0x0000000000000ede                DMAC_1_Handler
                0x0000000000000ede                USB_OTHER_Handler
                0x0000000000000ede                CAN1_Handler
                0x0000000000000ede                TCC0_OTHER_Handler
                0x0000000000000ede                EIC_EXTINT_10_Handler
                0x0000000000000ede                TCC1_MC3_Handler
                0x0000000000000ede                OSCCTRL_XOSC0_Handler
                0x0000000000000ede                TCC0_MC0_Handler
                0x0000000000000ede                EIC_EXTINT_2_Handler
                0x0000000000000ede                SDHC0_Handler
                0x0000000000000ede                I2S_Handler
                0x0000000000000ede                PCC_Handler
                0x0000000000000ede                TCC3_OTHER_Handler
                0x0000000000000ede                EIC_EXTINT_13_Handler
                0x0000000000000ede                PUKCC_Handler
                0x0000000000000ede                SERCOM2_1_Handler
                0x0000000000000ede                SERCOM3_0_Handler
                0x0000000000000ede                SERCOM4_2_Handler
                0x0000000000000ede                TCC1_MC2_Handler
                0x0000000000000ede                ADC1_RESRDY_Handler
                0x0000000000000ede                NVMCTRL_1_Handler
                0x0000000000000ede                SERCOM5_2_Handler
                0x0000000000000ede                SERCOM2_2_Handler
                0x0000000000000ede                DAC_EMPTY_1_Handler
                0x0000000000000ede                ADC1_OTHER_Handler
                0x0000000000000ede                OSCCTRL_DPLL1_Handler
                0x0000000000000ede                EIC_EXTINT_3_Handler
                0x0000000000000ede                SERCOM3_OTHER_Handler
                0x0000000000000ede                EIC_EXTINT_8_Handler
                0x0000000000000ede                NVMCTRL_0_Handler
                0x0000000000000ede                ADC0_RESRDY_Handler
                0x0000000000000ede                ADC0_OTHER_Handler
                0x0000000000000ede                MCLK_Handler
                0x0000000000000ede                EVSYS_2_Handler
                0x0000000000000ede                SERCOM2_OTHER_Handler
                0x0000000000000ede                FREQM_Handler
                0x0000000000000ede                TCC0_MC1_Handler
                0x0000000000000ede                DMAC_3_Handler
                0x0000000000000ede                RAMECC_Handler
                0x0000000000000ede                TC5_Handler
                0x0000000000000ede                SERCOM2_0_Handler
                0x0000000000000ede                AES_Handler
                0x0000000000000ede                ICM_Handler
                0x0000000000000ede                TCC0_MC2_Handler

.text.NonMaskableInt_Handler%66
                0x0000000000000ee2        0x4
 .text.NonMaskableInt_Handler
                0x0000000000000ee2        0x4 build/default/debug/_ext/1171490990/exceptions.o
                0x0000000000000ee2                NonMaskableInt_Handler

.text.HardFault_Handler%67
                0x0000000000000ee6        0x4
 .text.HardFault_Handler
                0x0000000000000ee6        0x4 build/default/debug/_ext/1171490990/exceptions.o
                0x0000000000000ee6                HardFault_Handler

.text.DebugMonitor_Handler%68
                0x0000000000000eea        0x4
 .text.DebugMonitor_Handler
                0x0000000000000eea        0x4 build/default/debug/_ext/1171490990/exceptions.o
                0x0000000000000eea                DebugMonitor_Handler

.text.MemoryManagement_Handler%69
                0x0000000000000eee        0x4
 .text.MemoryManagement_Handler
                0x0000000000000eee        0x4 build/default/debug/_ext/1171490990/exceptions.o
                0x0000000000000eee                MemoryManagement_Handler

.text.BusFault_Handler%70
                0x0000000000000ef2        0x4
 .text.BusFault_Handler
                0x0000000000000ef2        0x4 build/default/debug/_ext/1171490990/exceptions.o
                0x0000000000000ef2                BusFault_Handler

.text.UsageFault_Handler%71
                0x0000000000000ef6        0x4
 .text.UsageFault_Handler
                0x0000000000000ef6        0x4 build/default/debug/_ext/1171490990/exceptions.o
                0x0000000000000ef6                UsageFault_Handler

.text.__dummy_decompress%72
                0x0000000000000efa        0x4
 .text.__dummy_decompress
                0x0000000000000efa        0x4 c:/program files/microchip/xc32/v4.60/bin/bin/../../lib/gcc/pic32c/8.3.1/../../../../pic32c/lib/thumb/v7e-m+fp/hard\libpic32c.a(data_init.o)
                0x0000000000000efa                __dinit_decompress
                0x0000000000000efa                __dinit_copy_val_data
                0x0000000000000efa                __dinit_copy_emb

.text.EVSYS_Initialize%73
                0x0000000000000e9e        0x2
 .text.EVSYS_Initialize
                0x0000000000000e9e        0x2 build/default/debug/_ext/1986646378/plib_evsys.o
                0x0000000000000e9e                EVSYS_Initialize

.text.TRNG_Initialize%74
                0x0000000000000efe        0x2
 .text.TRNG_Initialize
                0x0000000000000efe        0x2 build/default/debug/_ext/1865643529/plib_trng.o
                0x0000000000000efe                TRNG_Initialize

.text.Dummy_App_Func%75
                0x0000000000000f00        0x2
 .text.Dummy_App_Func
                0x0000000000000f00        0x2 build/default/debug/_ext/1171490990/startup_xc32.o
                0x0000000000000f00                _on_reset
                0x0000000000000f00                _on_bootstrap
                0x0000000000000f00                __xc32_on_reset
                0x0000000000000f00                Dummy_App_Func
                0x0000000000000f00                __xc32_on_bootstrap

.text.__dummy_init_tls%76
                0x0000000000000f02        0x2
 .text.__dummy_init_tls
                0x0000000000000f02        0x2 c:/program files/microchip/xc32/v4.60/bin/bin/../../lib/gcc/pic32c/8.3.1/../../../../pic32c/lib/thumb/v7e-m+fp/hard\libpic32c.a(data_init.o)
                0x0000000000000f02                xc32_init_tls

.text.__dummy%77
                0x0000000000000f04        0x2
 .text.__dummy  0x0000000000000f04        0x2 c:/program files/microchip/xc32/v4.60/bin/bin/../../lib/gcc/pic32c/8.3.1/../../../../pic32c/lib/thumb/v7e-m+fp/hard\libg-musl.a(__libc_start_main.o)
                0x0000000000000f04                __init_stdio
                0x0000000000000f04                __init_host
