Archive member included to satisfy reference by file (symbol)

c:/program files/microchip/xc32/v4.60/bin/bin/../../lib/gcc/pic32c/8.3.1/../../../../pic32c/lib/thumb/v7e-m+fp/hard\libpic32c.a(data_init.o)
                              build/default/debug/_ext/1171490990/startup_xc32.o (__pic32c_data_initialization)
c:/program files/microchip/xc32/v4.60/bin/bin/../../lib/gcc/pic32c/8.3.1/../../../../pic32c/lib/thumb/v7e-m+fp/hard\libc-size-musl.a(memcpy.o)
                              build/default/debug/_ext/1593096446/plib_nvmctrl.o (memcpy)
c:/program files/microchip/xc32/v4.60/bin/bin/../../lib/gcc/pic32c/8.3.1/../../../../pic32c/lib/thumb/v7e-m+fp/hard\libg-musl.a(__libc_start_main.o)
                              build/default/debug/_ext/1171490990/startup_xc32.o (__libc_init_array)
c:/program files/microchip/xc32/v4.60/bin/bin/../../lib/gcc/pic32c/8.3.1/../../../../pic32c/lib/thumb/v7e-m+fp/hard\libg-musl.a(libc.o)
                              c:/program files/microchip/xc32/v4.60/bin/bin/../../lib/gcc/pic32c/8.3.1/../../../../pic32c/lib/thumb/v7e-m+fp/hard\libg-musl.a(__libc_start_main.o) (__progname_full)
c:/program files/microchip/xc32/v4.60/bin/bin/../../lib/gcc/pic32c/8.3.1/../../../../pic32c/lib/thumb/v7e-m+fp/hard\libg-musl.a(__environ.o)
                              c:/program files/microchip/xc32/v4.60/bin/bin/../../lib/gcc/pic32c/8.3.1/../../../../pic32c/lib/thumb/v7e-m+fp/hard\libg-musl.a(__libc_start_main.o) (__environ)
c:/program files/microchip/xc32/v4.60/bin/bin/../../lib/gcc/pic32c/8.3.1/../../../../pic32c/lib/thumb/v7e-m+fp/hard\libpic32c.a(pic32_data_init_clear.o)
                              (__dinit_clear_needed)
c:/program files/microchip/xc32/v4.60/bin/bin/../../lib/gcc/pic32c/8.3.1/../../../../pic32c/lib/thumb/v7e-m+fp/hard\libpic32c.a(pic32_data_init_copy.o)
                              (__dinit_copy_needed)

Microchip PIC32 Memory-Usage Report

ROM Program-Memory Usage
section                    address  length [bytes]      (dec)  Description
-------                 ----------  -------------------------  -----------
.vectors                         0          0x260         608   
.text                        0x260           0x20          32  App's exec code 
.text.CLOCK_Initialize       0x280          0x164         356   
.text.DMAC_ChannelTrans      0x3e4           0xe8         232   
.text.Reset_Handler          0x4cc           0x8c         140   
.text.set_led_color_tcc      0x558           0x88         136   
.text.DMAC_channel_inte      0x5e0           0x84         132   
.dinit                       0x664           0x70         112   
.text.test_neopixel_pat      0x6d4           0x60          96   
.text.__libc_start_init      0x734           0x5c          92   
.text.DMAC_Initialize        0x790           0x58          88   
.text.NVIC_Initialize        0x7e8           0x54          84   
.text.PORT_Initialize        0x83c           0x54          84   
.text.TCC0_PWMInitializ      0x890           0x50          80   
.text.neopixel_send_tcc      0x8e0           0x48          72   
.text                        0x928           0x40          64  App's exec code 
.text.SYSTICK_DelayMs        0x968           0x40          64   
.text.SYSTICK_DelayUs        0x9a8           0x40          64   
.text.__pic32c_data_ini      0x9e8           0x38          56   
.text.SYS_Initialize         0xa20           0x28          40   
.text.SYSTICK_TimerInit      0xa48           0x24          36   
.text.SysTick_Handler        0xa6c           0x24          36   
.text.neopixel_init          0xa90           0x20          32   
.text.__dinit_copy           0xab0           0x1e          30   
.text.TRNG_Initialize        0xace            0x2           2   
.text.TCC0_PWMStart          0xad0           0x18          24   
.text.TCC0_PWMStop           0xae8           0x18          24   
.text.TCC0_PWMForceUpda      0xb00           0x18          24   
.text.EVSYS_Initialize       0xb18           0x14          20   
.text.SYSTICK_TimerStar      0xb2c           0x14          20   
.text.main                   0xb40           0x14          20   
.text.NeoPixel_DMA_Call      0xb54           0x14          20   
.rodata                      0xb68           0x14          20  Read-only const 
.text.__dinit_clear          0xb7c           0x12          18   
.text.Dummy_App_Func         0xb8e            0x2           2   
.text.DMAC_ChannelCallb      0xb90           0x10          16   
.text.NVMCTRL_Initializ      0xba0           0x10          16   
.text.DMAC_0_InterruptH      0xbb0            0xa          10   
.text.PORT_GroupToggle       0xbba            0x4           4   
.text.Dummy_Handler          0xbbe            0x4           4   
.text.NonMaskableInt_Ha      0xbc2            0x4           4   
.text.HardFault_Handler      0xbc6            0x4           4   
.text.DebugMonitor_Hand      0xbca            0x4           4   
.text.MemoryManagement_      0xbce            0x4           4   
[...]
Memory Configuration

Name             Origin             Length             Attributes
rom              0x0000000000000000 0x0000000000100000 xrl
ram              0x0000000020000000 0x0000000000040000 xw !r
tcm              0x0000000003000000 0x0000000000000000 xw
bkupram          0x0000000047000000 0x0000000000002000
config_00804000  0x0000000000804000 0x0000000000000004
config_00804004  0x0000000000804004 0x0000000000000004
config_00804008  0x0000000000804008 0x0000000000000004
*default*        0x0000000000000000 0xffffffffffffffff

Linker script and memory map

LOAD c:/program files/microchip/xc32/v4.60/bin/bin/../../lib/gcc/pic32c/8.3.1/thumb/v7e-m+fp/hard/crti.o
LOAD c:/program files/microchip/xc32/v4.60/bin/bin/../../lib/gcc/pic32c/8.3.1/thumb/v7e-m+fp/hard/crtbegin.o
LOAD build/default/debug/_ext/1984496892/plib_clock.o
LOAD build/default/debug/_ext/1865131932/plib_cmcc.o
LOAD build/default/debug/_ext/1865161661/plib_dmac.o
LOAD build/default/debug/_ext/1986646378/plib_evsys.o
LOAD build/default/debug/_ext/1865468468/plib_nvic.o
LOAD build/default/debug/_ext/1593096446/plib_nvmctrl.o
LOAD build/default/debug/_ext/1865521619/plib_port.o
LOAD build/default/debug/_ext/1827571544/plib_systick.o
LOAD build/default/debug/_ext/60181570/plib_tcc0.o
LOAD build/default/debug/_ext/1865643529/plib_trng.o
LOAD build/default/debug/_ext/163028504/xc32_monitor.o
LOAD build/default/debug/_ext/1171490990/initialization.o
LOAD build/default/debug/_ext/1171490990/interrupts.o
LOAD build/default/debug/_ext/1171490990/exceptions.o
LOAD build/default/debug/_ext/1171490990/startup_xc32.o
LOAD build/default/debug/_ext/1171490990/libc_syscalls.o
LOAD build/default/debug/_ext/1360937237/main.o
LOAD build/default/debug/_ext/1360937237/neopixel.o
LOAD build/default/debug/_ext/1360937237/dsun_sensor.o
                0x0000000000000001                __MPLAB_BUILD = 0x1
                0x0000000000100000                __rom_end = (ORIGIN (rom) + LENGTH (rom))
                0x0000000020040000                __ram_end = (ORIGIN (ram) + LENGTH (ram))

.config_00804000
 *(.config_00804000)

.config_00804004
 *(.config_00804004)

.config_00804008
 *(.config_00804008)

.vectors        0x0000000000000000      0x260
                0x0000000000000000                . = ALIGN (0x4)
                0x0000000000000000                _sfixed = .
 *(.vectors .vectors.* .vectors_default .vectors_default.*)
 .vectors.exception_table
                0x0000000000000000      0x260 build/default/debug/_ext/1171490990/interrupts.o
                0x0000000000000000                exception_table
 *(.isr_vector)
 *(.reset*)
 *(.after_vectors)

.text           0x0000000000000260       0x20
                0x0000000000000260                . = ALIGN (0x4)
 *(.glue_7t)
 .glue_7t       0x0000000000000260        0x0 linker stubs
 *(.glue_7)
 .glue_7        0x0000000000000260        0x0 linker stubs
 *(.gnu.linkonce.r.*)
 *(.ARM.extab* .gnu.linkonce.armextab.*)
                0x0000000000000260                . = ALIGN (0x4)
 *(.init)
 .init          0x0000000000000260        0x4 c:/program files/microchip/xc32/v4.60/bin/bin/../../lib/gcc/pic32c/8.3.1/thumb/v7e-m+fp/hard/crti.o
                0x0000000000000260                _init
 .init          0x0000000000000264        0x8 c:/program files/microchip/xc32/v4.60/bin/bin/../../lib/gcc/pic32c/8.3.1/thumb/v7e-m+fp/hard/crtn.o
                0x000000000000026c                . = ALIGN (0x4)
                0x000000000000026c                __preinit_array_start = .
 *(.preinit_array)
                0x000000000000026c                __preinit_array_end = .
                0x000000000000026c                . = ALIGN (0x4)
                0x000000000000026c                __init_array_start = .
 *(SORT_BY_NAME(.init_array.*))
 *(.init_array)
 .init_array    0x000000000000026c        0x4 c:/program files/microchip/xc32/v4.60/bin/bin/../../lib/gcc/pic32c/8.3.1/thumb/v7e-m+fp/hard/crtbegin.o
                0x0000000000000270                __init_array_end = .
                0x0000000000000270                . = ALIGN (0x4)
 *crtbegin.o(.ctors)
 *(EXCLUDE_FILE(*crtend.o) .ctors)
 *(SORT_BY_NAME(.ctors.*))
 *crtend.o(.ctors)
                0x0000000000000270                . = ALIGN (0x4)
 *(.fini)
 .fini          0x0000000000000270        0x4 c:/program files/microchip/xc32/v4.60/bin/bin/../../lib/gcc/pic32c/8.3.1/thumb/v7e-m+fp/hard/crti.o
                0x0000000000000270                _fini
 .fini          0x0000000000000274        0x8 c:/program files/microchip/xc32/v4.60/bin/bin/../../lib/gcc/pic32c/8.3.1/thumb/v7e-m+fp/hard/crtn.o
                0x000000000000027c                . = ALIGN (0x4)
                0x000000000000027c                __fini_array_start = .
 *(.fini_array)
 .fini_array    0x000000000000027c        0x4 c:/program files/microchip/xc32/v4.60/bin/bin/../../lib/gcc/pic32c/8.3.1/thumb/v7e-m+fp/hard/crtbegin.o
 *(SORT_BY_NAME(.fini_array.*))
                0x0000000000000280                __fini_array_end = .
 *crtbegin.o(.dtors)
 *(EXCLUDE_FILE(*crtend.o) .dtors)
 *(SORT_BY_NAME(.dtors.*))
 *crtend.o(.dtors)
                0x0000000000000280                . = ALIGN (0x4)
                0x0000000000000280                _efixed = .
                [!provide]                        PROVIDE (__exidx_start = .)

.ARM.exidx
 *(.ARM.exidx* .gnu.linkonce.armexidx.*)
                [!provide]                        PROVIDE (__exidx_end = .)
                0x0000000000000280                . = ALIGN (0x4)
                0x0000000000000280                _etext = .

.bss            0x0000000020000000        0x0
                0x0000000020000000                . = ALIGN (0x4)
                0x0000000020000000                __bss_start__ = .
                0x0000000020000000                _sbss = .
                0x0000000020000000                _szero = .
 *(COMMON)
                0x0000000020000000                . = ALIGN (0x4)
                0x0000000020000000                __bss_end__ = .
                0x0000000020000000                _ebss = .
                0x0000000020000000                _ezero = .
                0x0000000020000000                . = ALIGN (0x4)
                0x0000000020000000                _end = .
                0x000000002003ffff                _ram_end_ = ((ORIGIN (ram) + LENGTH (ram)) - 0x1)

.bkupram_bss
 *(.bkupram_bss .bkupram_bss.*)
 *(.pbss .pbss.*)
                0x0000000000000001                __ICD2RAM = 0x1
                0x0000000000000001                __MPLAB_DEBUG = 0x1
                0x0000000000000001                __DEBUG = 0x1
                0x0000000000000200                _min_heap_size = 0x200
START GROUP
LOAD c:/program files/microchip/xc32/v4.60/bin/bin/../../lib/gcc/pic32c/8.3.1/../../../../pic32c/lib/thumb/v7e-m+fp/hard\libpic32c.a
LOAD c:/program files/microchip/xc32/v4.60/bin/bin/../../lib/gcc/pic32c/8.3.1/../../../../pic32c/lib/thumb/v7e-m+fp/hard\libc-size-musl.a
LOAD c:/program files/microchip/xc32/v4.60/bin/bin/../../lib/gcc/pic32c/8.3.1/../../../../pic32c/lib/thumb/v7e-m+fp/hard\liblmalloc-musl.a
LOAD c:/program files/microchip/xc32/v4.60/bin/bin/../../lib/gcc/pic32c/8.3.1/../../../../pic32c/lib/thumb/v7e-m+fp/hard\libm-fast-emfloat.a
LOAD c:/program files/microchip/xc32/v4.60/bin/bin/../../lib/gcc/pic32c/8.3.1/../../../../pic32c/lib/thumb/v7e-m+fp/hard\libm-musl.a
LOAD c:/program files/microchip/xc32/v4.60/bin/bin/../../lib/gcc/pic32c/8.3.1/../../../../pic32c/lib/thumb/v7e-m+fp/hard\libg-musl.a
LOAD c:/program files/microchip/xc32/v4.60/bin/bin/../../lib/gcc/pic32c/8.3.1/../../../../pic32c/lib/thumb/v7e-m+fp/hard\libc-musl.a
LOAD c:/program files/microchip/xc32/v4.60/bin/bin/../../lib/gcc/pic32c/8.3.1/../../../../pic32c/lib/thumb/v7e-m+fp/hard\libm-fast-emfloat.a
LOAD c:/program files/microchip/xc32/v4.60/bin/bin/../../lib/gcc/pic32c/8.3.1/../../../../pic32c/lib/thumb/v7e-m+fp/hard\libm-musl.a
LOAD c:/program files/microchip/xc32/v4.60/bin/bin/../../lib/gcc/pic32c/8.3.1/thumb/v7e-m+fp/hard\libgcc.a
END GROUP
LOAD c:/program files/microchip/xc32/v4.60/bin/bin/../../lib/gcc/pic32c/8.3.1/thumb/v7e-m+fp/hard/crtend.o
LOAD c:/program files/microchip/xc32/v4.60/bin/bin/../../lib/gcc/pic32c/8.3.1/thumb/v7e-m+fp/hard/crtn.o
OUTPUT(dist/default/debug/CR-Proj.debug.elf elf32-littlearm)
LOAD data_init
LOAD stack

.ARM.attributes
                0x0000000000000000       0x34
 .ARM.attributes
                0x0000000000000000       0x1e c:/program files/microchip/xc32/v4.60/bin/bin/../../lib/gcc/pic32c/8.3.1/thumb/v7e-m+fp/hard/crti.o
 .ARM.attributes
                0x000000000000001e       0x34 c:/program files/microchip/xc32/v4.60/bin/bin/../../lib/gcc/pic32c/8.3.1/thumb/v7e-m+fp/hard/crtbegin.o
 .ARM.attributes
                0x0000000000000052       0x34 build/default/debug/_ext/1984496892/plib_clock.o
 .ARM.attributes
                0x0000000000000086       0x34 build/default/debug/_ext/1865161661/plib_dmac.o
 .ARM.attributes
                0x00000000000000ba       0x34 build/default/debug/_ext/1986646378/plib_evsys.o
 .ARM.attributes
                0x00000000000000ee       0x34 build/default/debug/_ext/1865468468/plib_nvic.o
 .ARM.attributes
                0x0000000000000122       0x34 build/default/debug/_ext/1593096446/plib_nvmctrl.o
 .ARM.attributes
                0x0000000000000156       0x34 build/default/debug/_ext/1865521619/plib_port.o
 .ARM.attributes
                0x000000000000018a       0x34 build/default/debug/_ext/1827571544/plib_systick.o
 .ARM.attributes
                0x00000000000001be       0x34 build/default/debug/_ext/60181570/plib_tcc0.o
 .ARM.attributes
                0x00000000000001f2       0x34 build/default/debug/_ext/1865643529/plib_trng.o
 .ARM.attributes
                0x0000000000000226       0x34 build/default/debug/_ext/1171490990/initialization.o
 .ARM.attributes
                0x000000000000025a       0x34 build/default/debug/_ext/1171490990/interrupts.o
 .ARM.attributes
                0x000000000000028e       0x34 build/default/debug/_ext/1171490990/exceptions.o
 .ARM.attributes
                0x00000000000002c2       0x34 build/default/debug/_ext/1171490990/startup_xc32.o
 .ARM.attributes
                0x00000000000002f6       0x34 build/default/debug/_ext/1360937237/main.o
 .ARM.attributes
                0x000000000000032a       0x34 build/default/debug/_ext/1360937237/neopixel.o
 .ARM.attributes
                0x000000000000035e       0x34 c:/program files/microchip/xc32/v4.60/bin/bin/../../lib/gcc/pic32c/8.3.1/../../../../pic32c/lib/thumb/v7e-m+fp/hard\libpic32c.a(data_init.o)
 .ARM.attributes
                0x0000000000000392       0x36 c:/program files/microchip/xc32/v4.60/bin/bin/../../lib/gcc/pic32c/8.3.1/../../../../pic32c/lib/thumb/v7e-m+fp/hard\libg-musl.a(__libc_start_main.o)
 .ARM.attributes
                0x00000000000003c8       0x34 c:/program files/microchip/xc32/v4.60/bin/bin/../../lib/gcc/pic32c/8.3.1/../../../../pic32c/lib/thumb/v7e-m+fp/hard\libg-musl.a(libc.o)
 .ARM.attributes
                0x00000000000003fc       0x34 c:/program files/microchip/xc32/v4.60/bin/bin/../../lib/gcc/pic32c/8.3.1/../../../../pic32c/lib/thumb/v7e-m+fp/hard\libg-musl.a(__environ.o)
 .ARM.attributes
                0x0000000000000430       0x1e c:/program files/microchip/xc32/v4.60/bin/bin/../../lib/gcc/pic32c/8.3.1/thumb/v7e-m+fp/hard/crtn.o
 .ARM.attributes
                0x000000000000044e       0x34 c:/program files/microchip/xc32/v4.60/bin/bin/../../lib/gcc/pic32c/8.3.1/../../../../pic32c/lib/thumb/v7e-m+fp/hard\libpic32c.a(pic32_data_init_clear.o)
 .ARM.attributes
                0x0000000000000482       0x34 c:/program files/microchip/xc32/v4.60/bin/bin/../../lib/gcc/pic32c/8.3.1/../../../../pic32c/lib/thumb/v7e-m+fp/hard\libpic32c.a(pic32_data_init_copy.o)

.comment        0x0000000000000000       0x2b
 .comment       0x0000000000000000       0x2b c:/program files/microchip/xc32/v4.60/bin/bin/../../lib/gcc/pic32c/8.3.1/thumb/v7e-m+fp/hard/crtbegin.o
                                         0x2c (size before relaxing)
 .comment       0x000000000000002b       0x2c build/default/debug/_ext/1984496892/plib_clock.o
 .comment       0x000000000000002b       0x2c build/default/debug/_ext/1865161661/plib_dmac.o
 .comment       0x000000000000002b       0x2c build/default/debug/_ext/1986646378/plib_evsys.o
 .comment       0x000000000000002b       0x2c build/default/debug/_ext/1865468468/plib_nvic.o
 .comment       0x000000000000002b       0x2c build/default/debug/_ext/1593096446/plib_nvmctrl.o
 .comment       0x000000000000002b       0x2c build/default/debug/_ext/1865521619/plib_port.o
 .comment       0x000000000000002b       0x2c build/default/debug/_ext/1827571544/plib_systick.o
 .comment       0x000000000000002b       0x2c build/default/debug/_ext/60181570/plib_tcc0.o
 .comment       0x000000000000002b       0x2c build/default/debug/_ext/1865643529/plib_trng.o
 .comment       0x000000000000002b       0x2c build/default/debug/_ext/1171490990/initialization.o
 .comment       0x000000000000002b       0x2c build/default/debug/_ext/1171490990/interrupts.o
 .comment       0x000000000000002b       0x2c build/default/debug/_ext/1171490990/exceptions.o
 .comment       0x000000000000002b       0x2c build/default/debug/_ext/1171490990/startup_xc32.o
 .comment       0x000000000000002b       0x2c build/default/debug/_ext/1360937237/main.o
 .comment       0x000000000000002b       0x2c build/default/debug/_ext/1360937237/neopixel.o
 .comment       0x000000000000002b       0x2c c:/program files/microchip/xc32/v4.60/bin/bin/../../lib/gcc/pic32c/8.3.1/../../../../pic32c/lib/thumb/v7e-m+fp/hard\libpic32c.a(data_init.o)
 .comment       0x000000000000002b       0x2c c:/program files/microchip/xc32/v4.60/bin/bin/../../lib/gcc/pic32c/8.3.1/../../../../pic32c/lib/thumb/v7e-m+fp/hard\libg-musl.a(__libc_start_main.o)
 .comment       0x000000000000002b       0x2c c:/program files/microchip/xc32/v4.60/bin/bin/../../lib/gcc/pic32c/8.3.1/../../../../pic32c/lib/thumb/v7e-m+fp/hard\libg-musl.a(libc.o)
 .comment       0x000000000000002b       0x2c c:/program files/microchip/xc32/v4.60/bin/bin/../../lib/gcc/pic32c/8.3.1/../../../../pic32c/lib/thumb/v7e-m+fp/hard\libg-musl.a(__environ.o)
 .comment       0x000000000000002b       0x2c c:/program files/microchip/xc32/v4.60/bin/bin/../../lib/gcc/pic32c/8.3.1/../../../../pic32c/lib/thumb/v7e-m+fp/hard\libpic32c.a(pic32_data_init_clear.o)
 .comment       0x000000000000002b       0x2c c:/program files/microchip/xc32/v4.60/bin/bin/../../lib/gcc/pic32c/8.3.1/../../../../pic32c/lib/thumb/v7e-m+fp/hard\libpic32c.a(pic32_data_init_copy.o)

.debug_info     0x0000000000000000     0x6ff5
 .debug_info    0x0000000000000000      0x677 build/default/debug/_ext/1984496892/plib_clock.o
 .debug_info    0x0000000000000677      0xb9b build/default/debug/_ext/1865161661/plib_dmac.o
 .debug_info    0x0000000000001212      0x394 build/default/debug/_ext/1986646378/plib_evsys.o
 .debug_info    0x00000000000015a6      0xbab build/default/debug/_ext/1865468468/plib_nvic.o
 .debug_info    0x0000000000002151      0x8e5 build/default/debug/_ext/1593096446/plib_nvmctrl.o
 .debug_info    0x0000000000002a36      0x6fb build/default/debug/_ext/1865521619/plib_port.o
 .debug_info    0x0000000000003131      0x551 build/default/debug/_ext/1827571544/plib_systick.o
 .debug_info    0x0000000000003682      0x51d build/default/debug/_ext/60181570/plib_tcc0.o
 .debug_info    0x0000000000003b9f      0x1b8 build/default/debug/_ext/1865643529/plib_trng.o
 .debug_info    0x0000000000003d57      0x187 build/default/debug/_ext/1171490990/initialization.o
 .debug_info    0x0000000000003ede      0xa6c build/default/debug/_ext/1171490990/interrupts.o
 .debug_info    0x000000000000494a      0x10f build/default/debug/_ext/1171490990/exceptions.o
 .debug_info    0x0000000000004a59      0x55b build/default/debug/_ext/1171490990/startup_xc32.o
 .debug_info    0x0000000000004fb4     0x1392 build/default/debug/_ext/1360937237/main.o
 .debug_info    0x0000000000006346      0x5c0 build/default/debug/_ext/1360937237/neopixel.o
 .debug_info    0x0000000000006906       0x68 c:/program files/microchip/xc32/v4.60/bin/bin/../../lib/gcc/pic32c/8.3.1/../../../../pic32c/lib/thumb/v7e-m+fp/hard\libpic32c.a(data_init.o)
 .debug_info    0x000000000000696e      0x2fb c:/program files/microchip/xc32/v4.60/bin/bin/../../lib/gcc/pic32c/8.3.1/../../../../pic32c/lib/thumb/v7e-m+fp/hard\libg-musl.a(__libc_start_main.o)
 .debug_info    0x0000000000006c69      0x276 c:/program files/microchip/xc32/v4.60/bin/bin/../../lib/gcc/pic32c/8.3.1/../../../../pic32c/lib/thumb/v7e-m+fp/hard\libg-musl.a(libc.o)
 .debug_info    0x0000000000006edf       0x97 c:/program files/microchip/xc32/v4.60/bin/bin/../../lib/gcc/pic32c/8.3.1/../../../../pic32c/lib/thumb/v7e-m+fp/hard\libg-musl.a(__environ.o)
 .debug_info    0x0000000000006f76       0x3f c:/program files/microchip/xc32/v4.60/bin/bin/../../lib/gcc/pic32c/8.3.1/../../../../pic32c/lib/thumb/v7e-m+fp/hard\libpic32c.a(pic32_data_init_clear.o)
 .debug_info    0x0000000000006fb5       0x40 c:/program files/microchip/xc32/v4.60/bin/bin/../../lib/gcc/pic32c/8.3.1/../../../../pic32c/lib/thumb/v7e-m+fp/hard\libpic32c.a(pic32_data_init_copy.o)

.debug_abbrev   0x0000000000000000     0x1af1
 .debug_abbrev  0x0000000000000000      0x10b build/default/debug/_ext/1984496892/plib_clock.o
 .debug_abbrev  0x000000000000010b      0x33f build/default/debug/_ext/1865161661/plib_dmac.o
 .debug_abbrev  0x000000000000044a       0xff build/default/debug/_ext/1986646378/plib_evsys.o
 .debug_abbrev  0x0000000000000549      0x258 build/default/debug/_ext/1865468468/plib_nvic.o
 .debug_abbrev  0x00000000000007a1      0x23c build/default/debug/_ext/1593096446/plib_nvmctrl.o
 .debug_abbrev  0x00000000000009dd      0x1ea build/default/debug/_ext/1865521619/plib_port.o
 .debug_abbrev  0x0000000000000bc7      0x1ef build/default/debug/_ext/1827571544/plib_systick.o
 .debug_abbrev  0x0000000000000db6      0x133 build/default/debug/_ext/60181570/plib_tcc0.o
 .debug_abbrev  0x0000000000000ee9       0xc0 build/default/debug/_ext/1865643529/plib_trng.o
 .debug_abbrev  0x0000000000000fa9       0x96 build/default/debug/_ext/1171490990/initialization.o
 .debug_abbrev  0x000000000000103f       0xc0 build/default/debug/_ext/1171490990/interrupts.o
 .debug_abbrev  0x00000000000010ff       0x49 build/default/debug/_ext/1171490990/exceptions.o
 .debug_abbrev  0x0000000000001148      0x1e3 build/default/debug/_ext/1171490990/startup_xc32.o
 .debug_abbrev  0x000000000000132b      0x2fc build/default/debug/_ext/1360937237/main.o
 .debug_abbrev  0x0000000000001627      0x1c1 build/default/debug/_ext/1360937237/neopixel.o
 .debug_abbrev  0x00000000000017e8       0x44 c:/program files/microchip/xc32/v4.60/bin/bin/../../lib/gcc/pic32c/8.3.1/../../../../pic32c/lib/thumb/v7e-m+fp/hard\libpic32c.a(data_init.o)
 .debug_abbrev  0x000000000000182c      0x133 c:/program files/microchip/xc32/v4.60/bin/bin/../../lib/gcc/pic32c/8.3.1/../../../../pic32c/lib/thumb/v7e-m+fp/hard\libg-musl.a(__libc_start_main.o)
 .debug_abbrev  0x000000000000195f       0xd4 c:/program files/microchip/xc32/v4.60/bin/bin/../../lib/gcc/pic32c/8.3.1/../../../../pic32c/lib/thumb/v7e-m+fp/hard\libg-musl.a(libc.o)
 .debug_abbrev  0x0000000000001a33       0x62 c:/program files/microchip/xc32/v4.60/bin/bin/../../lib/gcc/pic32c/8.3.1/../../../../pic32c/lib/thumb/v7e-m+fp/hard\libg-musl.a(__environ.o)
 .debug_abbrev  0x0000000000001a95       0x2e c:/program files/microchip/xc32/v4.60/bin/bin/../../lib/gcc/pic32c/8.3.1/../../../../pic32c/lib/thumb/v7e-m+fp/hard\libpic32c.a(pic32_data_init_clear.o)
 .debug_abbrev  0x0000000000001ac3       0x2e c:/program files/microchip/xc32/v4.60/bin/bin/../../lib/gcc/pic32c/8.3.1/../../../../pic32c/lib/thumb/v7e-m+fp/hard\libpic32c.a(pic32_data_init_copy.o)

.debug_aranges  0x0000000000000000      0x600
 .debug_aranges
                0x0000000000000000       0x20 build/default/debug/_ext/1984496892/plib_clock.o
 .debug_aranges
                0x0000000000000020       0xa0 build/default/debug/_ext/1865161661/plib_dmac.o
 .debug_aranges
                0x00000000000000c0       0x40 build/default/debug/_ext/1986646378/plib_evsys.o
 .debug_aranges
                0x0000000000000100       0x48 build/default/debug/_ext/1865468468/plib_nvic.o
 .debug_aranges
                0x0000000000000148       0xd8 build/default/debug/_ext/1593096446/plib_nvmctrl.o
 .debug_aranges
                0x0000000000000220       0x70 build/default/debug/_ext/1865521619/plib_port.o
 .debug_aranges
                0x0000000000000290       0x98 build/default/debug/_ext/1827571544/plib_systick.o
 .debug_aranges
                0x0000000000000328       0x80 build/default/debug/_ext/60181570/plib_tcc0.o
 .debug_aranges
                0x00000000000003a8       0x28 build/default/debug/_ext/1865643529/plib_trng.o
 .debug_aranges
                0x00000000000003d0       0x20 build/default/debug/_ext/1171490990/initialization.o
 .debug_aranges
                0x00000000000003f0       0x20 build/default/debug/_ext/1171490990/interrupts.o
 .debug_aranges
                0x0000000000000410       0x48 build/default/debug/_ext/1171490990/exceptions.o
 .debug_aranges
                0x0000000000000458       0x28 build/default/debug/_ext/1171490990/startup_xc32.o
 .debug_aranges
                0x0000000000000480       0x80 build/default/debug/_ext/1360937237/main.o
 .debug_aranges
                0x0000000000000500       0x38 build/default/debug/_ext/1360937237/neopixel.o
 .debug_aranges
                0x0000000000000538       0x30 c:/program files/microchip/xc32/v4.60/bin/bin/../../lib/gcc/pic32c/8.3.1/../../../../pic32c/lib/thumb/v7e-m+fp/hard\libpic32c.a(data_init.o)
 .debug_aranges
                0x0000000000000568       0x28 c:/program files/microchip/xc32/v4.60/bin/bin/../../lib/gcc/pic32c/8.3.1/../../../../pic32c/lib/thumb/v7e-m+fp/hard\libg-musl.a(__libc_start_main.o)
 .debug_aranges
                0x0000000000000590       0x18 c:/program files/microchip/xc32/v4.60/bin/bin/../../lib/gcc/pic32c/8.3.1/../../../../pic32c/lib/thumb/v7e-m+fp/hard\libg-musl.a(libc.o)
 .debug_aranges
                0x00000000000005a8       0x18 c:/program files/microchip/xc32/v4.60/bin/bin/../../lib/gcc/pic32c/8.3.1/../../../../pic32c/lib/thumb/v7e-m+fp/hard\libg-musl.a(__environ.o)
 .debug_aranges
                0x00000000000005c0       0x20 c:/program files/microchip/xc32/v4.60/bin/bin/../../lib/gcc/pic32c/8.3.1/../../../../pic32c/lib/thumb/v7e-m+fp/hard\libpic32c.a(pic32_data_init_clear.o)
 .debug_aranges
                0x00000000000005e0       0x20 c:/program files/microchip/xc32/v4.60/bin/bin/../../lib/gcc/pic32c/8.3.1/../../../../pic32c/lib/thumb/v7e-m+fp/hard\libpic32c.a(pic32_data_init_copy.o)

.debug_ranges   0x0000000000000000      0x6c8
 .debug_ranges  0x0000000000000000       0x10 build/default/debug/_ext/1984496892/plib_clock.o
 .debug_ranges  0x0000000000000010       0xc8 build/default/debug/_ext/1865161661/plib_dmac.o
 .debug_ranges  0x00000000000000d8       0x30 build/default/debug/_ext/1986646378/plib_evsys.o
 .debug_ranges  0x0000000000000108       0x38 build/default/debug/_ext/1865468468/plib_nvic.o
 .debug_ranges  0x0000000000000140       0xc8 build/default/debug/_ext/1593096446/plib_nvmctrl.o
 .debug_ranges  0x0000000000000208       0x60 build/default/debug/_ext/1865521619/plib_port.o
 .debug_ranges  0x0000000000000268       0x88 build/default/debug/_ext/1827571544/plib_systick.o
 .debug_ranges  0x00000000000002f0       0x70 build/default/debug/_ext/60181570/plib_tcc0.o
 .debug_ranges  0x0000000000000360       0x18 build/default/debug/_ext/1865643529/plib_trng.o
 .debug_ranges  0x0000000000000378       0x10 build/default/debug/_ext/1171490990/initialization.o
 .debug_ranges  0x0000000000000388       0x10 build/default/debug/_ext/1171490990/interrupts.o
 .debug_ranges  0x0000000000000398       0x38 build/default/debug/_ext/1171490990/exceptions.o
 .debug_ranges  0x00000000000003d0       0x18 build/default/debug/_ext/1171490990/startup_xc32.o
 .debug_ranges  0x00000000000003e8      0x238 build/default/debug/_ext/1360937237/main.o
 .debug_ranges  0x0000000000000620       0x28 build/default/debug/_ext/1360937237/neopixel.o
 .debug_ranges  0x0000000000000648       0x20 c:/program files/microchip/xc32/v4.60/bin/bin/../../lib/gcc/pic32c/8.3.1/../../../../pic32c/lib/thumb/v7e-m+fp/hard\libpic32c.a(data_init.o)
 .debug_ranges  0x0000000000000668       0x40 c:/program files/microchip/xc32/v4.60/bin/bin/../../lib/gcc/pic32c/8.3.1/../../../../pic32c/lib/thumb/v7e-m+fp/hard\libg-musl.a(__libc_start_main.o)
 .debug_ranges  0x00000000000006a8       0x10 c:/program files/microchip/xc32/v4.60/bin/bin/../../lib/gcc/pic32c/8.3.1/../../../../pic32c/lib/thumb/v7e-m+fp/hard\libpic32c.a(pic32_data_init_clear.o)
 .debug_ranges  0x00000000000006b8       0x10 c:/program files/microchip/xc32/v4.60/bin/bin/../../lib/gcc/pic32c/8.3.1/../../../../pic32c/lib/thumb/v7e-m+fp/hard\libpic32c.a(pic32_data_init_copy.o)

.debug_line     0x0000000000000000     0x34c2
 .debug_line    0x0000000000000000      0x330 build/default/debug/_ext/1984496892/plib_clock.o
 .debug_line    0x0000000000000330      0x645 build/default/debug/_ext/1865161661/plib_dmac.o
 .debug_line    0x0000000000000975      0x18f build/default/debug/_ext/1986646378/plib_evsys.o
 .debug_line    0x0000000000000b04      0x3be build/default/debug/_ext/1865468468/plib_nvic.o
 .debug_line    0x0000000000000ec2      0x5b9 build/default/debug/_ext/1593096446/plib_nvmctrl.o
 .debug_line    0x000000000000147b      0x305 build/default/debug/_ext/1865521619/plib_port.o
 .debug_line    0x0000000000001780      0x421 build/default/debug/_ext/1827571544/plib_systick.o
 .debug_line    0x0000000000001ba1      0x38d build/default/debug/_ext/60181570/plib_tcc0.o
 .debug_line    0x0000000000001f2e      0x120 build/default/debug/_ext/1865643529/plib_trng.o
 .debug_line    0x000000000000204e      0x25f build/default/debug/_ext/1171490990/initialization.o
 .debug_line    0x00000000000022ad       0xbb build/default/debug/_ext/1171490990/interrupts.o
 .debug_line    0x0000000000002368       0xcd build/default/debug/_ext/1171490990/exceptions.o
 .debug_line    0x0000000000002435      0x248 build/default/debug/_ext/1171490990/startup_xc32.o
 .debug_line    0x000000000000267d      0x6cc build/default/debug/_ext/1360937237/main.o
 .debug_line    0x0000000000002d49      0x26f build/default/debug/_ext/1360937237/neopixel.o
 .debug_line    0x0000000000002fb8       0xa7 c:/program files/microchip/xc32/v4.60/bin/bin/../../lib/gcc/pic32c/8.3.1/../../../../pic32c/lib/thumb/v7e-m+fp/hard\libpic32c.a(data_init.o)
 .debug_line    0x000000000000305f      0x1c7 c:/program files/microchip/xc32/v4.60/bin/bin/../../lib/gcc/pic32c/8.3.1/../../../../pic32c/lib/thumb/v7e-m+fp/hard\libg-musl.a(__libc_start_main.o)
 .debug_line    0x0000000000003226       0xb5 c:/program files/microchip/xc32/v4.60/bin/bin/../../lib/gcc/pic32c/8.3.1/../../../../pic32c/lib/thumb/v7e-m+fp/hard\libg-musl.a(libc.o)
 .debug_line    0x00000000000032db       0xfb c:/program files/microchip/xc32/v4.60/bin/bin/../../lib/gcc/pic32c/8.3.1/../../../../pic32c/lib/thumb/v7e-m+fp/hard\libg-musl.a(__environ.o)
 .debug_line    0x00000000000033d6       0x72 c:/program files/microchip/xc32/v4.60/bin/bin/../../lib/gcc/pic32c/8.3.1/../../../../pic32c/lib/thumb/v7e-m+fp/hard\libpic32c.a(pic32_data_init_clear.o)
 .debug_line    0x0000000000003448       0x7a c:/program files/microchip/xc32/v4.60/bin/bin/../../lib/gcc/pic32c/8.3.1/../../../../pic32c/lib/thumb/v7e-m+fp/hard\libpic32c.a(pic32_data_init_copy.o)

.debug_str      0x0000000000000000     0x76ea
 .debug_str     0x0000000000000000      0x684 build/default/debug/_ext/1984496892/plib_clock.o
 .debug_str     0x0000000000000684      0x8f8 build/default/debug/_ext/1865161661/plib_dmac.o
 .debug_str     0x0000000000000f7c      0x45a build/default/debug/_ext/1986646378/plib_evsys.o
 .debug_str     0x00000000000013d6      0xcb1 build/default/debug/_ext/1865468468/plib_nvic.o
 .debug_str     0x0000000000002087      0x6be build/default/debug/_ext/1593096446/plib_nvmctrl.o
 .debug_str     0x0000000000002745      0x8cf build/default/debug/_ext/1865521619/plib_port.o
 .debug_str     0x0000000000003014      0x4fd build/default/debug/_ext/1827571544/plib_systick.o
 .debug_str     0x0000000000003511      0x588 build/default/debug/_ext/60181570/plib_tcc0.o
 .debug_str     0x0000000000003a99      0x352 build/default/debug/_ext/1865643529/plib_trng.o
 .debug_str     0x0000000000003deb      0x353 build/default/debug/_ext/1171490990/initialization.o
 .debug_str     0x000000000000413e      0xebd build/default/debug/_ext/1171490990/interrupts.o
 .debug_str     0x0000000000004ffb      0x316 build/default/debug/_ext/1171490990/exceptions.o
 .debug_str     0x0000000000005311      0x456 build/default/debug/_ext/1171490990/startup_xc32.o
 .debug_str     0x0000000000005767      0xb07 build/default/debug/_ext/1360937237/main.o
 .debug_str     0x000000000000626e      0x568 build/default/debug/_ext/1360937237/neopixel.o
 .debug_str     0x00000000000067d6      0x206 c:/program files/microchip/xc32/v4.60/bin/bin/../../lib/gcc/pic32c/8.3.1/../../../../pic32c/lib/thumb/v7e-m+fp/hard\libpic32c.a(data_init.o)
 .debug_str     0x00000000000069dc      0x3d4 c:/program files/microchip/xc32/v4.60/bin/bin/../../lib/gcc/pic32c/8.3.1/../../../../pic32c/lib/thumb/v7e-m+fp/hard\libg-musl.a(__libc_start_main.o)
 .debug_str     0x0000000000006db0      0x33f c:/program files/microchip/xc32/v4.60/bin/bin/../../lib/gcc/pic32c/8.3.1/../../../../pic32c/lib/thumb/v7e-m+fp/hard\libg-musl.a(libc.o)
 .debug_str     0x00000000000070ef      0x23f c:/program files/microchip/xc32/v4.60/bin/bin/../../lib/gcc/pic32c/8.3.1/../../../../pic32c/lib/thumb/v7e-m+fp/hard\libg-musl.a(__environ.o)
 .debug_str     0x000000000000732e      0x1df c:/program files/microchip/xc32/v4.60/bin/bin/../../lib/gcc/pic32c/8.3.1/../../../../pic32c/lib/thumb/v7e-m+fp/hard\libpic32c.a(pic32_data_init_clear.o)
 .debug_str     0x000000000000750d      0x1dd c:/program files/microchip/xc32/v4.60/bin/bin/../../lib/gcc/pic32c/8.3.1/../../../../pic32c/lib/thumb/v7e-m+fp/hard\libpic32c.a(pic32_data_init_copy.o)

.debug_frame    0x0000000000000000      0xb24
 .debug_frame   0x0000000000000000       0x20 build/default/debug/_ext/1984496892/plib_clock.o
 .debug_frame   0x0000000000000020      0x16c build/default/debug/_ext/1865161661/plib_dmac.o
 .debug_frame   0x000000000000018c       0x60 build/default/debug/_ext/1986646378/plib_evsys.o
 .debug_frame   0x00000000000001ec       0x7c build/default/debug/_ext/1865468468/plib_nvic.o
 .debug_frame   0x0000000000000268      0x1d8 build/default/debug/_ext/1593096446/plib_nvmctrl.o
 .debug_frame   0x0000000000000440       0xd8 build/default/debug/_ext/1865521619/plib_port.o
 .debug_frame   0x0000000000000518      0x138 build/default/debug/_ext/1827571544/plib_systick.o
 .debug_frame   0x0000000000000650       0xe0 build/default/debug/_ext/60181570/plib_tcc0.o
 .debug_frame   0x0000000000000730       0x30 build/default/debug/_ext/1865643529/plib_trng.o
 .debug_frame   0x0000000000000760       0x28 build/default/debug/_ext/1171490990/initialization.o
 .debug_frame   0x0000000000000788       0x20 build/default/debug/_ext/1171490990/interrupts.o
 .debug_frame   0x00000000000007a8       0x70 build/default/debug/_ext/1171490990/exceptions.o
 .debug_frame   0x0000000000000818       0x38 build/default/debug/_ext/1171490990/startup_xc32.o
 .debug_frame   0x0000000000000850      0x190 build/default/debug/_ext/1360937237/main.o
 .debug_frame   0x00000000000009e0       0x74 build/default/debug/_ext/1360937237/neopixel.o
 .debug_frame   0x0000000000000a54       0x4c c:/program files/microchip/xc32/v4.60/bin/bin/../../lib/gcc/pic32c/8.3.1/../../../../pic32c/lib/thumb/v7e-m+fp/hard\libpic32c.a(data_init.o)
 .debug_frame   0x0000000000000aa0       0x3c c:/program files/microchip/xc32/v4.60/bin/bin/../../lib/gcc/pic32c/8.3.1/../../../../pic32c/lib/thumb/v7e-m+fp/hard\libg-musl.a(__libc_start_main.o)
 .debug_frame   0x0000000000000adc       0x20 c:/program files/microchip/xc32/v4.60/bin/bin/../../lib/gcc/pic32c/8.3.1/../../../../pic32c/lib/thumb/v7e-m+fp/hard\libpic32c.a(pic32_data_init_clear.o)
 .debug_frame   0x0000000000000afc       0x28 c:/program files/microchip/xc32/v4.60/bin/bin/../../lib/gcc/pic32c/8.3.1/../../../../pic32c/lib/thumb/v7e-m+fp/hard\libpic32c.a(pic32_data_init_copy.o)

.debug_loc      0x0000000000000000     0x2417
 .debug_loc     0x0000000000000000      0x8b5 build/default/debug/_ext/1865161661/plib_dmac.o
 .debug_loc     0x00000000000008b5       0xde build/default/debug/_ext/1986646378/plib_evsys.o
 .debug_loc     0x0000000000000993      0x19d build/default/debug/_ext/1865468468/plib_nvic.o
 .debug_loc     0x0000000000000b30      0x83e build/default/debug/_ext/1593096446/plib_nvmctrl.o
 .debug_loc     0x000000000000136e      0x23d build/default/debug/_ext/1865521619/plib_port.o
 .debug_loc     0x00000000000015ab      0x331 build/default/debug/_ext/1827571544/plib_systick.o
 .debug_loc     0x00000000000018dc      0x161 build/default/debug/_ext/60181570/plib_tcc0.o
 .debug_loc     0x0000000000001a3d       0x45 build/default/debug/_ext/1171490990/initialization.o
 .debug_loc     0x0000000000001a82       0x4a build/default/debug/_ext/1171490990/startup_xc32.o
 .debug_loc     0x0000000000001acc      0x747 build/default/debug/_ext/1360937237/main.o
 .debug_loc     0x0000000000002213      0x18b build/default/debug/_ext/1360937237/neopixel.o
 .debug_loc     0x000000000000239e       0x14 c:/program files/microchip/xc32/v4.60/bin/bin/../../lib/gcc/pic32c/8.3.1/../../../../pic32c/lib/thumb/v7e-m+fp/hard\libpic32c.a(data_init.o)
 .debug_loc     0x00000000000023b2       0x51 c:/program files/microchip/xc32/v4.60/bin/bin/../../lib/gcc/pic32c/8.3.1/../../../../pic32c/lib/thumb/v7e-m+fp/hard\libg-musl.a(__libc_start_main.o)
 .debug_loc     0x0000000000002403       0x14 c:/program files/microchip/xc32/v4.60/bin/bin/../../lib/gcc/pic32c/8.3.1/../../../../pic32c/lib/thumb/v7e-m+fp/hard\libpic32c.a(pic32_data_init_copy.o)

.note.GNU-stack
                0x0000000000000000        0x0
 .note.GNU-stack
                0x0000000000000000        0x0 c:/program files/microchip/xc32/v4.60/bin/bin/../../lib/gcc/pic32c/8.3.1/../../../../pic32c/lib/thumb/v7e-m+fp/hard\libg-musl.a(__libc_start_main.o)
 .note.GNU-stack
                0x0000000000000000        0x0 c:/program files/microchip/xc32/v4.60/bin/bin/../../lib/gcc/pic32c/8.3.1/../../../../pic32c/lib/thumb/v7e-m+fp/hard\libg-musl.a(libc.o)
 .note.GNU-stack
                0x0000000000000000        0x0 c:/program files/microchip/xc32/v4.60/bin/bin/../../lib/gcc/pic32c/8.3.1/../../../../pic32c/lib/thumb/v7e-m+fp/hard\libg-musl.a(__environ.o)

.stack          0x0000000020001050      0x100
 .stack         0x0000000020001050      0x100 stack

.bss.neopixel_tcc_buffer%1
                0x0000000020000000      0xd80
 .bss.neopixel_tcc_buffer
                0x0000000020000000      0xd80 build/default/debug/_ext/1360937237/neopixel.o
                0x0000000020000000                neopixel_tcc_buffer

.bss%2          0x0000000020000d80       0x50
 .bss           0x0000000020000d80       0x50 c:/program files/microchip/xc32/v4.60/bin/bin/../../lib/gcc/pic32c/8.3.1/../../../../pic32c/lib/thumb/v7e-m+fp/hard\libg-musl.a(libc.o)
                0x0000000020000d80                __progname_full
                0x0000000020000d80                program_invocation_name
                0x0000000020000d84                program_invocation_short_name
                0x0000000020000d84                __progname
                0x0000000020000d88                __sysinfo
                0x0000000020000d8c                __hwcap
                0x0000000020000d90                __libc

.bss%3          0x0000000020000dd0       0x1c
 .bss           0x0000000020000dd0       0x1c c:/program files/microchip/xc32/v4.60/bin/bin/../../lib/gcc/pic32c/8.3.1/thumb/v7e-m+fp/hard/crtbegin.o

.bss.descriptor_section%4
                0x0000000020000df0       0x10
 .bss.descriptor_section
                0x0000000020000df0       0x10 build/default/debug/_ext/1865161661/plib_dmac.o

.bss.dmacChannelObj%5
                0x0000000020000e00       0x10
 .bss.dmacChannelObj
                0x0000000020000e00       0x10 build/default/debug/_ext/1865161661/plib_dmac.o

.bss.write_back_section%6
                0x0000000020000e10       0x10
 .bss.write_back_section
                0x0000000020000e10       0x10 build/default/debug/_ext/1865161661/plib_dmac.o

.bss.systick%7  0x0000000020000e20        0xc
 .bss.systick   0x0000000020000e20        0xc build/default/debug/_ext/1827571544/plib_systick.o

.bss%8          0x0000000020000dec        0x4
 .bss           0x0000000020000dec        0x4 c:/program files/microchip/xc32/v4.60/bin/bin/../../lib/gcc/pic32c/8.3.1/../../../../pic32c/lib/thumb/v7e-m+fp/hard\libpic32c.a(data_init.o)

.bss%9          0x0000000020000e2c        0x4
 .bss           0x0000000020000e2c        0x4 c:/program files/microchip/xc32/v4.60/bin/bin/../../lib/gcc/pic32c/8.3.1/../../../../pic32c/lib/thumb/v7e-m+fp/hard\libg-musl.a(__environ.o)
                0x0000000020000e2c                __environ
                0x0000000020000e2c                environ
                0x0000000020000e2c                ___environ
                0x0000000020000e2c                _environ

.bss.neopixel_dma_complete%10
                0x0000000020000e30        0x1
 .bss.neopixel_dma_complete
                0x0000000020000e30        0x1 build/default/debug/_ext/1360937237/neopixel.o
                0x0000000020000e30                neopixel_dma_complete

.eh_frame%z1    0x0000000000000000        0x0
 .eh_frame      0x0000000000000000        0x0 c:/program files/microchip/xc32/v4.60/bin/bin/../../lib/gcc/pic32c/8.3.1/thumb/v7e-m+fp/hard/crtbegin.o

.config_00804000.__config_00804000%11
                0x0000000000804000        0x4
 .config_00804000.__config_00804000
                0x0000000000804000        0x4 build/default/debug/_ext/1171490990/initialization.o
                0x0000000000804000                __config_00804000

.config_00804004.__config_00804004%12
                0x0000000000804004        0x4
 .config_00804004.__config_00804004
                0x0000000000804004        0x4 build/default/debug/_ext/1171490990/initialization.o
                0x0000000000804004                __config_00804004

.config_00804008.__config_00804008%13
                0x0000000000804008        0x4
 .config_00804008.__config_00804008
                0x0000000000804008        0x4 build/default/debug/_ext/1171490990/initialization.o
                0x0000000000804008                __config_00804008

.text.CLOCK_Initialize%14
                0x0000000000000280      0x164
 .text.CLOCK_Initialize
                0x0000000000000280      0x164 build/default/debug/_ext/1984496892/plib_clock.o
                0x0000000000000280                CLOCK_Initialize

.text.DMAC_ChannelTransfer%15
                0x00000000000003e4       0xe8
 .text.DMAC_ChannelTransfer
                0x00000000000003e4       0xe8 build/default/debug/_ext/1865161661/plib_dmac.o
                0x00000000000003e4                DMAC_ChannelTransfer

.text.Reset_Handler%16
                0x00000000000004cc       0x8c
 .text.Reset_Handler
                0x00000000000004cc       0x8c build/default/debug/_ext/1171490990/startup_xc32.o
                0x00000000000004cc                Reset_Handler

.text.set_led_color_tcc%17
                0x0000000000000558       0x88
 .text.set_led_color_tcc
                0x0000000000000558       0x88 build/default/debug/_ext/1360937237/neopixel.o
                0x0000000000000558                set_led_color_tcc

.text.DMAC_channel_interruptHandler%18
                0x00000000000005e0       0x84
 .text.DMAC_channel_interruptHandler
                0x00000000000005e0       0x84 build/default/debug/_ext/1865161661/plib_dmac.o

.dinit%19       0x0000000000000664       0x70
 .dinit         0x0000000000000664       0x70 data_init

.text.test_neopixel_pattern%20
                0x00000000000006d4       0x60
 .text.test_neopixel_pattern
                0x00000000000006d4       0x60 build/default/debug/_ext/1360937237/main.o
                0x00000000000006d4                test_neopixel_pattern

.text.__libc_start_init%21
                0x0000000000000734       0x5c
 .text.__libc_start_init
                0x0000000000000734       0x5c c:/program files/microchip/xc32/v4.60/bin/bin/../../lib/gcc/pic32c/8.3.1/../../../../pic32c/lib/thumb/v7e-m+fp/hard\libg-musl.a(__libc_start_main.o)
                0x0000000000000734                __libc_init_array

.text.DMAC_Initialize%22
                0x0000000000000790       0x58
 .text.DMAC_Initialize
                0x0000000000000790       0x58 build/default/debug/_ext/1865161661/plib_dmac.o
                0x0000000000000790                DMAC_Initialize

.text.NVIC_Initialize%23
                0x00000000000007e8       0x54
 .text.NVIC_Initialize
                0x00000000000007e8       0x54 build/default/debug/_ext/1865468468/plib_nvic.o
                0x00000000000007e8                NVIC_Initialize

.text.PORT_Initialize%24
                0x000000000000083c       0x54
 .text.PORT_Initialize
                0x000000000000083c       0x54 build/default/debug/_ext/1865521619/plib_port.o
                0x000000000000083c                PORT_Initialize

.text.TCC0_PWMInitialize%25
                0x0000000000000890       0x50
 .text.TCC0_PWMInitialize
                0x0000000000000890       0x50 build/default/debug/_ext/60181570/plib_tcc0.o
                0x0000000000000890                TCC0_PWMInitialize

.text.neopixel_send_tcc%26
                0x00000000000008e0       0x48
 .text.neopixel_send_tcc
                0x00000000000008e0       0x48 build/default/debug/_ext/1360937237/neopixel.o
                0x00000000000008e0                neopixel_send_tcc

.text%27        0x0000000000000928       0x40
 .text          0x0000000000000928       0x40 c:/program files/microchip/xc32/v4.60/bin/bin/../../lib/gcc/pic32c/8.3.1/thumb/v7e-m+fp/hard/crtbegin.o

.text.SYSTICK_DelayMs%28
                0x0000000000000968       0x40
 .text.SYSTICK_DelayMs
                0x0000000000000968       0x40 build/default/debug/_ext/1827571544/plib_systick.o
                0x0000000000000968                SYSTICK_DelayMs

.text.SYSTICK_DelayUs%29
                0x00000000000009a8       0x40
 .text.SYSTICK_DelayUs
                0x00000000000009a8       0x40 build/default/debug/_ext/1827571544/plib_systick.o
                0x00000000000009a8                SYSTICK_DelayUs

.text.__pic32c_data_initialization%30
                0x00000000000009e8       0x38
 .text.__pic32c_data_initialization
                0x00000000000009e8       0x38 c:/program files/microchip/xc32/v4.60/bin/bin/../../lib/gcc/pic32c/8.3.1/../../../../pic32c/lib/thumb/v7e-m+fp/hard\libpic32c.a(data_init.o)
                0x00000000000009e8                __pic32c_data_initialization

.text.SYS_Initialize%31
                0x0000000000000a20       0x28
 .text.SYS_Initialize
                0x0000000000000a20       0x28 build/default/debug/_ext/1171490990/initialization.o
                0x0000000000000a20                SYS_Initialize

.text.SYSTICK_TimerInitialize%32
                0x0000000000000a48       0x24
 .text.SYSTICK_TimerInitialize
                0x0000000000000a48       0x24 build/default/debug/_ext/1827571544/plib_systick.o
                0x0000000000000a48                SYSTICK_TimerInitialize

.text.SysTick_Handler%33
                0x0000000000000a6c       0x24
 .text.SysTick_Handler
                0x0000000000000a6c       0x24 build/default/debug/_ext/1827571544/plib_systick.o
                0x0000000000000a6c                SysTick_Handler

.text.neopixel_init%34
                0x0000000000000a90       0x20
 .text.neopixel_init
                0x0000000000000a90       0x20 build/default/debug/_ext/1360937237/neopixel.o
                0x0000000000000a90                neopixel_init

.text.__dinit_copy%35
                0x0000000000000ab0       0x1e
 .text.__dinit_copy
                0x0000000000000ab0       0x1e c:/program files/microchip/xc32/v4.60/bin/bin/../../lib/gcc/pic32c/8.3.1/../../../../pic32c/lib/thumb/v7e-m+fp/hard\libpic32c.a(pic32_data_init_copy.o)
                0x0000000000000ab0                __dinit_copy_needed
                0x0000000000000ab0                __dinit_copy

.text.TCC0_PWMStart%36
                0x0000000000000ad0       0x18
 .text.TCC0_PWMStart
                0x0000000000000ad0       0x18 build/default/debug/_ext/60181570/plib_tcc0.o
                0x0000000000000ad0                TCC0_PWMStart

.text.TCC0_PWMStop%37
                0x0000000000000ae8       0x18
 .text.TCC0_PWMStop
                0x0000000000000ae8       0x18 build/default/debug/_ext/60181570/plib_tcc0.o
                0x0000000000000ae8                TCC0_PWMStop

.text.TCC0_PWMForceUpdate%38
                0x0000000000000b00       0x18
 .text.TCC0_PWMForceUpdate
                0x0000000000000b00       0x18 build/default/debug/_ext/60181570/plib_tcc0.o
                0x0000000000000b00                TCC0_PWMForceUpdate

.text.EVSYS_Initialize%39
                0x0000000000000b18       0x14
 .text.EVSYS_Initialize
                0x0000000000000b18       0x14 build/default/debug/_ext/1986646378/plib_evsys.o
                0x0000000000000b18                EVSYS_Initialize

.text.SYSTICK_TimerStart%40
                0x0000000000000b2c       0x14
 .text.SYSTICK_TimerStart
                0x0000000000000b2c       0x14 build/default/debug/_ext/1827571544/plib_systick.o
                0x0000000000000b2c                SYSTICK_TimerStart

.text.main%41   0x0000000000000b40       0x14
 .text.main     0x0000000000000b40       0x14 build/default/debug/_ext/1360937237/main.o
                0x0000000000000b40                main

.text.NeoPixel_DMA_Callback%42
                0x0000000000000b54       0x14
 .text.NeoPixel_DMA_Callback
                0x0000000000000b54       0x14 build/default/debug/_ext/1360937237/neopixel.o
                0x0000000000000b54                NeoPixel_DMA_Callback

.rodata%43      0x0000000000000b68       0x14
 .rodata        0x0000000000000b68       0x14 c:/program files/microchip/xc32/v4.60/bin/bin/../../lib/gcc/pic32c/8.3.1/../../../../pic32c/lib/thumb/v7e-m+fp/hard\libpic32c.a(data_init.o)

.text.__dinit_clear%44
                0x0000000000000b7c       0x12
 .text.__dinit_clear
                0x0000000000000b7c       0x12 c:/program files/microchip/xc32/v4.60/bin/bin/../../lib/gcc/pic32c/8.3.1/../../../../pic32c/lib/thumb/v7e-m+fp/hard\libpic32c.a(pic32_data_init_clear.o)
                0x0000000000000b7c                __dinit_clear
                0x0000000000000b7c                __dinit_clear_needed

.text.DMAC_ChannelCallbackRegister%45
                0x0000000000000b90       0x10
 .text.DMAC_ChannelCallbackRegister
                0x0000000000000b90       0x10 build/default/debug/_ext/1865161661/plib_dmac.o
                0x0000000000000b90                DMAC_ChannelCallbackRegister

.text.NVMCTRL_Initialize%46
                0x0000000000000ba0       0x10
 .text.NVMCTRL_Initialize
                0x0000000000000ba0       0x10 build/default/debug/_ext/1593096446/plib_nvmctrl.o
                0x0000000000000ba0                NVMCTRL_Initialize

.text.DMAC_0_InterruptHandler%47
                0x0000000000000bb0        0xa
 .text.DMAC_0_InterruptHandler
                0x0000000000000bb0        0xa build/default/debug/_ext/1865161661/plib_dmac.o
                0x0000000000000bb0                DMAC_0_InterruptHandler

.text.PORT_GroupToggle%48
                0x0000000000000bba        0x4
 .text.PORT_GroupToggle
                0x0000000000000bba        0x4 build/default/debug/_ext/1865521619/plib_port.o
                0x0000000000000bba                PORT_GroupToggle

.text.Dummy_Handler%49
                0x0000000000000bbe        0x4
 .text.Dummy_Handler
                0x0000000000000bbe        0x4 build/default/debug/_ext/1171490990/interrupts.o
                0x0000000000000bbe                EIC_EXTINT_9_Handler
                0x0000000000000bbe                TCC0_MC5_Handler
                0x0000000000000bbe                SVCall_Handler
                0x0000000000000bbe                SERCOM0_2_Handler
                0x0000000000000bbe                USB_SOF_HSOF_Handler
                0x0000000000000bbe                TCC4_OTHER_Handler
                0x0000000000000bbe                TCC2_MC2_Handler
                0x0000000000000bbe                EVSYS_0_Handler
                0x0000000000000bbe                TRNG_Handler
                0x0000000000000bbe                TC2_Handler
                0x0000000000000bbe                USB_TRCPT0_Handler
                0x0000000000000bbe                DAC_OTHER_Handler
                0x0000000000000bbe                AC_Handler
                0x0000000000000bbe                DAC_EMPTY_0_Handler
                0x0000000000000bbe                DMAC_OTHER_Handler
                0x0000000000000bbe                EIC_EXTINT_5_Handler
                0x0000000000000bbe                SERCOM3_1_Handler
                0x0000000000000bbe                SERCOM4_OTHER_Handler
                0x0000000000000bbe                SERCOM3_2_Handler
                0x0000000000000bbe                EIC_EXTINT_6_Handler
                0x0000000000000bbe                PendSV_Handler
                0x0000000000000bbe                TCC4_MC0_Handler
                0x0000000000000bbe                EVSYS_3_Handler
                0x0000000000000bbe                QSPI_Handler
                0x0000000000000bbe                TCC2_MC0_Handler
                0x0000000000000bbe                PDEC_OTHER_Handler
                0x0000000000000bbe                TCC3_MC0_Handler
                0x0000000000000bbe                PDEC_MC1_Handler
                0x0000000000000bbe                TCC2_MC1_Handler
                0x0000000000000bbe                OSCCTRL_XOSC1_Handler
                0x0000000000000bbe                PDEC_MC0_Handler
                0x0000000000000bbe                EIC_EXTINT_4_Handler
                0x0000000000000bbe                EIC_EXTINT_7_Handler
                0x0000000000000bbe                SERCOM0_OTHER_Handler
                0x0000000000000bbe                EVSYS_OTHER_Handler
                0x0000000000000bbe                SERCOM0_0_Handler
                0x0000000000000bbe                RTC_Handler
                0x0000000000000bbe                SERCOM4_0_Handler
                0x0000000000000bbe                TCC1_MC0_Handler
                0x0000000000000bbe                SERCOM1_OTHER_Handler
                0x0000000000000bbe                TCC2_OTHER_Handler
                0x0000000000000bbe                EIC_EXTINT_11_Handler
                0x0000000000000bbe                SUPC_BODDET_Handler
                0x0000000000000bbe                EIC_EXTINT_14_Handler
                0x0000000000000bbe                OSC32KCTRL_Handler
                0x0000000000000bbe                EVSYS_1_Handler
                0x0000000000000bbe                TCC4_MC1_Handler
                0x0000000000000bbe                SUPC_OTHER_Handler
                0x0000000000000bbe                WDT_Handler
                0x0000000000000bbe                CAN0_Handler
                0x0000000000000bbe                EIC_EXTINT_15_Handler
                0x0000000000000bbe                EIC_EXTINT_1_Handler
                0x0000000000000bbe                TCC3_MC1_Handler
                0x0000000000000bbe                SERCOM5_0_Handler
                0x0000000000000bbe                TC4_Handler
                0x0000000000000bbe                TC1_Handler
                0x0000000000000bbe                TCC1_MC1_Handler
                0x0000000000000bbe                EIC_EXTINT_0_Handler
                0x0000000000000bbe                TCC1_OTHER_Handler
                0x0000000000000bbe                PAC_Handler
                0x0000000000000bbe                SERCOM4_1_Handler
                0x0000000000000bbe                TC3_Handler
                0x0000000000000bbe                Dummy_Handler
                0x0000000000000bbe                DAC_RESRDY_0_Handler
                0x0000000000000bbe                SERCOM5_1_Handler
                0x0000000000000bbe                DMAC_2_Handler
                0x0000000000000bbe                TCC0_MC4_Handler
                0x0000000000000bbe                USB_TRCPT1_Handler
                0x0000000000000bbe                SERCOM0_1_Handler
                0x0000000000000bbe                TCC0_MC3_Handler
                0x0000000000000bbe                EIC_EXTINT_12_Handler
                0x0000000000000bbe                OSCCTRL_DPLL0_Handler
                0x0000000000000bbe                SERCOM5_OTHER_Handler
                0x0000000000000bbe                PM_Handler
                0x0000000000000bbe                OSCCTRL_DFLL_Handler
                0x0000000000000bbe                DAC_RESRDY_1_Handler
                0x0000000000000bbe                DMAC_1_Handler
                0x0000000000000bbe                USB_OTHER_Handler
                0x0000000000000bbe                CAN1_Handler
                0x0000000000000bbe                TCC0_OTHER_Handler
                0x0000000000000bbe                EIC_EXTINT_10_Handler
                0x0000000000000bbe                TCC1_MC3_Handler
                0x0000000000000bbe                OSCCTRL_XOSC0_Handler
                0x0000000000000bbe                TCC0_MC0_Handler
                0x0000000000000bbe                EIC_EXTINT_2_Handler
                0x0000000000000bbe                SDHC0_Handler
                0x0000000000000bbe                SERCOM1_1_Handler
                0x0000000000000bbe                I2S_Handler
                0x0000000000000bbe                PCC_Handler
                0x0000000000000bbe                TCC3_OTHER_Handler
                0x0000000000000bbe                EIC_EXTINT_13_Handler
                0x0000000000000bbe                SERCOM1_0_Handler
                0x0000000000000bbe                PUKCC_Handler
                0x0000000000000bbe                SERCOM2_1_Handler
                0x0000000000000bbe                SERCOM1_2_Handler
                0x0000000000000bbe                SERCOM3_0_Handler
                0x0000000000000bbe                SERCOM4_2_Handler
                0x0000000000000bbe                TCC1_MC2_Handler
                0x0000000000000bbe                ADC1_RESRDY_Handler
                0x0000000000000bbe                NVMCTRL_1_Handler
                0x0000000000000bbe                SERCOM5_2_Handler
                0x0000000000000bbe                SERCOM2_2_Handler
                0x0000000000000bbe                DAC_EMPTY_1_Handler
                0x0000000000000bbe                ADC1_OTHER_Handler
                0x0000000000000bbe                OSCCTRL_DPLL1_Handler
                0x0000000000000bbe                EIC_EXTINT_3_Handler
                0x0000000000000bbe                SERCOM3_OTHER_Handler
                0x0000000000000bbe                EIC_EXTINT_8_Handler
                0x0000000000000bbe                NVMCTRL_0_Handler
                0x0000000000000bbe                ADC0_RESRDY_Handler
                0x0000000000000bbe                ADC0_OTHER_Handler
                0x0000000000000bbe                MCLK_Handler
                0x0000000000000bbe                EVSYS_2_Handler
                0x0000000000000bbe                SERCOM2_OTHER_Handler
                0x0000000000000bbe                FREQM_Handler
                0x0000000000000bbe                TC0_Handler
                0x0000000000000bbe                TCC0_MC1_Handler
                0x0000000000000bbe                DMAC_3_Handler
                0x0000000000000bbe                RAMECC_Handler
                0x0000000000000bbe                TC5_Handler
                0x0000000000000bbe                SERCOM2_0_Handler
                0x0000000000000bbe                AES_Handler
                0x0000000000000bbe                ICM_Handler
                0x0000000000000bbe                TCC0_MC2_Handler

.text.NonMaskableInt_Handler%50
                0x0000000000000bc2        0x4
 .text.NonMaskableInt_Handler
                0x0000000000000bc2        0x4 build/default/debug/_ext/1171490990/exceptions.o
                0x0000000000000bc2                NonMaskableInt_Handler

.text.HardFault_Handler%51
                0x0000000000000bc6        0x4
 .text.HardFault_Handler
                0x0000000000000bc6        0x4 build/default/debug/_ext/1171490990/exceptions.o
                0x0000000000000bc6                HardFault_Handler

.text.DebugMonitor_Handler%52
                0x0000000000000bca        0x4
 .text.DebugMonitor_Handler
                0x0000000000000bca        0x4 build/default/debug/_ext/1171490990/exceptions.o
                0x0000000000000bca                DebugMonitor_Handler

.text.MemoryManagement_Handler%53
                0x0000000000000bce        0x4
 .text.MemoryManagement_Handler
                0x0000000000000bce        0x4 build/default/debug/_ext/1171490990/exceptions.o
                0x0000000000000bce                MemoryManagement_Handler

.text.BusFault_Handler%54
                0x0000000000000bd2        0x4
 .text.BusFault_Handler
                0x0000000000000bd2        0x4 build/default/debug/_ext/1171490990/exceptions.o
                0x0000000000000bd2                BusFault_Handler

.text.UsageFault_Handler%55
                0x0000000000000bd6        0x4
 .text.UsageFault_Handler
                0x0000000000000bd6        0x4 build/default/debug/_ext/1171490990/exceptions.o
                0x0000000000000bd6                UsageFault_Handler

.text.__dummy_decompress%56
                0x0000000000000bda        0x4
 .text.__dummy_decompress
                0x0000000000000bda        0x4 c:/program files/microchip/xc32/v4.60/bin/bin/../../lib/gcc/pic32c/8.3.1/../../../../pic32c/lib/thumb/v7e-m+fp/hard\libpic32c.a(data_init.o)
                0x0000000000000bda                __dinit_decompress
                0x0000000000000bda                __dinit_copy_val_data
                0x0000000000000bda                __dinit_copy_emb

.text.TRNG_Initialize%57
                0x0000000000000ace        0x2
 .text.TRNG_Initialize
                0x0000000000000ace        0x2 build/default/debug/_ext/1865643529/plib_trng.o
                0x0000000000000ace                TRNG_Initialize

.text.Dummy_App_Func%58
                0x0000000000000b8e        0x2
 .text.Dummy_App_Func
                0x0000000000000b8e        0x2 build/default/debug/_ext/1171490990/startup_xc32.o
                0x0000000000000b8e                _on_reset
                0x0000000000000b8e                _on_bootstrap
                0x0000000000000b8e                __xc32_on_reset
                0x0000000000000b8e                Dummy_App_Func
                0x0000000000000b8e                __xc32_on_bootstrap

.text.__dummy_init_tls%59
                0x0000000000000bde        0x2
 .text.__dummy_init_tls
                0x0000000000000bde        0x2 c:/program files/microchip/xc32/v4.60/bin/bin/../../lib/gcc/pic32c/8.3.1/../../../../pic32c/lib/thumb/v7e-m+fp/hard\libpic32c.a(data_init.o)
                0x0000000000000bde                xc32_init_tls

.text.__dummy%60
                0x0000000000000be0        0x2
 .text.__dummy  0x0000000000000be0        0x2 c:/program files/microchip/xc32/v4.60/bin/bin/../../lib/gcc/pic32c/8.3.1/../../../../pic32c/lib/thumb/v7e-m+fp/hard\libg-musl.a(__libc_start_main.o)
                0x0000000000000be0                __init_stdio
                0x0000000000000be0                __init_host
