Archive member included to satisfy reference by file (symbol)

c:/program files/microchip/xc32/v4.60/bin/bin/../../lib/gcc/pic32c/8.3.1/../../../../pic32c/lib/thumb/v7e-m+fp/hard\libpic32c.a(data_init.o)
                              build/default/debug/_ext/1171490990/startup_xc32.o (__pic32c_data_initialization)
c:/program files/microchip/xc32/v4.60/bin/bin/../../lib/gcc/pic32c/8.3.1/../../../../pic32c/lib/thumb/v7e-m+fp/hard\libc-size-musl.a(memcpy.o)
                              build/default/debug/_ext/1593096446/plib_nvmctrl.o (memcpy)
c:/program files/microchip/xc32/v4.60/bin/bin/../../lib/gcc/pic32c/8.3.1/../../../../pic32c/lib/thumb/v7e-m+fp/hard\libc-size-musl.a(memset.o)
                              build/default/debug/_ext/1360937237/neopixel.o (memset)
c:/program files/microchip/xc32/v4.60/bin/bin/../../lib/gcc/pic32c/8.3.1/../../../../pic32c/lib/thumb/v7e-m+fp/hard\libg-musl.a(__libc_start_main.o)
                              build/default/debug/_ext/1171490990/startup_xc32.o (__libc_init_array)
c:/program files/microchip/xc32/v4.60/bin/bin/../../lib/gcc/pic32c/8.3.1/../../../../pic32c/lib/thumb/v7e-m+fp/hard\libg-musl.a(libc.o)
                              c:/program files/microchip/xc32/v4.60/bin/bin/../../lib/gcc/pic32c/8.3.1/../../../../pic32c/lib/thumb/v7e-m+fp/hard\libg-musl.a(__libc_start_main.o) (__progname_full)
c:/program files/microchip/xc32/v4.60/bin/bin/../../lib/gcc/pic32c/8.3.1/../../../../pic32c/lib/thumb/v7e-m+fp/hard\libg-musl.a(__environ.o)
                              c:/program files/microchip/xc32/v4.60/bin/bin/../../lib/gcc/pic32c/8.3.1/../../../../pic32c/lib/thumb/v7e-m+fp/hard\libg-musl.a(__libc_start_main.o) (__environ)
c:/program files/microchip/xc32/v4.60/bin/bin/../../lib/gcc/pic32c/8.3.1/../../../../pic32c/lib/thumb/v7e-m+fp/hard\libpic32c.a(pic32_data_init_clear.o)
                              (__dinit_clear_needed)
c:/program files/microchip/xc32/v4.60/bin/bin/../../lib/gcc/pic32c/8.3.1/../../../../pic32c/lib/thumb/v7e-m+fp/hard\libpic32c.a(pic32_data_init_copy.o)
                              (__dinit_copy_needed)

Microchip PIC32 Memory-Usage Report

ROM Program-Memory Usage
section                    address  length [bytes]      (dec)  Description
-------                 ----------  -------------------------  -----------
.vectors                         0          0x260         608   
.text                        0x260           0x20          32  App's exec code 
.text.CLOCK_Initialize       0x280          0x164         356   
.text.DMAC_ChannelTrans      0x3e4           0xe8         232   
.text.NeoPixel_Fire          0x4cc           0xcc         204   
.text.NeoPixel_HSVtoRGB      0x598           0xb8         184   
.text.NeoPixel_SetPixel      0x650           0x9c         156   
.text.Reset_Handler          0x6ec           0x8c         140   
.text.DMAC_channel_inte      0x778           0x84         132   
.text.PORT_Initialize        0x7fc           0x64         100   
.text.TCC0_PWMInitializ      0x860           0x5c          92   
.text.__libc_start_init      0x8bc           0x5c          92   
.text.DMAC_Initialize        0x918           0x58          88   
.text.NVIC_Initialize        0x970           0x54          84   
.dinit                       0x9c4           0x50          80   
.text                        0xa14           0x40          64  App's exec code 
.text.SYSTICK_DelayMs        0xa54           0x40          64   
.text.__pic32c_data_ini      0xa94           0x38          56   
.text.SYS_Initialize         0xacc           0x2c          44   
.text.NeoPixel_Show          0xaf8           0x2c          44   
.text.SERCOM1_SPI_Initi      0xb24           0x28          40   
.text.main                   0xb4c           0x26          38   
.text.TRNG_Initialize        0xb72            0x2           2   
.text.SYSTICK_TimerInit      0xb74           0x24          36   
.text.SysTick_Handler        0xb98           0x24          36   
.text.NeoPixel_Init          0xbbc           0x24          36   
.text.__dinit_copy           0xbe0           0x1e          30   
.text.Dummy_App_Func         0xbfe            0x2           2   
.text.EVSYS_Initialize       0xc00           0x14          20   
.text.NeoPixel_DMA_Call      0xc14           0x14          20   
.rodata                      0xc28           0x14          20  Read-only const 
.text.memset                 0xc3c           0x14          20   
.text.__dinit_clear          0xc50           0x12          18   
.text.__dummy_init_tls       0xc62            0x2           2   
.text.DMAC_ChannelCallb      0xc64           0x10          16   
.text.NVMCTRL_Initializ      0xc74           0x10          16   
.text.DMAC_0_InterruptH      0xc84            0xa          10   
.text.Dummy_Handler          0xc8e            0x4           4   
.text.NonMaskableInt_Ha      0xc92            0x4           4   
[...]
Memory Configuration

Name             Origin             Length             Attributes
rom              0x0000000000000000 0x0000000000100000 xrl
ram              0x0000000020000000 0x0000000000040000 xw !r
tcm              0x0000000003000000 0x0000000000000000 xw
bkupram          0x0000000047000000 0x0000000000002000
config_00804000  0x0000000000804000 0x0000000000000004
config_00804004  0x0000000000804004 0x0000000000000004
config_00804008  0x0000000000804008 0x0000000000000004
*default*        0x0000000000000000 0xffffffffffffffff

Linker script and memory map

LOAD c:/program files/microchip/xc32/v4.60/bin/bin/../../lib/gcc/pic32c/8.3.1/thumb/v7e-m+fp/hard/crti.o
LOAD c:/program files/microchip/xc32/v4.60/bin/bin/../../lib/gcc/pic32c/8.3.1/thumb/v7e-m+fp/hard/crtbegin.o
LOAD build/default/debug/_ext/1984496892/plib_clock.o
LOAD build/default/debug/_ext/1865131932/plib_cmcc.o
LOAD build/default/debug/_ext/1865161661/plib_dmac.o
LOAD build/default/debug/_ext/1986646378/plib_evsys.o
LOAD build/default/debug/_ext/1865468468/plib_nvic.o
LOAD build/default/debug/_ext/1593096446/plib_nvmctrl.o
LOAD build/default/debug/_ext/1865521619/plib_port.o
LOAD build/default/debug/_ext/17022449/plib_sercom1_spi_master.o
LOAD build/default/debug/_ext/1827571544/plib_systick.o
LOAD build/default/debug/_ext/60181570/plib_tcc0.o
LOAD build/default/debug/_ext/1865643529/plib_trng.o
LOAD build/default/debug/_ext/163028504/xc32_monitor.o
LOAD build/default/debug/_ext/1171490990/initialization.o
LOAD build/default/debug/_ext/1171490990/interrupts.o
LOAD build/default/debug/_ext/1171490990/exceptions.o
LOAD build/default/debug/_ext/1171490990/startup_xc32.o
LOAD build/default/debug/_ext/1171490990/libc_syscalls.o
LOAD build/default/debug/_ext/1360937237/main.o
LOAD build/default/debug/_ext/1360937237/neopixel.o
LOAD build/default/debug/_ext/1360937237/dsun_sensor.o
LOAD build/default/debug/_ext/1360937237/lcd_i2c.o
                0x0000000000000001                __MPLAB_BUILD = 0x1
                0x0000000000100000                __rom_end = (ORIGIN (rom) + LENGTH (rom))
                0x0000000020040000                __ram_end = (ORIGIN (ram) + LENGTH (ram))

.config_00804000
 *(.config_00804000)

.config_00804004
 *(.config_00804004)

.config_00804008
 *(.config_00804008)

.vectors        0x0000000000000000      0x260
                0x0000000000000000                . = ALIGN (0x4)
                0x0000000000000000                _sfixed = .
 *(.vectors .vectors.* .vectors_default .vectors_default.*)
 .vectors.exception_table
                0x0000000000000000      0x260 build/default/debug/_ext/1171490990/interrupts.o
                0x0000000000000000                exception_table
 *(.isr_vector)
 *(.reset*)
 *(.after_vectors)

.text           0x0000000000000260       0x20
                0x0000000000000260                . = ALIGN (0x4)
 *(.glue_7t)
 .glue_7t       0x0000000000000260        0x0 linker stubs
 *(.glue_7)
 .glue_7        0x0000000000000260        0x0 linker stubs
 *(.gnu.linkonce.r.*)
 *(.ARM.extab* .gnu.linkonce.armextab.*)
                0x0000000000000260                . = ALIGN (0x4)
 *(.init)
 .init          0x0000000000000260        0x4 c:/program files/microchip/xc32/v4.60/bin/bin/../../lib/gcc/pic32c/8.3.1/thumb/v7e-m+fp/hard/crti.o
                0x0000000000000260                _init
 .init          0x0000000000000264        0x8 c:/program files/microchip/xc32/v4.60/bin/bin/../../lib/gcc/pic32c/8.3.1/thumb/v7e-m+fp/hard/crtn.o
                0x000000000000026c                . = ALIGN (0x4)
                0x000000000000026c                __preinit_array_start = .
 *(.preinit_array)
                0x000000000000026c                __preinit_array_end = .
                0x000000000000026c                . = ALIGN (0x4)
                0x000000000000026c                __init_array_start = .
 *(SORT_BY_NAME(.init_array.*))
 *(.init_array)
 .init_array    0x000000000000026c        0x4 c:/program files/microchip/xc32/v4.60/bin/bin/../../lib/gcc/pic32c/8.3.1/thumb/v7e-m+fp/hard/crtbegin.o
                0x0000000000000270                __init_array_end = .
                0x0000000000000270                . = ALIGN (0x4)
 *crtbegin.o(.ctors)
 *(EXCLUDE_FILE(*crtend.o) .ctors)
 *(SORT_BY_NAME(.ctors.*))
 *crtend.o(.ctors)
                0x0000000000000270                . = ALIGN (0x4)
 *(.fini)
 .fini          0x0000000000000270        0x4 c:/program files/microchip/xc32/v4.60/bin/bin/../../lib/gcc/pic32c/8.3.1/thumb/v7e-m+fp/hard/crti.o
                0x0000000000000270                _fini
 .fini          0x0000000000000274        0x8 c:/program files/microchip/xc32/v4.60/bin/bin/../../lib/gcc/pic32c/8.3.1/thumb/v7e-m+fp/hard/crtn.o
                0x000000000000027c                . = ALIGN (0x4)
                0x000000000000027c                __fini_array_start = .
 *(.fini_array)
 .fini_array    0x000000000000027c        0x4 c:/program files/microchip/xc32/v4.60/bin/bin/../../lib/gcc/pic32c/8.3.1/thumb/v7e-m+fp/hard/crtbegin.o
 *(SORT_BY_NAME(.fini_array.*))
                0x0000000000000280                __fini_array_end = .
 *crtbegin.o(.dtors)
 *(EXCLUDE_FILE(*crtend.o) .dtors)
 *(SORT_BY_NAME(.dtors.*))
 *crtend.o(.dtors)
                0x0000000000000280                . = ALIGN (0x4)
                0x0000000000000280                _efixed = .
                [!provide]                        PROVIDE (__exidx_start = .)

.ARM.exidx
 *(.ARM.exidx* .gnu.linkonce.armexidx.*)
                [!provide]                        PROVIDE (__exidx_end = .)
                0x0000000000000280                . = ALIGN (0x4)
                0x0000000000000280                _etext = .

.bss            0x0000000020000000        0x0
                0x0000000020000000                . = ALIGN (0x4)
                0x0000000020000000                __bss_start__ = .
                0x0000000020000000                _sbss = .
                0x0000000020000000                _szero = .
 *(COMMON)
                0x0000000020000000                . = ALIGN (0x4)
                0x0000000020000000                __bss_end__ = .
                0x0000000020000000                _ebss = .
                0x0000000020000000                _ezero = .
                0x0000000020000000                . = ALIGN (0x4)
                0x0000000020000000                _end = .
                0x000000002003ffff                _ram_end_ = ((ORIGIN (ram) + LENGTH (ram)) - 0x1)

.bkupram_bss
 *(.bkupram_bss .bkupram_bss.*)
 *(.pbss .pbss.*)
                0x0000000000000001                __ICD2RAM = 0x1
                0x0000000000000001                __MPLAB_DEBUG = 0x1
                0x0000000000000001                __DEBUG = 0x1
                0x0000000000000200                _min_heap_size = 0x200
START GROUP
LOAD c:/program files/microchip/xc32/v4.60/bin/bin/../../lib/gcc/pic32c/8.3.1/../../../../pic32c/lib/thumb/v7e-m+fp/hard\libpic32c.a
LOAD c:/program files/microchip/xc32/v4.60/bin/bin/../../lib/gcc/pic32c/8.3.1/../../../../pic32c/lib/thumb/v7e-m+fp/hard\libc-size-musl.a
LOAD c:/program files/microchip/xc32/v4.60/bin/bin/../../lib/gcc/pic32c/8.3.1/../../../../pic32c/lib/thumb/v7e-m+fp/hard\liblmalloc-musl.a
LOAD c:/program files/microchip/xc32/v4.60/bin/bin/../../lib/gcc/pic32c/8.3.1/../../../../pic32c/lib/thumb/v7e-m+fp/hard\libm-fast-emfloat.a
LOAD c:/program files/microchip/xc32/v4.60/bin/bin/../../lib/gcc/pic32c/8.3.1/../../../../pic32c/lib/thumb/v7e-m+fp/hard\libm-musl.a
LOAD c:/program files/microchip/xc32/v4.60/bin/bin/../../lib/gcc/pic32c/8.3.1/../../../../pic32c/lib/thumb/v7e-m+fp/hard\libg-musl.a
LOAD c:/program files/microchip/xc32/v4.60/bin/bin/../../lib/gcc/pic32c/8.3.1/../../../../pic32c/lib/thumb/v7e-m+fp/hard\libc-musl.a
LOAD c:/program files/microchip/xc32/v4.60/bin/bin/../../lib/gcc/pic32c/8.3.1/../../../../pic32c/lib/thumb/v7e-m+fp/hard\libm-fast-emfloat.a
LOAD c:/program files/microchip/xc32/v4.60/bin/bin/../../lib/gcc/pic32c/8.3.1/../../../../pic32c/lib/thumb/v7e-m+fp/hard\libm-musl.a
LOAD c:/program files/microchip/xc32/v4.60/bin/bin/../../lib/gcc/pic32c/8.3.1/thumb/v7e-m+fp/hard\libgcc.a
END GROUP
LOAD c:/program files/microchip/xc32/v4.60/bin/bin/../../lib/gcc/pic32c/8.3.1/thumb/v7e-m+fp/hard/crtend.o
LOAD c:/program files/microchip/xc32/v4.60/bin/bin/../../lib/gcc/pic32c/8.3.1/thumb/v7e-m+fp/hard/crtn.o
OUTPUT(dist/default/debug/CR-Proj.debug.elf elf32-littlearm)
LOAD data_init
LOAD stack

.ARM.attributes
                0x0000000000000000       0x34
 .ARM.attributes
                0x0000000000000000       0x1e c:/program files/microchip/xc32/v4.60/bin/bin/../../lib/gcc/pic32c/8.3.1/thumb/v7e-m+fp/hard/crti.o
 .ARM.attributes
                0x000000000000001e       0x34 c:/program files/microchip/xc32/v4.60/bin/bin/../../lib/gcc/pic32c/8.3.1/thumb/v7e-m+fp/hard/crtbegin.o
 .ARM.attributes
                0x0000000000000052       0x34 build/default/debug/_ext/1984496892/plib_clock.o
 .ARM.attributes
                0x0000000000000086       0x34 build/default/debug/_ext/1865161661/plib_dmac.o
 .ARM.attributes
                0x00000000000000ba       0x34 build/default/debug/_ext/1986646378/plib_evsys.o
 .ARM.attributes
                0x00000000000000ee       0x34 build/default/debug/_ext/1865468468/plib_nvic.o
 .ARM.attributes
                0x0000000000000122       0x34 build/default/debug/_ext/1593096446/plib_nvmctrl.o
 .ARM.attributes
                0x0000000000000156       0x34 build/default/debug/_ext/1865521619/plib_port.o
 .ARM.attributes
                0x000000000000018a       0x34 build/default/debug/_ext/17022449/plib_sercom1_spi_master.o
 .ARM.attributes
                0x00000000000001be       0x34 build/default/debug/_ext/1827571544/plib_systick.o
 .ARM.attributes
                0x00000000000001f2       0x34 build/default/debug/_ext/60181570/plib_tcc0.o
 .ARM.attributes
                0x0000000000000226       0x34 build/default/debug/_ext/1865643529/plib_trng.o
 .ARM.attributes
                0x000000000000025a       0x34 build/default/debug/_ext/1171490990/initialization.o
 .ARM.attributes
                0x000000000000028e       0x34 build/default/debug/_ext/1171490990/interrupts.o
 .ARM.attributes
                0x00000000000002c2       0x34 build/default/debug/_ext/1171490990/exceptions.o
 .ARM.attributes
                0x00000000000002f6       0x34 build/default/debug/_ext/1171490990/startup_xc32.o
 .ARM.attributes
                0x000000000000032a       0x34 build/default/debug/_ext/1360937237/main.o
 .ARM.attributes
                0x000000000000035e       0x34 build/default/debug/_ext/1360937237/neopixel.o
 .ARM.attributes
                0x0000000000000392       0x34 c:/program files/microchip/xc32/v4.60/bin/bin/../../lib/gcc/pic32c/8.3.1/../../../../pic32c/lib/thumb/v7e-m+fp/hard\libpic32c.a(data_init.o)
 .ARM.attributes
                0x00000000000003c6       0x36 c:/program files/microchip/xc32/v4.60/bin/bin/../../lib/gcc/pic32c/8.3.1/../../../../pic32c/lib/thumb/v7e-m+fp/hard\libc-size-musl.a(memset.o)
 .ARM.attributes
                0x00000000000003fc       0x36 c:/program files/microchip/xc32/v4.60/bin/bin/../../lib/gcc/pic32c/8.3.1/../../../../pic32c/lib/thumb/v7e-m+fp/hard\libg-musl.a(__libc_start_main.o)
 .ARM.attributes
                0x0000000000000432       0x34 c:/program files/microchip/xc32/v4.60/bin/bin/../../lib/gcc/pic32c/8.3.1/../../../../pic32c/lib/thumb/v7e-m+fp/hard\libg-musl.a(libc.o)
 .ARM.attributes
                0x0000000000000466       0x34 c:/program files/microchip/xc32/v4.60/bin/bin/../../lib/gcc/pic32c/8.3.1/../../../../pic32c/lib/thumb/v7e-m+fp/hard\libg-musl.a(__environ.o)
 .ARM.attributes
                0x000000000000049a       0x1e c:/program files/microchip/xc32/v4.60/bin/bin/../../lib/gcc/pic32c/8.3.1/thumb/v7e-m+fp/hard/crtn.o
 .ARM.attributes
                0x00000000000004b8       0x34 c:/program files/microchip/xc32/v4.60/bin/bin/../../lib/gcc/pic32c/8.3.1/../../../../pic32c/lib/thumb/v7e-m+fp/hard\libpic32c.a(pic32_data_init_clear.o)
 .ARM.attributes
                0x00000000000004ec       0x34 c:/program files/microchip/xc32/v4.60/bin/bin/../../lib/gcc/pic32c/8.3.1/../../../../pic32c/lib/thumb/v7e-m+fp/hard\libpic32c.a(pic32_data_init_copy.o)

.comment        0x0000000000000000       0x2b
 .comment       0x0000000000000000       0x2b c:/program files/microchip/xc32/v4.60/bin/bin/../../lib/gcc/pic32c/8.3.1/thumb/v7e-m+fp/hard/crtbegin.o
                                         0x2c (size before relaxing)
 .comment       0x000000000000002b       0x2c build/default/debug/_ext/1984496892/plib_clock.o
 .comment       0x000000000000002b       0x2c build/default/debug/_ext/1865161661/plib_dmac.o
 .comment       0x000000000000002b       0x2c build/default/debug/_ext/1986646378/plib_evsys.o
 .comment       0x000000000000002b       0x2c build/default/debug/_ext/1865468468/plib_nvic.o
 .comment       0x000000000000002b       0x2c build/default/debug/_ext/1593096446/plib_nvmctrl.o
 .comment       0x000000000000002b       0x2c build/default/debug/_ext/1865521619/plib_port.o
 .comment       0x000000000000002b       0x2c build/default/debug/_ext/17022449/plib_sercom1_spi_master.o
 .comment       0x000000000000002b       0x2c build/default/debug/_ext/1827571544/plib_systick.o
 .comment       0x000000000000002b       0x2c build/default/debug/_ext/60181570/plib_tcc0.o
 .comment       0x000000000000002b       0x2c build/default/debug/_ext/1865643529/plib_trng.o
 .comment       0x000000000000002b       0x2c build/default/debug/_ext/1171490990/initialization.o
 .comment       0x000000000000002b       0x2c build/default/debug/_ext/1171490990/interrupts.o
 .comment       0x000000000000002b       0x2c build/default/debug/_ext/1171490990/exceptions.o
 .comment       0x000000000000002b       0x2c build/default/debug/_ext/1171490990/startup_xc32.o
 .comment       0x000000000000002b       0x2c build/default/debug/_ext/1360937237/main.o
 .comment       0x000000000000002b       0x2c build/default/debug/_ext/1360937237/neopixel.o
 .comment       0x000000000000002b       0x2c c:/program files/microchip/xc32/v4.60/bin/bin/../../lib/gcc/pic32c/8.3.1/../../../../pic32c/lib/thumb/v7e-m+fp/hard\libpic32c.a(data_init.o)
 .comment       0x000000000000002b       0x2c c:/program files/microchip/xc32/v4.60/bin/bin/../../lib/gcc/pic32c/8.3.1/../../../../pic32c/lib/thumb/v7e-m+fp/hard\libc-size-musl.a(memset.o)
 .comment       0x000000000000002b       0x2c c:/program files/microchip/xc32/v4.60/bin/bin/../../lib/gcc/pic32c/8.3.1/../../../../pic32c/lib/thumb/v7e-m+fp/hard\libg-musl.a(__libc_start_main.o)
 .comment       0x000000000000002b       0x2c c:/program files/microchip/xc32/v4.60/bin/bin/../../lib/gcc/pic32c/8.3.1/../../../../pic32c/lib/thumb/v7e-m+fp/hard\libg-musl.a(libc.o)
 .comment       0x000000000000002b       0x2c c:/program files/microchip/xc32/v4.60/bin/bin/../../lib/gcc/pic32c/8.3.1/../../../../pic32c/lib/thumb/v7e-m+fp/hard\libg-musl.a(__environ.o)
 .comment       0x000000000000002b       0x2c c:/program files/microchip/xc32/v4.60/bin/bin/../../lib/gcc/pic32c/8.3.1/../../../../pic32c/lib/thumb/v7e-m+fp/hard\libpic32c.a(pic32_data_init_clear.o)
 .comment       0x000000000000002b       0x2c c:/program files/microchip/xc32/v4.60/bin/bin/../../lib/gcc/pic32c/8.3.1/../../../../pic32c/lib/thumb/v7e-m+fp/hard\libpic32c.a(pic32_data_init_copy.o)

.debug_info     0x0000000000000000     0x7a4b
 .debug_info    0x0000000000000000      0x677 build/default/debug/_ext/1984496892/plib_clock.o
 .debug_info    0x0000000000000677      0xb9c build/default/debug/_ext/1865161661/plib_dmac.o
 .debug_info    0x0000000000001213      0x394 build/default/debug/_ext/1986646378/plib_evsys.o
 .debug_info    0x00000000000015a7      0xbab build/default/debug/_ext/1865468468/plib_nvic.o
 .debug_info    0x0000000000002152      0x8e5 build/default/debug/_ext/1593096446/plib_nvmctrl.o
 .debug_info    0x0000000000002a37      0x6fb build/default/debug/_ext/1865521619/plib_port.o
 .debug_info    0x0000000000003132      0xd75 build/default/debug/_ext/17022449/plib_sercom1_spi_master.o
 .debug_info    0x0000000000003ea7      0x551 build/default/debug/_ext/1827571544/plib_systick.o
 .debug_info    0x00000000000043f8      0x51d build/default/debug/_ext/60181570/plib_tcc0.o
 .debug_info    0x0000000000004915      0x1b8 build/default/debug/_ext/1865643529/plib_trng.o
 .debug_info    0x0000000000004acd      0x1a5 build/default/debug/_ext/1171490990/initialization.o
 .debug_info    0x0000000000004c72      0xa73 build/default/debug/_ext/1171490990/interrupts.o
 .debug_info    0x00000000000056e5      0x116 build/default/debug/_ext/1171490990/exceptions.o
 .debug_info    0x00000000000057fb      0x55b build/default/debug/_ext/1171490990/startup_xc32.o
 .debug_info    0x0000000000005d56      0x1cd build/default/debug/_ext/1360937237/main.o
 .debug_info    0x0000000000005f23     0x137e build/default/debug/_ext/1360937237/neopixel.o
 .debug_info    0x00000000000072a1       0x68 c:/program files/microchip/xc32/v4.60/bin/bin/../../lib/gcc/pic32c/8.3.1/../../../../pic32c/lib/thumb/v7e-m+fp/hard\libpic32c.a(data_init.o)
 .debug_info    0x0000000000007309       0xbb c:/program files/microchip/xc32/v4.60/bin/bin/../../lib/gcc/pic32c/8.3.1/../../../../pic32c/lib/thumb/v7e-m+fp/hard\libc-size-musl.a(memset.o)
 .debug_info    0x00000000000073c4      0x2fb c:/program files/microchip/xc32/v4.60/bin/bin/../../lib/gcc/pic32c/8.3.1/../../../../pic32c/lib/thumb/v7e-m+fp/hard\libg-musl.a(__libc_start_main.o)
 .debug_info    0x00000000000076bf      0x276 c:/program files/microchip/xc32/v4.60/bin/bin/../../lib/gcc/pic32c/8.3.1/../../../../pic32c/lib/thumb/v7e-m+fp/hard\libg-musl.a(libc.o)
 .debug_info    0x0000000000007935       0x97 c:/program files/microchip/xc32/v4.60/bin/bin/../../lib/gcc/pic32c/8.3.1/../../../../pic32c/lib/thumb/v7e-m+fp/hard\libg-musl.a(__environ.o)
 .debug_info    0x00000000000079cc       0x3f c:/program files/microchip/xc32/v4.60/bin/bin/../../lib/gcc/pic32c/8.3.1/../../../../pic32c/lib/thumb/v7e-m+fp/hard\libpic32c.a(pic32_data_init_clear.o)
 .debug_info    0x0000000000007a0b       0x40 c:/program files/microchip/xc32/v4.60/bin/bin/../../lib/gcc/pic32c/8.3.1/../../../../pic32c/lib/thumb/v7e-m+fp/hard\libpic32c.a(pic32_data_init_copy.o)

.debug_abbrev   0x0000000000000000     0x1cdc
 .debug_abbrev  0x0000000000000000      0x10b build/default/debug/_ext/1984496892/plib_clock.o
 .debug_abbrev  0x000000000000010b      0x35b build/default/debug/_ext/1865161661/plib_dmac.o
 .debug_abbrev  0x0000000000000466       0xff build/default/debug/_ext/1986646378/plib_evsys.o
 .debug_abbrev  0x0000000000000565      0x258 build/default/debug/_ext/1865468468/plib_nvic.o
 .debug_abbrev  0x00000000000007bd      0x23c build/default/debug/_ext/1593096446/plib_nvmctrl.o
 .debug_abbrev  0x00000000000009f9      0x1ea build/default/debug/_ext/1865521619/plib_port.o
 .debug_abbrev  0x0000000000000be3      0x1e7 build/default/debug/_ext/17022449/plib_sercom1_spi_master.o
 .debug_abbrev  0x0000000000000dca      0x1ef build/default/debug/_ext/1827571544/plib_systick.o
 .debug_abbrev  0x0000000000000fb9      0x133 build/default/debug/_ext/60181570/plib_tcc0.o
 .debug_abbrev  0x00000000000010ec       0xc0 build/default/debug/_ext/1865643529/plib_trng.o
 .debug_abbrev  0x00000000000011ac       0x96 build/default/debug/_ext/1171490990/initialization.o
 .debug_abbrev  0x0000000000001242       0xc0 build/default/debug/_ext/1171490990/interrupts.o
 .debug_abbrev  0x0000000000001302       0x49 build/default/debug/_ext/1171490990/exceptions.o
 .debug_abbrev  0x000000000000134b      0x1e3 build/default/debug/_ext/1171490990/startup_xc32.o
 .debug_abbrev  0x000000000000152e       0xfc build/default/debug/_ext/1360937237/main.o
 .debug_abbrev  0x000000000000162a      0x307 build/default/debug/_ext/1360937237/neopixel.o
 .debug_abbrev  0x0000000000001931       0x44 c:/program files/microchip/xc32/v4.60/bin/bin/../../lib/gcc/pic32c/8.3.1/../../../../pic32c/lib/thumb/v7e-m+fp/hard\libpic32c.a(data_init.o)
 .debug_abbrev  0x0000000000001975       0xa2 c:/program files/microchip/xc32/v4.60/bin/bin/../../lib/gcc/pic32c/8.3.1/../../../../pic32c/lib/thumb/v7e-m+fp/hard\libc-size-musl.a(memset.o)
 .debug_abbrev  0x0000000000001a17      0x133 c:/program files/microchip/xc32/v4.60/bin/bin/../../lib/gcc/pic32c/8.3.1/../../../../pic32c/lib/thumb/v7e-m+fp/hard\libg-musl.a(__libc_start_main.o)
 .debug_abbrev  0x0000000000001b4a       0xd4 c:/program files/microchip/xc32/v4.60/bin/bin/../../lib/gcc/pic32c/8.3.1/../../../../pic32c/lib/thumb/v7e-m+fp/hard\libg-musl.a(libc.o)
 .debug_abbrev  0x0000000000001c1e       0x62 c:/program files/microchip/xc32/v4.60/bin/bin/../../lib/gcc/pic32c/8.3.1/../../../../pic32c/lib/thumb/v7e-m+fp/hard\libg-musl.a(__environ.o)
 .debug_abbrev  0x0000000000001c80       0x2e c:/program files/microchip/xc32/v4.60/bin/bin/../../lib/gcc/pic32c/8.3.1/../../../../pic32c/lib/thumb/v7e-m+fp/hard\libpic32c.a(pic32_data_init_clear.o)
 .debug_abbrev  0x0000000000001cae       0x2e c:/program files/microchip/xc32/v4.60/bin/bin/../../lib/gcc/pic32c/8.3.1/../../../../pic32c/lib/thumb/v7e-m+fp/hard\libpic32c.a(pic32_data_init_copy.o)

.debug_aranges  0x0000000000000000      0x640
 .debug_aranges
                0x0000000000000000       0x20 build/default/debug/_ext/1984496892/plib_clock.o
 .debug_aranges
                0x0000000000000020       0xa0 build/default/debug/_ext/1865161661/plib_dmac.o
 .debug_aranges
                0x00000000000000c0       0x40 build/default/debug/_ext/1986646378/plib_evsys.o
 .debug_aranges
                0x0000000000000100       0x48 build/default/debug/_ext/1865468468/plib_nvic.o
 .debug_aranges
                0x0000000000000148       0xd8 build/default/debug/_ext/1593096446/plib_nvmctrl.o
 .debug_aranges
                0x0000000000000220       0x70 build/default/debug/_ext/1865521619/plib_port.o
 .debug_aranges
                0x0000000000000290       0x48 build/default/debug/_ext/17022449/plib_sercom1_spi_master.o
 .debug_aranges
                0x00000000000002d8       0x98 build/default/debug/_ext/1827571544/plib_systick.o
 .debug_aranges
                0x0000000000000370       0x80 build/default/debug/_ext/60181570/plib_tcc0.o
 .debug_aranges
                0x00000000000003f0       0x28 build/default/debug/_ext/1865643529/plib_trng.o
 .debug_aranges
                0x0000000000000418       0x20 build/default/debug/_ext/1171490990/initialization.o
 .debug_aranges
                0x0000000000000438       0x20 build/default/debug/_ext/1171490990/interrupts.o
 .debug_aranges
                0x0000000000000458       0x48 build/default/debug/_ext/1171490990/exceptions.o
 .debug_aranges
                0x00000000000004a0       0x28 build/default/debug/_ext/1171490990/startup_xc32.o
 .debug_aranges
                0x00000000000004c8       0x30 build/default/debug/_ext/1360937237/main.o
 .debug_aranges
                0x00000000000004f8       0x60 build/default/debug/_ext/1360937237/neopixel.o
 .debug_aranges
                0x0000000000000558       0x30 c:/program files/microchip/xc32/v4.60/bin/bin/../../lib/gcc/pic32c/8.3.1/../../../../pic32c/lib/thumb/v7e-m+fp/hard\libpic32c.a(data_init.o)
 .debug_aranges
                0x0000000000000588       0x20 c:/program files/microchip/xc32/v4.60/bin/bin/../../lib/gcc/pic32c/8.3.1/../../../../pic32c/lib/thumb/v7e-m+fp/hard\libc-size-musl.a(memset.o)
 .debug_aranges
                0x00000000000005a8       0x28 c:/program files/microchip/xc32/v4.60/bin/bin/../../lib/gcc/pic32c/8.3.1/../../../../pic32c/lib/thumb/v7e-m+fp/hard\libg-musl.a(__libc_start_main.o)
 .debug_aranges
                0x00000000000005d0       0x18 c:/program files/microchip/xc32/v4.60/bin/bin/../../lib/gcc/pic32c/8.3.1/../../../../pic32c/lib/thumb/v7e-m+fp/hard\libg-musl.a(libc.o)
 .debug_aranges
                0x00000000000005e8       0x18 c:/program files/microchip/xc32/v4.60/bin/bin/../../lib/gcc/pic32c/8.3.1/../../../../pic32c/lib/thumb/v7e-m+fp/hard\libg-musl.a(__environ.o)
 .debug_aranges
                0x0000000000000600       0x20 c:/program files/microchip/xc32/v4.60/bin/bin/../../lib/gcc/pic32c/8.3.1/../../../../pic32c/lib/thumb/v7e-m+fp/hard\libpic32c.a(pic32_data_init_clear.o)
 .debug_aranges
                0x0000000000000620       0x20 c:/program files/microchip/xc32/v4.60/bin/bin/../../lib/gcc/pic32c/8.3.1/../../../../pic32c/lib/thumb/v7e-m+fp/hard\libpic32c.a(pic32_data_init_copy.o)

.debug_ranges   0x0000000000000000      0x620
 .debug_ranges  0x0000000000000000       0x10 build/default/debug/_ext/1984496892/plib_clock.o
 .debug_ranges  0x0000000000000010       0xc8 build/default/debug/_ext/1865161661/plib_dmac.o
 .debug_ranges  0x00000000000000d8       0x30 build/default/debug/_ext/1986646378/plib_evsys.o
 .debug_ranges  0x0000000000000108       0x38 build/default/debug/_ext/1865468468/plib_nvic.o
 .debug_ranges  0x0000000000000140       0xc8 build/default/debug/_ext/1593096446/plib_nvmctrl.o
 .debug_ranges  0x0000000000000208       0x60 build/default/debug/_ext/1865521619/plib_port.o
 .debug_ranges  0x0000000000000268       0x38 build/default/debug/_ext/17022449/plib_sercom1_spi_master.o
 .debug_ranges  0x00000000000002a0       0x88 build/default/debug/_ext/1827571544/plib_systick.o
 .debug_ranges  0x0000000000000328       0x70 build/default/debug/_ext/60181570/plib_tcc0.o
 .debug_ranges  0x0000000000000398       0x18 build/default/debug/_ext/1865643529/plib_trng.o
 .debug_ranges  0x00000000000003b0       0x10 build/default/debug/_ext/1171490990/initialization.o
 .debug_ranges  0x00000000000003c0       0x10 build/default/debug/_ext/1171490990/interrupts.o
 .debug_ranges  0x00000000000003d0       0x38 build/default/debug/_ext/1171490990/exceptions.o
 .debug_ranges  0x0000000000000408       0x18 build/default/debug/_ext/1171490990/startup_xc32.o
 .debug_ranges  0x0000000000000420       0x20 build/default/debug/_ext/1360937237/main.o
 .debug_ranges  0x0000000000000440      0x150 build/default/debug/_ext/1360937237/neopixel.o
 .debug_ranges  0x0000000000000590       0x20 c:/program files/microchip/xc32/v4.60/bin/bin/../../lib/gcc/pic32c/8.3.1/../../../../pic32c/lib/thumb/v7e-m+fp/hard\libpic32c.a(data_init.o)
 .debug_ranges  0x00000000000005b0       0x10 c:/program files/microchip/xc32/v4.60/bin/bin/../../lib/gcc/pic32c/8.3.1/../../../../pic32c/lib/thumb/v7e-m+fp/hard\libc-size-musl.a(memset.o)
 .debug_ranges  0x00000000000005c0       0x40 c:/program files/microchip/xc32/v4.60/bin/bin/../../lib/gcc/pic32c/8.3.1/../../../../pic32c/lib/thumb/v7e-m+fp/hard\libg-musl.a(__libc_start_main.o)
 .debug_ranges  0x0000000000000600       0x10 c:/program files/microchip/xc32/v4.60/bin/bin/../../lib/gcc/pic32c/8.3.1/../../../../pic32c/lib/thumb/v7e-m+fp/hard\libpic32c.a(pic32_data_init_clear.o)
 .debug_ranges  0x0000000000000610       0x10 c:/program files/microchip/xc32/v4.60/bin/bin/../../lib/gcc/pic32c/8.3.1/../../../../pic32c/lib/thumb/v7e-m+fp/hard\libpic32c.a(pic32_data_init_copy.o)

.debug_line     0x0000000000000000     0x3857
 .debug_line    0x0000000000000000      0x330 build/default/debug/_ext/1984496892/plib_clock.o
 .debug_line    0x0000000000000330      0x63d build/default/debug/_ext/1865161661/plib_dmac.o
 .debug_line    0x000000000000096d      0x18f build/default/debug/_ext/1986646378/plib_evsys.o
 .debug_line    0x0000000000000afc      0x3be build/default/debug/_ext/1865468468/plib_nvic.o
 .debug_line    0x0000000000000eba      0x5b9 build/default/debug/_ext/1593096446/plib_nvmctrl.o
 .debug_line    0x0000000000001473      0x325 build/default/debug/_ext/1865521619/plib_port.o
 .debug_line    0x0000000000001798      0x4a7 build/default/debug/_ext/17022449/plib_sercom1_spi_master.o
 .debug_line    0x0000000000001c3f      0x421 build/default/debug/_ext/1827571544/plib_systick.o
 .debug_line    0x0000000000002060      0x3a0 build/default/debug/_ext/60181570/plib_tcc0.o
 .debug_line    0x0000000000002400      0x120 build/default/debug/_ext/1865643529/plib_trng.o
 .debug_line    0x0000000000002520      0x2b0 build/default/debug/_ext/1171490990/initialization.o
 .debug_line    0x00000000000027d0       0xbb build/default/debug/_ext/1171490990/interrupts.o
 .debug_line    0x000000000000288b       0xcd build/default/debug/_ext/1171490990/exceptions.o
 .debug_line    0x0000000000002958      0x248 build/default/debug/_ext/1171490990/startup_xc32.o
 .debug_line    0x0000000000002ba0      0x155 build/default/debug/_ext/1360937237/main.o
 .debug_line    0x0000000000002cf5      0x575 build/default/debug/_ext/1360937237/neopixel.o
 .debug_line    0x000000000000326a       0xa7 c:/program files/microchip/xc32/v4.60/bin/bin/../../lib/gcc/pic32c/8.3.1/../../../../pic32c/lib/thumb/v7e-m+fp/hard\libpic32c.a(data_init.o)
 .debug_line    0x0000000000003311       0xe3 c:/program files/microchip/xc32/v4.60/bin/bin/../../lib/gcc/pic32c/8.3.1/../../../../pic32c/lib/thumb/v7e-m+fp/hard\libc-size-musl.a(memset.o)
 .debug_line    0x00000000000033f4      0x1c7 c:/program files/microchip/xc32/v4.60/bin/bin/../../lib/gcc/pic32c/8.3.1/../../../../pic32c/lib/thumb/v7e-m+fp/hard\libg-musl.a(__libc_start_main.o)
 .debug_line    0x00000000000035bb       0xb5 c:/program files/microchip/xc32/v4.60/bin/bin/../../lib/gcc/pic32c/8.3.1/../../../../pic32c/lib/thumb/v7e-m+fp/hard\libg-musl.a(libc.o)
 .debug_line    0x0000000000003670       0xfb c:/program files/microchip/xc32/v4.60/bin/bin/../../lib/gcc/pic32c/8.3.1/../../../../pic32c/lib/thumb/v7e-m+fp/hard\libg-musl.a(__environ.o)
 .debug_line    0x000000000000376b       0x72 c:/program files/microchip/xc32/v4.60/bin/bin/../../lib/gcc/pic32c/8.3.1/../../../../pic32c/lib/thumb/v7e-m+fp/hard\libpic32c.a(pic32_data_init_clear.o)
 .debug_line    0x00000000000037dd       0x7a c:/program files/microchip/xc32/v4.60/bin/bin/../../lib/gcc/pic32c/8.3.1/../../../../pic32c/lib/thumb/v7e-m+fp/hard\libpic32c.a(pic32_data_init_copy.o)

.debug_str      0x0000000000000000     0x7991
 .debug_str     0x0000000000000000      0x684 build/default/debug/_ext/1984496892/plib_clock.o
 .debug_str     0x0000000000000684      0x8f8 build/default/debug/_ext/1865161661/plib_dmac.o
 .debug_str     0x0000000000000f7c      0x45a build/default/debug/_ext/1986646378/plib_evsys.o
 .debug_str     0x00000000000013d6      0xcb1 build/default/debug/_ext/1865468468/plib_nvic.o
 .debug_str     0x0000000000002087      0x6be build/default/debug/_ext/1593096446/plib_nvmctrl.o
 .debug_str     0x0000000000002745      0x8cf build/default/debug/_ext/1865521619/plib_port.o
 .debug_str     0x0000000000003014      0x737 build/default/debug/_ext/17022449/plib_sercom1_spi_master.o
 .debug_str     0x000000000000374b      0x4fd build/default/debug/_ext/1827571544/plib_systick.o
 .debug_str     0x0000000000003c48      0x588 build/default/debug/_ext/60181570/plib_tcc0.o
 .debug_str     0x00000000000041d0      0x352 build/default/debug/_ext/1865643529/plib_trng.o
 .debug_str     0x0000000000004522      0x370 build/default/debug/_ext/1171490990/initialization.o
 .debug_str     0x0000000000004892      0xec3 build/default/debug/_ext/1171490990/interrupts.o
 .debug_str     0x0000000000005755      0x31c build/default/debug/_ext/1171490990/exceptions.o
 .debug_str     0x0000000000005a71      0x456 build/default/debug/_ext/1171490990/startup_xc32.o
 .debug_str     0x0000000000005ec7      0x309 build/default/debug/_ext/1360937237/main.o
 .debug_str     0x00000000000061d0      0x692 build/default/debug/_ext/1360937237/neopixel.o
 .debug_str     0x0000000000006862      0x206 c:/program files/microchip/xc32/v4.60/bin/bin/../../lib/gcc/pic32c/8.3.1/../../../../pic32c/lib/thumb/v7e-m+fp/hard\libpic32c.a(data_init.o)
 .debug_str     0x0000000000006a68      0x21b c:/program files/microchip/xc32/v4.60/bin/bin/../../lib/gcc/pic32c/8.3.1/../../../../pic32c/lib/thumb/v7e-m+fp/hard\libc-size-musl.a(memset.o)
 .debug_str     0x0000000000006c83      0x3d4 c:/program files/microchip/xc32/v4.60/bin/bin/../../lib/gcc/pic32c/8.3.1/../../../../pic32c/lib/thumb/v7e-m+fp/hard\libg-musl.a(__libc_start_main.o)
 .debug_str     0x0000000000007057      0x33f c:/program files/microchip/xc32/v4.60/bin/bin/../../lib/gcc/pic32c/8.3.1/../../../../pic32c/lib/thumb/v7e-m+fp/hard\libg-musl.a(libc.o)
 .debug_str     0x0000000000007396      0x23f c:/program files/microchip/xc32/v4.60/bin/bin/../../lib/gcc/pic32c/8.3.1/../../../../pic32c/lib/thumb/v7e-m+fp/hard\libg-musl.a(__environ.o)
 .debug_str     0x00000000000075d5      0x1df c:/program files/microchip/xc32/v4.60/bin/bin/../../lib/gcc/pic32c/8.3.1/../../../../pic32c/lib/thumb/v7e-m+fp/hard\libpic32c.a(pic32_data_init_clear.o)
 .debug_str     0x00000000000077b4      0x1dd c:/program files/microchip/xc32/v4.60/bin/bin/../../lib/gcc/pic32c/8.3.1/../../../../pic32c/lib/thumb/v7e-m+fp/hard\libpic32c.a(pic32_data_init_copy.o)

.debug_frame    0x0000000000000000      0xb70
 .debug_frame   0x0000000000000000       0x20 build/default/debug/_ext/1984496892/plib_clock.o
 .debug_frame   0x0000000000000020      0x178 build/default/debug/_ext/1865161661/plib_dmac.o
 .debug_frame   0x0000000000000198       0x60 build/default/debug/_ext/1986646378/plib_evsys.o
 .debug_frame   0x00000000000001f8       0x7c build/default/debug/_ext/1865468468/plib_nvic.o
 .debug_frame   0x0000000000000274      0x1d8 build/default/debug/_ext/1593096446/plib_nvmctrl.o
 .debug_frame   0x000000000000044c       0xd8 build/default/debug/_ext/1865521619/plib_port.o
 .debug_frame   0x0000000000000524       0x9c build/default/debug/_ext/17022449/plib_sercom1_spi_master.o
 .debug_frame   0x00000000000005c0      0x138 build/default/debug/_ext/1827571544/plib_systick.o
 .debug_frame   0x00000000000006f8       0xe0 build/default/debug/_ext/60181570/plib_tcc0.o
 .debug_frame   0x00000000000007d8       0x30 build/default/debug/_ext/1865643529/plib_trng.o
 .debug_frame   0x0000000000000808       0x28 build/default/debug/_ext/1171490990/initialization.o
 .debug_frame   0x0000000000000830       0x20 build/default/debug/_ext/1171490990/interrupts.o
 .debug_frame   0x0000000000000850       0x70 build/default/debug/_ext/1171490990/exceptions.o
 .debug_frame   0x00000000000008c0       0x38 build/default/debug/_ext/1171490990/startup_xc32.o
 .debug_frame   0x00000000000008f8       0x5c build/default/debug/_ext/1360937237/main.o
 .debug_frame   0x0000000000000954      0x12c build/default/debug/_ext/1360937237/neopixel.o
 .debug_frame   0x0000000000000a80       0x4c c:/program files/microchip/xc32/v4.60/bin/bin/../../lib/gcc/pic32c/8.3.1/../../../../pic32c/lib/thumb/v7e-m+fp/hard\libpic32c.a(data_init.o)
 .debug_frame   0x0000000000000acc       0x20 c:/program files/microchip/xc32/v4.60/bin/bin/../../lib/gcc/pic32c/8.3.1/../../../../pic32c/lib/thumb/v7e-m+fp/hard\libc-size-musl.a(memset.o)
 .debug_frame   0x0000000000000aec       0x3c c:/program files/microchip/xc32/v4.60/bin/bin/../../lib/gcc/pic32c/8.3.1/../../../../pic32c/lib/thumb/v7e-m+fp/hard\libg-musl.a(__libc_start_main.o)
 .debug_frame   0x0000000000000b28       0x20 c:/program files/microchip/xc32/v4.60/bin/bin/../../lib/gcc/pic32c/8.3.1/../../../../pic32c/lib/thumb/v7e-m+fp/hard\libpic32c.a(pic32_data_init_clear.o)
 .debug_frame   0x0000000000000b48       0x28 c:/program files/microchip/xc32/v4.60/bin/bin/../../lib/gcc/pic32c/8.3.1/../../../../pic32c/lib/thumb/v7e-m+fp/hard\libpic32c.a(pic32_data_init_copy.o)

.debug_loc      0x0000000000000000     0x452a
 .debug_loc     0x0000000000000000      0x8e1 build/default/debug/_ext/1865161661/plib_dmac.o
 .debug_loc     0x00000000000008e1       0xde build/default/debug/_ext/1986646378/plib_evsys.o
 .debug_loc     0x00000000000009bf      0x19d build/default/debug/_ext/1865468468/plib_nvic.o
 .debug_loc     0x0000000000000b5c      0x83e build/default/debug/_ext/1593096446/plib_nvmctrl.o
 .debug_loc     0x000000000000139a      0x23d build/default/debug/_ext/1865521619/plib_port.o
 .debug_loc     0x00000000000015d7      0x57d build/default/debug/_ext/17022449/plib_sercom1_spi_master.o
 .debug_loc     0x0000000000001b54      0x331 build/default/debug/_ext/1827571544/plib_systick.o
 .debug_loc     0x0000000000001e85      0x161 build/default/debug/_ext/60181570/plib_tcc0.o
 .debug_loc     0x0000000000001fe6       0x45 build/default/debug/_ext/1171490990/initialization.o
 .debug_loc     0x000000000000202b       0x4a build/default/debug/_ext/1171490990/startup_xc32.o
 .debug_loc     0x0000000000002075       0x90 build/default/debug/_ext/1360937237/main.o
 .debug_loc     0x0000000000002105     0x232f build/default/debug/_ext/1360937237/neopixel.o
 .debug_loc     0x0000000000004434       0x14 c:/program files/microchip/xc32/v4.60/bin/bin/../../lib/gcc/pic32c/8.3.1/../../../../pic32c/lib/thumb/v7e-m+fp/hard\libpic32c.a(data_init.o)
 .debug_loc     0x0000000000004448       0x7d c:/program files/microchip/xc32/v4.60/bin/bin/../../lib/gcc/pic32c/8.3.1/../../../../pic32c/lib/thumb/v7e-m+fp/hard\libc-size-musl.a(memset.o)
 .debug_loc     0x00000000000044c5       0x51 c:/program files/microchip/xc32/v4.60/bin/bin/../../lib/gcc/pic32c/8.3.1/../../../../pic32c/lib/thumb/v7e-m+fp/hard\libg-musl.a(__libc_start_main.o)
 .debug_loc     0x0000000000004516       0x14 c:/program files/microchip/xc32/v4.60/bin/bin/../../lib/gcc/pic32c/8.3.1/../../../../pic32c/lib/thumb/v7e-m+fp/hard\libpic32c.a(pic32_data_init_copy.o)

.note.GNU-stack
                0x0000000000000000        0x0
 .note.GNU-stack
                0x0000000000000000        0x0 c:/program files/microchip/xc32/v4.60/bin/bin/../../lib/gcc/pic32c/8.3.1/../../../../pic32c/lib/thumb/v7e-m+fp/hard\libc-size-musl.a(memset.o)
 .note.GNU-stack
                0x0000000000000000        0x0 c:/program files/microchip/xc32/v4.60/bin/bin/../../lib/gcc/pic32c/8.3.1/../../../../pic32c/lib/thumb/v7e-m+fp/hard\libg-musl.a(__libc_start_main.o)
 .note.GNU-stack
                0x0000000000000000        0x0 c:/program files/microchip/xc32/v4.60/bin/bin/../../lib/gcc/pic32c/8.3.1/../../../../pic32c/lib/thumb/v7e-m+fp/hard\libg-musl.a(libc.o)
 .note.GNU-stack
                0x0000000000000000        0x0 c:/program files/microchip/xc32/v4.60/bin/bin/../../lib/gcc/pic32c/8.3.1/../../../../pic32c/lib/thumb/v7e-m+fp/hard\libg-musl.a(__environ.o)

.stack          0x0000000020000810      0x100
 .stack         0x0000000020000810      0x100 stack

.bss.neo_buf%1  0x0000000020000000      0x542
 .bss.neo_buf   0x0000000020000000      0x542 build/default/debug/_ext/1360937237/neopixel.o

.bss%2          0x0000000020000544       0x50
 .bss           0x0000000020000544       0x50 c:/program files/microchip/xc32/v4.60/bin/bin/../../lib/gcc/pic32c/8.3.1/../../../../pic32c/lib/thumb/v7e-m+fp/hard\libg-musl.a(libc.o)
                0x0000000020000544                __progname_full
                0x0000000020000544                program_invocation_name
                0x0000000020000548                program_invocation_short_name
                0x0000000020000548                __progname
                0x000000002000054c                __sysinfo
                0x0000000020000550                __hwcap
                0x0000000020000554                __libc

.bss%3          0x0000000020000594       0x1c
 .bss           0x0000000020000594       0x1c c:/program files/microchip/xc32/v4.60/bin/bin/../../lib/gcc/pic32c/8.3.1/thumb/v7e-m+fp/hard/crtbegin.o

.bss.descriptor_section%4
                0x00000000200005b0       0x10
 .bss.descriptor_section
                0x00000000200005b0       0x10 build/default/debug/_ext/1865161661/plib_dmac.o

.bss.dmacChannelObj%5
                0x00000000200005c0       0x10
 .bss.dmacChannelObj
                0x00000000200005c0       0x10 build/default/debug/_ext/1865161661/plib_dmac.o

.bss.write_back_section%6
                0x00000000200005d0       0x10
 .bss.write_back_section
                0x00000000200005d0       0x10 build/default/debug/_ext/1865161661/plib_dmac.o

.bss.systick%7  0x00000000200005e0        0xc
 .bss.systick   0x00000000200005e0        0xc build/default/debug/_ext/1827571544/plib_systick.o

.bss%8          0x00000000200005ec        0x4
 .bss           0x00000000200005ec        0x4 c:/program files/microchip/xc32/v4.60/bin/bin/../../lib/gcc/pic32c/8.3.1/../../../../pic32c/lib/thumb/v7e-m+fp/hard\libpic32c.a(data_init.o)

.bss%9          0x00000000200005f0        0x4
 .bss           0x00000000200005f0        0x4 c:/program files/microchip/xc32/v4.60/bin/bin/../../lib/gcc/pic32c/8.3.1/../../../../pic32c/lib/thumb/v7e-m+fp/hard\libg-musl.a(__environ.o)
                0x00000000200005f0                __environ
                0x00000000200005f0                environ
                0x00000000200005f0                ___environ
                0x00000000200005f0                _environ

.bss.tx_done%10
                0x0000000020000542        0x1
 .bss.tx_done   0x0000000020000542        0x1 build/default/debug/_ext/1360937237/neopixel.o

.eh_frame%z1    0x0000000000000000        0x0
 .eh_frame      0x0000000000000000        0x0 c:/program files/microchip/xc32/v4.60/bin/bin/../../lib/gcc/pic32c/8.3.1/thumb/v7e-m+fp/hard/crtbegin.o

.config_00804000.__config_00804000%11
                0x0000000000804000        0x4
 .config_00804000.__config_00804000
                0x0000000000804000        0x4 build/default/debug/_ext/1171490990/initialization.o
                0x0000000000804000                __config_00804000

.config_00804004.__config_00804004%12
                0x0000000000804004        0x4
 .config_00804004.__config_00804004
                0x0000000000804004        0x4 build/default/debug/_ext/1171490990/initialization.o
                0x0000000000804004                __config_00804004

.config_00804008.__config_00804008%13
                0x0000000000804008        0x4
 .config_00804008.__config_00804008
                0x0000000000804008        0x4 build/default/debug/_ext/1171490990/initialization.o
                0x0000000000804008                __config_00804008

.text.CLOCK_Initialize%14
                0x0000000000000280      0x164
 .text.CLOCK_Initialize
                0x0000000000000280      0x164 build/default/debug/_ext/1984496892/plib_clock.o
                0x0000000000000280                CLOCK_Initialize

.text.DMAC_ChannelTransfer%15
                0x00000000000003e4       0xe8
 .text.DMAC_ChannelTransfer
                0x00000000000003e4       0xe8 build/default/debug/_ext/1865161661/plib_dmac.o
                0x00000000000003e4                DMAC_ChannelTransfer

.text.NeoPixel_Fire%16
                0x00000000000004cc       0xcc
 .text.NeoPixel_Fire
                0x00000000000004cc       0xcc build/default/debug/_ext/1360937237/neopixel.o
                0x00000000000004cc                NeoPixel_Fire

.text.NeoPixel_HSVtoRGB%17
                0x0000000000000598       0xb8
 .text.NeoPixel_HSVtoRGB
                0x0000000000000598       0xb8 build/default/debug/_ext/1360937237/neopixel.o
                0x0000000000000598                NeoPixel_HSVtoRGB

.text.NeoPixel_SetPixel%18
                0x0000000000000650       0x9c
 .text.NeoPixel_SetPixel
                0x0000000000000650       0x9c build/default/debug/_ext/1360937237/neopixel.o
                0x0000000000000650                NeoPixel_SetPixel

.text.Reset_Handler%19
                0x00000000000006ec       0x8c
 .text.Reset_Handler
                0x00000000000006ec       0x8c build/default/debug/_ext/1171490990/startup_xc32.o
                0x00000000000006ec                Reset_Handler

.text.DMAC_channel_interruptHandler%20
                0x0000000000000778       0x84
 .text.DMAC_channel_interruptHandler
                0x0000000000000778       0x84 build/default/debug/_ext/1865161661/plib_dmac.o

.text.PORT_Initialize%21
                0x00000000000007fc       0x64
 .text.PORT_Initialize
                0x00000000000007fc       0x64 build/default/debug/_ext/1865521619/plib_port.o
                0x00000000000007fc                PORT_Initialize

.text.TCC0_PWMInitialize%22
                0x0000000000000860       0x5c
 .text.TCC0_PWMInitialize
                0x0000000000000860       0x5c build/default/debug/_ext/60181570/plib_tcc0.o
                0x0000000000000860                TCC0_PWMInitialize

.text.__libc_start_init%23
                0x00000000000008bc       0x5c
 .text.__libc_start_init
                0x00000000000008bc       0x5c c:/program files/microchip/xc32/v4.60/bin/bin/../../lib/gcc/pic32c/8.3.1/../../../../pic32c/lib/thumb/v7e-m+fp/hard\libg-musl.a(__libc_start_main.o)
                0x00000000000008bc                __libc_init_array

.text.DMAC_Initialize%24
                0x0000000000000918       0x58
 .text.DMAC_Initialize
                0x0000000000000918       0x58 build/default/debug/_ext/1865161661/plib_dmac.o
                0x0000000000000918                DMAC_Initialize

.text.NVIC_Initialize%25
                0x0000000000000970       0x54
 .text.NVIC_Initialize
                0x0000000000000970       0x54 build/default/debug/_ext/1865468468/plib_nvic.o
                0x0000000000000970                NVIC_Initialize

.dinit%26       0x00000000000009c4       0x50
 .dinit         0x00000000000009c4       0x50 data_init

.text%27        0x0000000000000a14       0x40
 .text          0x0000000000000a14       0x40 c:/program files/microchip/xc32/v4.60/bin/bin/../../lib/gcc/pic32c/8.3.1/thumb/v7e-m+fp/hard/crtbegin.o

.text.SYSTICK_DelayMs%28
                0x0000000000000a54       0x40
 .text.SYSTICK_DelayMs
                0x0000000000000a54       0x40 build/default/debug/_ext/1827571544/plib_systick.o
                0x0000000000000a54                SYSTICK_DelayMs

.text.__pic32c_data_initialization%29
                0x0000000000000a94       0x38
 .text.__pic32c_data_initialization
                0x0000000000000a94       0x38 c:/program files/microchip/xc32/v4.60/bin/bin/../../lib/gcc/pic32c/8.3.1/../../../../pic32c/lib/thumb/v7e-m+fp/hard\libpic32c.a(data_init.o)
                0x0000000000000a94                __pic32c_data_initialization

.text.SYS_Initialize%30
                0x0000000000000acc       0x2c
 .text.SYS_Initialize
                0x0000000000000acc       0x2c build/default/debug/_ext/1171490990/initialization.o
                0x0000000000000acc                SYS_Initialize

.text.NeoPixel_Show%31
                0x0000000000000af8       0x2c
 .text.NeoPixel_Show
                0x0000000000000af8       0x2c build/default/debug/_ext/1360937237/neopixel.o
                0x0000000000000af8                NeoPixel_Show

.text.SERCOM1_SPI_Initialize%32
                0x0000000000000b24       0x28
 .text.SERCOM1_SPI_Initialize
                0x0000000000000b24       0x28 build/default/debug/_ext/17022449/plib_sercom1_spi_master.o
                0x0000000000000b24                SERCOM1_SPI_Initialize

.text.main%33   0x0000000000000b4c       0x26
 .text.main     0x0000000000000b4c       0x26 build/default/debug/_ext/1360937237/main.o
                0x0000000000000b4c                main

.text.SYSTICK_TimerInitialize%34
                0x0000000000000b74       0x24
 .text.SYSTICK_TimerInitialize
                0x0000000000000b74       0x24 build/default/debug/_ext/1827571544/plib_systick.o
                0x0000000000000b74                SYSTICK_TimerInitialize

.text.SysTick_Handler%35
                0x0000000000000b98       0x24
 .text.SysTick_Handler
                0x0000000000000b98       0x24 build/default/debug/_ext/1827571544/plib_systick.o
                0x0000000000000b98                SysTick_Handler

.text.NeoPixel_Init%36
                0x0000000000000bbc       0x24
 .text.NeoPixel_Init
                0x0000000000000bbc       0x24 build/default/debug/_ext/1360937237/neopixel.o
                0x0000000000000bbc                NeoPixel_Init

.text.__dinit_copy%37
                0x0000000000000be0       0x1e
 .text.__dinit_copy
                0x0000000000000be0       0x1e c:/program files/microchip/xc32/v4.60/bin/bin/../../lib/gcc/pic32c/8.3.1/../../../../pic32c/lib/thumb/v7e-m+fp/hard\libpic32c.a(pic32_data_init_copy.o)
                0x0000000000000be0                __dinit_copy_needed
                0x0000000000000be0                __dinit_copy

.text.EVSYS_Initialize%38
                0x0000000000000c00       0x14
 .text.EVSYS_Initialize
                0x0000000000000c00       0x14 build/default/debug/_ext/1986646378/plib_evsys.o
                0x0000000000000c00                EVSYS_Initialize

.text.NeoPixel_DMA_Callback%39
                0x0000000000000c14       0x14
 .text.NeoPixel_DMA_Callback
                0x0000000000000c14       0x14 build/default/debug/_ext/1360937237/neopixel.o

.rodata%40      0x0000000000000c28       0x14
 .rodata        0x0000000000000c28       0x14 c:/program files/microchip/xc32/v4.60/bin/bin/../../lib/gcc/pic32c/8.3.1/../../../../pic32c/lib/thumb/v7e-m+fp/hard\libpic32c.a(data_init.o)

.text.memset%41
                0x0000000000000c3c       0x14
 .text.memset   0x0000000000000c3c       0x14 c:/program files/microchip/xc32/v4.60/bin/bin/../../lib/gcc/pic32c/8.3.1/../../../../pic32c/lib/thumb/v7e-m+fp/hard\libc-size-musl.a(memset.o)
                0x0000000000000c3c                memset

.text.__dinit_clear%42
                0x0000000000000c50       0x12
 .text.__dinit_clear
                0x0000000000000c50       0x12 c:/program files/microchip/xc32/v4.60/bin/bin/../../lib/gcc/pic32c/8.3.1/../../../../pic32c/lib/thumb/v7e-m+fp/hard\libpic32c.a(pic32_data_init_clear.o)
                0x0000000000000c50                __dinit_clear
                0x0000000000000c50                __dinit_clear_needed

.text.DMAC_ChannelCallbackRegister%43
                0x0000000000000c64       0x10
 .text.DMAC_ChannelCallbackRegister
                0x0000000000000c64       0x10 build/default/debug/_ext/1865161661/plib_dmac.o
                0x0000000000000c64                DMAC_ChannelCallbackRegister

.text.NVMCTRL_Initialize%44
                0x0000000000000c74       0x10
 .text.NVMCTRL_Initialize
                0x0000000000000c74       0x10 build/default/debug/_ext/1593096446/plib_nvmctrl.o
                0x0000000000000c74                NVMCTRL_Initialize

.text.DMAC_0_InterruptHandler%45
                0x0000000000000c84        0xa
 .text.DMAC_0_InterruptHandler
                0x0000000000000c84        0xa build/default/debug/_ext/1865161661/plib_dmac.o
                0x0000000000000c84                DMAC_0_InterruptHandler

.text.Dummy_Handler%46
                0x0000000000000c8e        0x4
 .text.Dummy_Handler
                0x0000000000000c8e        0x4 build/default/debug/_ext/1171490990/interrupts.o
                0x0000000000000c8e                EIC_EXTINT_9_Handler
                0x0000000000000c8e                TCC0_MC5_Handler
                0x0000000000000c8e                SVCall_Handler
                0x0000000000000c8e                SERCOM0_2_Handler
                0x0000000000000c8e                USB_SOF_HSOF_Handler
                0x0000000000000c8e                TCC4_OTHER_Handler
                0x0000000000000c8e                TCC2_MC2_Handler
                0x0000000000000c8e                EVSYS_0_Handler
                0x0000000000000c8e                TRNG_Handler
                0x0000000000000c8e                TC2_Handler
                0x0000000000000c8e                USB_TRCPT0_Handler
                0x0000000000000c8e                DAC_OTHER_Handler
                0x0000000000000c8e                AC_Handler
                0x0000000000000c8e                DAC_EMPTY_0_Handler
                0x0000000000000c8e                DMAC_OTHER_Handler
                0x0000000000000c8e                EIC_EXTINT_5_Handler
                0x0000000000000c8e                SERCOM3_1_Handler
                0x0000000000000c8e                SERCOM4_OTHER_Handler
                0x0000000000000c8e                SERCOM3_2_Handler
                0x0000000000000c8e                EIC_EXTINT_6_Handler
                0x0000000000000c8e                PendSV_Handler
                0x0000000000000c8e                TCC4_MC0_Handler
                0x0000000000000c8e                EVSYS_3_Handler
                0x0000000000000c8e                QSPI_Handler
                0x0000000000000c8e                TCC2_MC0_Handler
                0x0000000000000c8e                PDEC_OTHER_Handler
                0x0000000000000c8e                TCC3_MC0_Handler
                0x0000000000000c8e                PDEC_MC1_Handler
                0x0000000000000c8e                TCC2_MC1_Handler
                0x0000000000000c8e                OSCCTRL_XOSC1_Handler
                0x0000000000000c8e                PDEC_MC0_Handler
                0x0000000000000c8e                EIC_EXTINT_4_Handler
                0x0000000000000c8e                EIC_EXTINT_7_Handler
                0x0000000000000c8e                SERCOM0_OTHER_Handler
                0x0000000000000c8e                EVSYS_OTHER_Handler
                0x0000000000000c8e                SERCOM0_0_Handler
                0x0000000000000c8e                RTC_Handler
                0x0000000000000c8e                SERCOM4_0_Handler
                0x0000000000000c8e                TCC1_MC0_Handler
                0x0000000000000c8e                SERCOM1_OTHER_Handler
                0x0000000000000c8e                TCC2_OTHER_Handler
                0x0000000000000c8e                EIC_EXTINT_11_Handler
                0x0000000000000c8e                SUPC_BODDET_Handler
                0x0000000000000c8e                EIC_EXTINT_14_Handler
                0x0000000000000c8e                OSC32KCTRL_Handler
                0x0000000000000c8e                EVSYS_1_Handler
                0x0000000000000c8e                TCC4_MC1_Handler
                0x0000000000000c8e                SUPC_OTHER_Handler
                0x0000000000000c8e                WDT_Handler
                0x0000000000000c8e                CAN0_Handler
                0x0000000000000c8e                EIC_EXTINT_15_Handler
                0x0000000000000c8e                EIC_EXTINT_1_Handler
                0x0000000000000c8e                TCC3_MC1_Handler
                0x0000000000000c8e                SERCOM5_0_Handler
                0x0000000000000c8e                TC4_Handler
                0x0000000000000c8e                TC1_Handler
                0x0000000000000c8e                TCC1_MC1_Handler
                0x0000000000000c8e                EIC_EXTINT_0_Handler
                0x0000000000000c8e                TCC1_OTHER_Handler
                0x0000000000000c8e                PAC_Handler
                0x0000000000000c8e                SERCOM4_1_Handler
                0x0000000000000c8e                TC3_Handler
                0x0000000000000c8e                Dummy_Handler
                0x0000000000000c8e                DAC_RESRDY_0_Handler
                0x0000000000000c8e                SERCOM5_1_Handler
                0x0000000000000c8e                DMAC_2_Handler
                0x0000000000000c8e                TCC0_MC4_Handler
                0x0000000000000c8e                USB_TRCPT1_Handler
                0x0000000000000c8e                SERCOM0_1_Handler
                0x0000000000000c8e                TCC0_MC3_Handler
                0x0000000000000c8e                EIC_EXTINT_12_Handler
                0x0000000000000c8e                OSCCTRL_DPLL0_Handler
                0x0000000000000c8e                SERCOM5_OTHER_Handler
                0x0000000000000c8e                PM_Handler
                0x0000000000000c8e                OSCCTRL_DFLL_Handler
                0x0000000000000c8e                DAC_RESRDY_1_Handler
                0x0000000000000c8e                DMAC_1_Handler
                0x0000000000000c8e                USB_OTHER_Handler
                0x0000000000000c8e                CAN1_Handler
                0x0000000000000c8e                TCC0_OTHER_Handler
                0x0000000000000c8e                EIC_EXTINT_10_Handler
                0x0000000000000c8e                TCC1_MC3_Handler
                0x0000000000000c8e                OSCCTRL_XOSC0_Handler
                0x0000000000000c8e                TCC0_MC0_Handler
                0x0000000000000c8e                EIC_EXTINT_2_Handler
                0x0000000000000c8e                SDHC0_Handler
                0x0000000000000c8e                SERCOM1_1_Handler
                0x0000000000000c8e                I2S_Handler
                0x0000000000000c8e                PCC_Handler
                0x0000000000000c8e                TCC3_OTHER_Handler
                0x0000000000000c8e                EIC_EXTINT_13_Handler
                0x0000000000000c8e                SERCOM1_0_Handler
                0x0000000000000c8e                PUKCC_Handler
                0x0000000000000c8e                SERCOM2_1_Handler
                0x0000000000000c8e                SERCOM1_2_Handler
                0x0000000000000c8e                SERCOM3_0_Handler
                0x0000000000000c8e                SERCOM4_2_Handler
                0x0000000000000c8e                TCC1_MC2_Handler
                0x0000000000000c8e                ADC1_RESRDY_Handler
                0x0000000000000c8e                NVMCTRL_1_Handler
                0x0000000000000c8e                SERCOM5_2_Handler
                0x0000000000000c8e                SERCOM2_2_Handler
                0x0000000000000c8e                DAC_EMPTY_1_Handler
                0x0000000000000c8e                ADC1_OTHER_Handler
                0x0000000000000c8e                OSCCTRL_DPLL1_Handler
                0x0000000000000c8e                EIC_EXTINT_3_Handler
                0x0000000000000c8e                SERCOM3_OTHER_Handler
                0x0000000000000c8e                EIC_EXTINT_8_Handler
                0x0000000000000c8e                NVMCTRL_0_Handler
                0x0000000000000c8e                ADC0_RESRDY_Handler
                0x0000000000000c8e                ADC0_OTHER_Handler
                0x0000000000000c8e                MCLK_Handler
                0x0000000000000c8e                EVSYS_2_Handler
                0x0000000000000c8e                SERCOM2_OTHER_Handler
                0x0000000000000c8e                FREQM_Handler
                0x0000000000000c8e                TC0_Handler
                0x0000000000000c8e                TCC0_MC1_Handler
                0x0000000000000c8e                DMAC_3_Handler
                0x0000000000000c8e                RAMECC_Handler
                0x0000000000000c8e                TC5_Handler
                0x0000000000000c8e                SERCOM2_0_Handler
                0x0000000000000c8e                AES_Handler
                0x0000000000000c8e                ICM_Handler
                0x0000000000000c8e                TCC0_MC2_Handler

.text.NonMaskableInt_Handler%47
                0x0000000000000c92        0x4
 .text.NonMaskableInt_Handler
                0x0000000000000c92        0x4 build/default/debug/_ext/1171490990/exceptions.o
                0x0000000000000c92                NonMaskableInt_Handler

.text.HardFault_Handler%48
                0x0000000000000c96        0x4
 .text.HardFault_Handler
                0x0000000000000c96        0x4 build/default/debug/_ext/1171490990/exceptions.o
                0x0000000000000c96                HardFault_Handler

.text.DebugMonitor_Handler%49
                0x0000000000000c9a        0x4
 .text.DebugMonitor_Handler
                0x0000000000000c9a        0x4 build/default/debug/_ext/1171490990/exceptions.o
                0x0000000000000c9a                DebugMonitor_Handler

.text.MemoryManagement_Handler%50
                0x0000000000000c9e        0x4
 .text.MemoryManagement_Handler
                0x0000000000000c9e        0x4 build/default/debug/_ext/1171490990/exceptions.o
                0x0000000000000c9e                MemoryManagement_Handler

.text.BusFault_Handler%51
                0x0000000000000ca2        0x4
 .text.BusFault_Handler
                0x0000000000000ca2        0x4 build/default/debug/_ext/1171490990/exceptions.o
                0x0000000000000ca2                BusFault_Handler

.text.UsageFault_Handler%52
                0x0000000000000ca6        0x4
 .text.UsageFault_Handler
                0x0000000000000ca6        0x4 build/default/debug/_ext/1171490990/exceptions.o
                0x0000000000000ca6                UsageFault_Handler

.text.__dummy_decompress%53
                0x0000000000000caa        0x4
 .text.__dummy_decompress
                0x0000000000000caa        0x4 c:/program files/microchip/xc32/v4.60/bin/bin/../../lib/gcc/pic32c/8.3.1/../../../../pic32c/lib/thumb/v7e-m+fp/hard\libpic32c.a(data_init.o)
                0x0000000000000caa                __dinit_decompress
                0x0000000000000caa                __dinit_copy_val_data
                0x0000000000000caa                __dinit_copy_emb

.text.TRNG_Initialize%54
                0x0000000000000b72        0x2
 .text.TRNG_Initialize
                0x0000000000000b72        0x2 build/default/debug/_ext/1865643529/plib_trng.o
                0x0000000000000b72                TRNG_Initialize

.text.Dummy_App_Func%55
                0x0000000000000bfe        0x2
 .text.Dummy_App_Func
                0x0000000000000bfe        0x2 build/default/debug/_ext/1171490990/startup_xc32.o
                0x0000000000000bfe                _on_reset
                0x0000000000000bfe                _on_bootstrap
                0x0000000000000bfe                __xc32_on_reset
                0x0000000000000bfe                Dummy_App_Func
                0x0000000000000bfe                __xc32_on_bootstrap

.text.__dummy_init_tls%56
                0x0000000000000c62        0x2
 .text.__dummy_init_tls
                0x0000000000000c62        0x2 c:/program files/microchip/xc32/v4.60/bin/bin/../../lib/gcc/pic32c/8.3.1/../../../../pic32c/lib/thumb/v7e-m+fp/hard\libpic32c.a(data_init.o)
                0x0000000000000c62                xc32_init_tls

.text.__dummy%57
                0x0000000000000cae        0x2
 .text.__dummy  0x0000000000000cae        0x2 c:/program files/microchip/xc32/v4.60/bin/bin/../../lib/gcc/pic32c/8.3.1/../../../../pic32c/lib/thumb/v7e-m+fp/hard\libg-musl.a(__libc_start_main.o)
                0x0000000000000cae                __init_stdio
                0x0000000000000cae                __init_host
