Archive member included to satisfy reference by file (symbol)

c:/program files/microchip/xc32/v4.60/bin/bin/../../lib/gcc/pic32c/8.3.1/../../../../pic32c/lib/thumb/v7e-m+fp/hard\libpic32c.a(data_init.o)
                              build/default/production/_ext/1171490990/startup_xc32.o (__pic32c_data_initialization)
c:/program files/microchip/xc32/v4.60/bin/bin/../../lib/gcc/pic32c/8.3.1/../../../../pic32c/lib/thumb/v7e-m+fp/hard\libc-size-musl.a(memcpy.o)
                              build/default/production/_ext/1593096446/plib_nvmctrl.o (memcpy)
c:/program files/microchip/xc32/v4.60/bin/bin/../../lib/gcc/pic32c/8.3.1/../../../../pic32c/lib/thumb/v7e-m+fp/hard\libc-size-musl.a(memset.o)
                              build/default/production/_ext/1360937237/neopixel.o (memset)
c:/program files/microchip/xc32/v4.60/bin/bin/../../lib/gcc/pic32c/8.3.1/../../../../pic32c/lib/thumb/v7e-m+fp/hard\libc-musl.a(__libc_start_main.o)
                              build/default/production/_ext/1171490990/startup_xc32.o (__libc_init_array)
c:/program files/microchip/xc32/v4.60/bin/bin/../../lib/gcc/pic32c/8.3.1/../../../../pic32c/lib/thumb/v7e-m+fp/hard\libc-musl.a(libc.o)
                              c:/program files/microchip/xc32/v4.60/bin/bin/../../lib/gcc/pic32c/8.3.1/../../../../pic32c/lib/thumb/v7e-m+fp/hard\libc-musl.a(__libc_start_main.o) (__progname_full)
c:/program files/microchip/xc32/v4.60/bin/bin/../../lib/gcc/pic32c/8.3.1/../../../../pic32c/lib/thumb/v7e-m+fp/hard\libc-musl.a(__environ.o)
                              c:/program files/microchip/xc32/v4.60/bin/bin/../../lib/gcc/pic32c/8.3.1/../../../../pic32c/lib/thumb/v7e-m+fp/hard\libc-musl.a(__libc_start_main.o) (__environ)
c:/program files/microchip/xc32/v4.60/bin/bin/../../lib/gcc/pic32c/8.3.1/../../../../pic32c/lib/thumb/v7e-m+fp/hard\libpic32c.a(pic32_data_init_clear.o)
                              (__dinit_clear_needed)
c:/program files/microchip/xc32/v4.60/bin/bin/../../lib/gcc/pic32c/8.3.1/../../../../pic32c/lib/thumb/v7e-m+fp/hard\libpic32c.a(pic32_data_init_copy.o)
                              (__dinit_copy_needed)

Microchip PIC32 Memory-Usage Report

ROM Program-Memory Usage
section                    address  length [bytes]      (dec)  Description
-------                 ----------  -------------------------  -----------
.vectors                         0          0x260         608   
.text                        0x260           0x20          32  App's exec code 
.text.CLOCK_Initialize       0x280          0x164         356   
.text.DMAC_ChannelTrans      0x3e4           0xe8         232   
.text.NeoPixel_HSVtoRGB      0x4cc           0xb8         184   
.text.NeoPixel_SetPixel      0x584           0x9c         156   
.text.Reset_Handler          0x620           0x88         136   
.text.DMAC_channel_inte      0x6a8           0x84         132   
.dinit                       0x72c           0x70         112   
.text.PORT_Initialize        0x79c           0x64         100   
.text.DMAC_Initialize        0x800           0x60          96   
.text.TCC0_PWMInitializ      0x860           0x5c          92   
.text.__libc_start_init      0x8bc           0x5c          92   
.text.NeoPixel_Rainbow       0x918           0x58          88   
.text.NVIC_Initialize        0x970           0x54          84   
.text                        0x9c4           0x40          64  App's exec code 
.text.SYSTICK_DelayMs        0xa04           0x40          64   
.text.__pic32c_data_ini      0xa44           0x38          56   
.text.SYS_Initialize         0xa7c           0x2c          44   
.text.NeoPixel_Show          0xaa8           0x2c          44   
.text.SERCOM1_SPI_Initi      0xad4           0x28          40   
.text.main                   0xafc           0x26          38   
.text.TRNG_Initialize        0xb22            0x2           2   
.text.SYSTICK_TimerInit      0xb24           0x24          36   
.text.SysTick_Handler        0xb48           0x24          36   
.text.NeoPixel_Init          0xb6c           0x24          36   
.text.__dinit_copy           0xb90           0x1e          30   
.text.Dummy_Handler          0xbae            0x2           2   
.text.EVSYS_Initialize       0xbb0           0x14          20   
.text.NeoPixel_DMA_Call      0xbc4           0x14          20   
.rodata                      0xbd8           0x14          20  Read-only const 
.text.memset                 0xbec           0x14          20   
.text.__dinit_clear          0xc00           0x12          18   
.text.NonMaskableInt_Ha      0xc12            0x2           2   
.text.DMAC_ChannelCallb      0xc14           0x10          16   
.text.NVMCTRL_Initializ      0xc24           0x10          16   
.text.DMAC_0_InterruptH      0xc34            0xa          10   
.text.__dummy_decompres      0xc3e            0x4           4   
.text.HardFault_Handler      0xc42            0x2           2   
[...]
Memory Configuration

Name             Origin             Length             Attributes
rom              0x0000000000000000 0x0000000000100000 xrl
ram              0x0000000020000000 0x0000000000040000 xw !r
tcm              0x0000000003000000 0x0000000000000000 xw
bkupram          0x0000000047000000 0x0000000000002000
config_00804000  0x0000000000804000 0x0000000000000004
config_00804004  0x0000000000804004 0x0000000000000004
config_00804008  0x0000000000804008 0x0000000000000004
*default*        0x0000000000000000 0xffffffffffffffff

Linker script and memory map

LOAD c:/program files/microchip/xc32/v4.60/bin/bin/../../lib/gcc/pic32c/8.3.1/thumb/v7e-m+fp/hard/crti.o
LOAD c:/program files/microchip/xc32/v4.60/bin/bin/../../lib/gcc/pic32c/8.3.1/thumb/v7e-m+fp/hard/crtbegin.o
LOAD build/default/production/_ext/1984496892/plib_clock.o
LOAD build/default/production/_ext/1865131932/plib_cmcc.o
LOAD build/default/production/_ext/1865161661/plib_dmac.o
LOAD build/default/production/_ext/1986646378/plib_evsys.o
LOAD build/default/production/_ext/1865468468/plib_nvic.o
LOAD build/default/production/_ext/1593096446/plib_nvmctrl.o
LOAD build/default/production/_ext/1865521619/plib_port.o
LOAD build/default/production/_ext/1827571544/plib_systick.o
LOAD build/default/production/_ext/60181570/plib_tcc0.o
LOAD build/default/production/_ext/1865643529/plib_trng.o
LOAD build/default/production/_ext/163028504/xc32_monitor.o
LOAD build/default/production/_ext/1171490990/initialization.o
LOAD build/default/production/_ext/1171490990/interrupts.o
LOAD build/default/production/_ext/1171490990/exceptions.o
LOAD build/default/production/_ext/1171490990/startup_xc32.o
LOAD build/default/production/_ext/1171490990/libc_syscalls.o
LOAD build/default/production/_ext/1360937237/main.o
LOAD build/default/production/_ext/1360937237/neopixel.o
LOAD build/default/production/_ext/1360937237/dsun_sensor.o
LOAD build/default/production/_ext/1360937237/lcd_i2c.o
LOAD build/default/production/_ext/17022449/plib_sercom1_spi_master.o
                0x0000000000000001                __MPLAB_BUILD = 0x1
                0x0000000000100000                __rom_end = (ORIGIN (rom) + LENGTH (rom))
                0x0000000020040000                __ram_end = (ORIGIN (ram) + LENGTH (ram))

.config_00804000
 *(.config_00804000)

.config_00804004
 *(.config_00804004)

.config_00804008
 *(.config_00804008)

.vectors        0x0000000000000000      0x260
                0x0000000000000000                . = ALIGN (0x4)
                0x0000000000000000                _sfixed = .
 *(.vectors .vectors.* .vectors_default .vectors_default.*)
 .vectors.exception_table
                0x0000000000000000      0x260 build/default/production/_ext/1171490990/interrupts.o
                0x0000000000000000                exception_table
 *(.isr_vector)
 *(.reset*)
 *(.after_vectors)

.text           0x0000000000000260       0x20
                0x0000000000000260                . = ALIGN (0x4)
 *(.glue_7t)
 .glue_7t       0x0000000000000260        0x0 linker stubs
 *(.glue_7)
 .glue_7        0x0000000000000260        0x0 linker stubs
 *(.gnu.linkonce.r.*)
 *(.ARM.extab* .gnu.linkonce.armextab.*)
                0x0000000000000260                . = ALIGN (0x4)
 *(.init)
 .init          0x0000000000000260        0x4 c:/program files/microchip/xc32/v4.60/bin/bin/../../lib/gcc/pic32c/8.3.1/thumb/v7e-m+fp/hard/crti.o
                0x0000000000000260                _init
 .init          0x0000000000000264        0x8 c:/program files/microchip/xc32/v4.60/bin/bin/../../lib/gcc/pic32c/8.3.1/thumb/v7e-m+fp/hard/crtn.o
                0x000000000000026c                . = ALIGN (0x4)
                0x000000000000026c                __preinit_array_start = .
 *(.preinit_array)
                0x000000000000026c                __preinit_array_end = .
                0x000000000000026c                . = ALIGN (0x4)
                0x000000000000026c                __init_array_start = .
 *(SORT_BY_NAME(.init_array.*))
 *(.init_array)
 .init_array    0x000000000000026c        0x4 c:/program files/microchip/xc32/v4.60/bin/bin/../../lib/gcc/pic32c/8.3.1/thumb/v7e-m+fp/hard/crtbegin.o
                0x0000000000000270                __init_array_end = .
                0x0000000000000270                . = ALIGN (0x4)
 *crtbegin.o(.ctors)
 *(EXCLUDE_FILE(*crtend.o) .ctors)
 *(SORT_BY_NAME(.ctors.*))
 *crtend.o(.ctors)
                0x0000000000000270                . = ALIGN (0x4)
 *(.fini)
 .fini          0x0000000000000270        0x4 c:/program files/microchip/xc32/v4.60/bin/bin/../../lib/gcc/pic32c/8.3.1/thumb/v7e-m+fp/hard/crti.o
                0x0000000000000270                _fini
 .fini          0x0000000000000274        0x8 c:/program files/microchip/xc32/v4.60/bin/bin/../../lib/gcc/pic32c/8.3.1/thumb/v7e-m+fp/hard/crtn.o
                0x000000000000027c                . = ALIGN (0x4)
                0x000000000000027c                __fini_array_start = .
 *(.fini_array)
 .fini_array    0x000000000000027c        0x4 c:/program files/microchip/xc32/v4.60/bin/bin/../../lib/gcc/pic32c/8.3.1/thumb/v7e-m+fp/hard/crtbegin.o
 *(SORT_BY_NAME(.fini_array.*))
                0x0000000000000280                __fini_array_end = .
 *crtbegin.o(.dtors)
 *(EXCLUDE_FILE(*crtend.o) .dtors)
 *(SORT_BY_NAME(.dtors.*))
 *crtend.o(.dtors)
                0x0000000000000280                . = ALIGN (0x4)
                0x0000000000000280                _efixed = .
                [!provide]                        PROVIDE (__exidx_start = .)

.ARM.exidx
 *(.ARM.exidx* .gnu.linkonce.armexidx.*)
                [!provide]                        PROVIDE (__exidx_end = .)
                0x0000000000000280                . = ALIGN (0x4)
                0x0000000000000280                _etext = .

.bss            0x0000000020000000        0x0
                0x0000000020000000                . = ALIGN (0x4)
                0x0000000020000000                __bss_start__ = .
                0x0000000020000000                _sbss = .
                0x0000000020000000                _szero = .
 *(COMMON)
                0x0000000020000000                . = ALIGN (0x4)
                0x0000000020000000                __bss_end__ = .
                0x0000000020000000                _ebss = .
                0x0000000020000000                _ezero = .
                0x0000000020000000                . = ALIGN (0x4)
                0x0000000020000000                _end = .
                0x000000002003ffff                _ram_end_ = ((ORIGIN (ram) + LENGTH (ram)) - 0x1)

.bkupram_bss
 *(.bkupram_bss .bkupram_bss.*)
 *(.pbss .pbss.*)
                0x0000000000000200                _min_heap_size = 0x200
START GROUP
LOAD c:/program files/microchip/xc32/v4.60/bin/bin/../../lib/gcc/pic32c/8.3.1/../../../../pic32c/lib/thumb/v7e-m+fp/hard\libpic32c.a
LOAD c:/program files/microchip/xc32/v4.60/bin/bin/../../lib/gcc/pic32c/8.3.1/../../../../pic32c/lib/thumb/v7e-m+fp/hard\libc-size-musl.a
LOAD c:/program files/microchip/xc32/v4.60/bin/bin/../../lib/gcc/pic32c/8.3.1/../../../../pic32c/lib/thumb/v7e-m+fp/hard\liblmalloc-musl.a
LOAD c:/program files/microchip/xc32/v4.60/bin/bin/../../lib/gcc/pic32c/8.3.1/../../../../pic32c/lib/thumb/v7e-m+fp/hard\libm-fast-emfloat.a
LOAD c:/program files/microchip/xc32/v4.60/bin/bin/../../lib/gcc/pic32c/8.3.1/../../../../pic32c/lib/thumb/v7e-m+fp/hard\libm-musl.a
LOAD c:/program files/microchip/xc32/v4.60/bin/bin/../../lib/gcc/pic32c/8.3.1/../../../../pic32c/lib/thumb/v7e-m+fp/hard\libc-musl.a
LOAD c:/program files/microchip/xc32/v4.60/bin/bin/../../lib/gcc/pic32c/8.3.1/../../../../pic32c/lib/thumb/v7e-m+fp/hard\libm-fast-emfloat.a
LOAD c:/program files/microchip/xc32/v4.60/bin/bin/../../lib/gcc/pic32c/8.3.1/../../../../pic32c/lib/thumb/v7e-m+fp/hard\libm-musl.a
LOAD c:/program files/microchip/xc32/v4.60/bin/bin/../../lib/gcc/pic32c/8.3.1/thumb/v7e-m+fp/hard\libgcc.a
END GROUP
LOAD c:/program files/microchip/xc32/v4.60/bin/bin/../../lib/gcc/pic32c/8.3.1/thumb/v7e-m+fp/hard/crtend.o
LOAD c:/program files/microchip/xc32/v4.60/bin/bin/../../lib/gcc/pic32c/8.3.1/thumb/v7e-m+fp/hard/crtn.o
OUTPUT(dist/default/production/CR-Proj.production.elf elf32-littlearm)
LOAD data_init
LOAD stack

.ARM.attributes
                0x0000000000000000       0x34
 .ARM.attributes
                0x0000000000000000       0x1e c:/program files/microchip/xc32/v4.60/bin/bin/../../lib/gcc/pic32c/8.3.1/thumb/v7e-m+fp/hard/crti.o
 .ARM.attributes
                0x000000000000001e       0x34 c:/program files/microchip/xc32/v4.60/bin/bin/../../lib/gcc/pic32c/8.3.1/thumb/v7e-m+fp/hard/crtbegin.o
 .ARM.attributes
                0x0000000000000052       0x34 build/default/production/_ext/1984496892/plib_clock.o
 .ARM.attributes
                0x0000000000000086       0x34 build/default/production/_ext/1865161661/plib_dmac.o
 .ARM.attributes
                0x00000000000000ba       0x34 build/default/production/_ext/1986646378/plib_evsys.o
 .ARM.attributes
                0x00000000000000ee       0x34 build/default/production/_ext/1865468468/plib_nvic.o
 .ARM.attributes
                0x0000000000000122       0x34 build/default/production/_ext/1593096446/plib_nvmctrl.o
 .ARM.attributes
                0x0000000000000156       0x34 build/default/production/_ext/1865521619/plib_port.o
 .ARM.attributes
                0x000000000000018a       0x34 build/default/production/_ext/1827571544/plib_systick.o
 .ARM.attributes
                0x00000000000001be       0x34 build/default/production/_ext/60181570/plib_tcc0.o
 .ARM.attributes
                0x00000000000001f2       0x34 build/default/production/_ext/1865643529/plib_trng.o
 .ARM.attributes
                0x0000000000000226       0x34 build/default/production/_ext/1171490990/initialization.o
 .ARM.attributes
                0x000000000000025a       0x34 build/default/production/_ext/1171490990/interrupts.o
 .ARM.attributes
                0x000000000000028e       0x34 build/default/production/_ext/1171490990/exceptions.o
 .ARM.attributes
                0x00000000000002c2       0x34 build/default/production/_ext/1171490990/startup_xc32.o
 .ARM.attributes
                0x00000000000002f6       0x34 build/default/production/_ext/1360937237/main.o
 .ARM.attributes
                0x000000000000032a       0x34 build/default/production/_ext/1360937237/neopixel.o
 .ARM.attributes
                0x000000000000035e       0x34 build/default/production/_ext/17022449/plib_sercom1_spi_master.o
 .ARM.attributes
                0x0000000000000392       0x34 c:/program files/microchip/xc32/v4.60/bin/bin/../../lib/gcc/pic32c/8.3.1/../../../../pic32c/lib/thumb/v7e-m+fp/hard\libpic32c.a(data_init.o)
 .ARM.attributes
                0x00000000000003c6       0x36 c:/program files/microchip/xc32/v4.60/bin/bin/../../lib/gcc/pic32c/8.3.1/../../../../pic32c/lib/thumb/v7e-m+fp/hard\libc-size-musl.a(memset.o)
 .ARM.attributes
                0x00000000000003fc       0x36 c:/program files/microchip/xc32/v4.60/bin/bin/../../lib/gcc/pic32c/8.3.1/../../../../pic32c/lib/thumb/v7e-m+fp/hard\libc-musl.a(__libc_start_main.o)
 .ARM.attributes
                0x0000000000000432       0x34 c:/program files/microchip/xc32/v4.60/bin/bin/../../lib/gcc/pic32c/8.3.1/../../../../pic32c/lib/thumb/v7e-m+fp/hard\libc-musl.a(libc.o)
 .ARM.attributes
                0x0000000000000466       0x34 c:/program files/microchip/xc32/v4.60/bin/bin/../../lib/gcc/pic32c/8.3.1/../../../../pic32c/lib/thumb/v7e-m+fp/hard\libc-musl.a(__environ.o)
 .ARM.attributes
                0x000000000000049a       0x1e c:/program files/microchip/xc32/v4.60/bin/bin/../../lib/gcc/pic32c/8.3.1/thumb/v7e-m+fp/hard/crtn.o
 .ARM.attributes
                0x00000000000004b8       0x34 c:/program files/microchip/xc32/v4.60/bin/bin/../../lib/gcc/pic32c/8.3.1/../../../../pic32c/lib/thumb/v7e-m+fp/hard\libpic32c.a(pic32_data_init_clear.o)
 .ARM.attributes
                0x00000000000004ec       0x34 c:/program files/microchip/xc32/v4.60/bin/bin/../../lib/gcc/pic32c/8.3.1/../../../../pic32c/lib/thumb/v7e-m+fp/hard\libpic32c.a(pic32_data_init_copy.o)

.comment        0x0000000000000000       0x2b
 .comment       0x0000000000000000       0x2b c:/program files/microchip/xc32/v4.60/bin/bin/../../lib/gcc/pic32c/8.3.1/thumb/v7e-m+fp/hard/crtbegin.o
                                         0x2c (size before relaxing)
 .comment       0x000000000000002b       0x2c build/default/production/_ext/1984496892/plib_clock.o
 .comment       0x000000000000002b       0x2c build/default/production/_ext/1865161661/plib_dmac.o
 .comment       0x000000000000002b       0x2c build/default/production/_ext/1986646378/plib_evsys.o
 .comment       0x000000000000002b       0x2c build/default/production/_ext/1865468468/plib_nvic.o
 .comment       0x000000000000002b       0x2c build/default/production/_ext/1593096446/plib_nvmctrl.o
 .comment       0x000000000000002b       0x2c build/default/production/_ext/1865521619/plib_port.o
 .comment       0x000000000000002b       0x2c build/default/production/_ext/1827571544/plib_systick.o
 .comment       0x000000000000002b       0x2c build/default/production/_ext/60181570/plib_tcc0.o
 .comment       0x000000000000002b       0x2c build/default/production/_ext/1865643529/plib_trng.o
 .comment       0x000000000000002b       0x2c build/default/production/_ext/1171490990/initialization.o
 .comment       0x000000000000002b       0x2c build/default/production/_ext/1171490990/interrupts.o
 .comment       0x000000000000002b       0x2c build/default/production/_ext/1171490990/exceptions.o
 .comment       0x000000000000002b       0x2c build/default/production/_ext/1171490990/startup_xc32.o
 .comment       0x000000000000002b       0x2c build/default/production/_ext/1360937237/main.o
 .comment       0x000000000000002b       0x2c build/default/production/_ext/1360937237/neopixel.o
 .comment       0x000000000000002b       0x2c build/default/production/_ext/17022449/plib_sercom1_spi_master.o
 .comment       0x000000000000002b       0x2c c:/program files/microchip/xc32/v4.60/bin/bin/../../lib/gcc/pic32c/8.3.1/../../../../pic32c/lib/thumb/v7e-m+fp/hard\libpic32c.a(data_init.o)
 .comment       0x000000000000002b       0x2c c:/program files/microchip/xc32/v4.60/bin/bin/../../lib/gcc/pic32c/8.3.1/../../../../pic32c/lib/thumb/v7e-m+fp/hard\libc-size-musl.a(memset.o)
 .comment       0x000000000000002b       0x2c c:/program files/microchip/xc32/v4.60/bin/bin/../../lib/gcc/pic32c/8.3.1/../../../../pic32c/lib/thumb/v7e-m+fp/hard\libc-musl.a(__libc_start_main.o)
 .comment       0x000000000000002b       0x2c c:/program files/microchip/xc32/v4.60/bin/bin/../../lib/gcc/pic32c/8.3.1/../../../../pic32c/lib/thumb/v7e-m+fp/hard\libc-musl.a(libc.o)
 .comment       0x000000000000002b       0x2c c:/program files/microchip/xc32/v4.60/bin/bin/../../lib/gcc/pic32c/8.3.1/../../../../pic32c/lib/thumb/v7e-m+fp/hard\libc-musl.a(__environ.o)
 .comment       0x000000000000002b       0x2c c:/program files/microchip/xc32/v4.60/bin/bin/../../lib/gcc/pic32c/8.3.1/../../../../pic32c/lib/thumb/v7e-m+fp/hard\libpic32c.a(pic32_data_init_clear.o)
 .comment       0x000000000000002b       0x2c c:/program files/microchip/xc32/v4.60/bin/bin/../../lib/gcc/pic32c/8.3.1/../../../../pic32c/lib/thumb/v7e-m+fp/hard\libpic32c.a(pic32_data_init_copy.o)

.debug_info     0x0000000000000000     0x7679
 .debug_info    0x0000000000000000      0x677 build/default/production/_ext/1984496892/plib_clock.o
 .debug_info    0x0000000000000677      0xb9c build/default/production/_ext/1865161661/plib_dmac.o
 .debug_info    0x0000000000001213      0x394 build/default/production/_ext/1986646378/plib_evsys.o
 .debug_info    0x00000000000015a7      0xbab build/default/production/_ext/1865468468/plib_nvic.o
 .debug_info    0x0000000000002152      0x8e5 build/default/production/_ext/1593096446/plib_nvmctrl.o
 .debug_info    0x0000000000002a37      0x6fb build/default/production/_ext/1865521619/plib_port.o
 .debug_info    0x0000000000003132      0x551 build/default/production/_ext/1827571544/plib_systick.o
 .debug_info    0x0000000000003683      0x51d build/default/production/_ext/60181570/plib_tcc0.o
 .debug_info    0x0000000000003ba0      0x1b8 build/default/production/_ext/1865643529/plib_trng.o
 .debug_info    0x0000000000003d58      0x1a5 build/default/production/_ext/1171490990/initialization.o
 .debug_info    0x0000000000003efd      0xa73 build/default/production/_ext/1171490990/interrupts.o
 .debug_info    0x0000000000004970      0x116 build/default/production/_ext/1171490990/exceptions.o
 .debug_info    0x0000000000004a86      0x55b build/default/production/_ext/1171490990/startup_xc32.o
 .debug_info    0x0000000000004fe1      0x1cd build/default/production/_ext/1360937237/main.o
 .debug_info    0x00000000000051ae      0xfac build/default/production/_ext/1360937237/neopixel.o
 .debug_info    0x000000000000615a      0xd75 build/default/production/_ext/17022449/plib_sercom1_spi_master.o
 .debug_info    0x0000000000006ecf       0x68 c:/program files/microchip/xc32/v4.60/bin/bin/../../lib/gcc/pic32c/8.3.1/../../../../pic32c/lib/thumb/v7e-m+fp/hard\libpic32c.a(data_init.o)
 .debug_info    0x0000000000006f37       0xbb c:/program files/microchip/xc32/v4.60/bin/bin/../../lib/gcc/pic32c/8.3.1/../../../../pic32c/lib/thumb/v7e-m+fp/hard\libc-size-musl.a(memset.o)
 .debug_info    0x0000000000006ff2      0x2fb c:/program files/microchip/xc32/v4.60/bin/bin/../../lib/gcc/pic32c/8.3.1/../../../../pic32c/lib/thumb/v7e-m+fp/hard\libc-musl.a(__libc_start_main.o)
 .debug_info    0x00000000000072ed      0x276 c:/program files/microchip/xc32/v4.60/bin/bin/../../lib/gcc/pic32c/8.3.1/../../../../pic32c/lib/thumb/v7e-m+fp/hard\libc-musl.a(libc.o)
 .debug_info    0x0000000000007563       0x97 c:/program files/microchip/xc32/v4.60/bin/bin/../../lib/gcc/pic32c/8.3.1/../../../../pic32c/lib/thumb/v7e-m+fp/hard\libc-musl.a(__environ.o)
 .debug_info    0x00000000000075fa       0x3f c:/program files/microchip/xc32/v4.60/bin/bin/../../lib/gcc/pic32c/8.3.1/../../../../pic32c/lib/thumb/v7e-m+fp/hard\libpic32c.a(pic32_data_init_clear.o)
 .debug_info    0x0000000000007639       0x40 c:/program files/microchip/xc32/v4.60/bin/bin/../../lib/gcc/pic32c/8.3.1/../../../../pic32c/lib/thumb/v7e-m+fp/hard\libpic32c.a(pic32_data_init_copy.o)

.debug_abbrev   0x0000000000000000     0x1c8d
 .debug_abbrev  0x0000000000000000      0x10b build/default/production/_ext/1984496892/plib_clock.o
 .debug_abbrev  0x000000000000010b      0x35b build/default/production/_ext/1865161661/plib_dmac.o
 .debug_abbrev  0x0000000000000466       0xff build/default/production/_ext/1986646378/plib_evsys.o
 .debug_abbrev  0x0000000000000565      0x258 build/default/production/_ext/1865468468/plib_nvic.o
 .debug_abbrev  0x00000000000007bd      0x23c build/default/production/_ext/1593096446/plib_nvmctrl.o
 .debug_abbrev  0x00000000000009f9      0x1ea build/default/production/_ext/1865521619/plib_port.o
 .debug_abbrev  0x0000000000000be3      0x1ef build/default/production/_ext/1827571544/plib_systick.o
 .debug_abbrev  0x0000000000000dd2      0x133 build/default/production/_ext/60181570/plib_tcc0.o
 .debug_abbrev  0x0000000000000f05       0xc0 build/default/production/_ext/1865643529/plib_trng.o
 .debug_abbrev  0x0000000000000fc5       0x96 build/default/production/_ext/1171490990/initialization.o
 .debug_abbrev  0x000000000000105b       0xc0 build/default/production/_ext/1171490990/interrupts.o
 .debug_abbrev  0x000000000000111b       0x49 build/default/production/_ext/1171490990/exceptions.o
 .debug_abbrev  0x0000000000001164      0x1e3 build/default/production/_ext/1171490990/startup_xc32.o
 .debug_abbrev  0x0000000000001347       0xfc build/default/production/_ext/1360937237/main.o
 .debug_abbrev  0x0000000000001443      0x2b8 build/default/production/_ext/1360937237/neopixel.o
 .debug_abbrev  0x00000000000016fb      0x1e7 build/default/production/_ext/17022449/plib_sercom1_spi_master.o
 .debug_abbrev  0x00000000000018e2       0x44 c:/program files/microchip/xc32/v4.60/bin/bin/../../lib/gcc/pic32c/8.3.1/../../../../pic32c/lib/thumb/v7e-m+fp/hard\libpic32c.a(data_init.o)
 .debug_abbrev  0x0000000000001926       0xa2 c:/program files/microchip/xc32/v4.60/bin/bin/../../lib/gcc/pic32c/8.3.1/../../../../pic32c/lib/thumb/v7e-m+fp/hard\libc-size-musl.a(memset.o)
 .debug_abbrev  0x00000000000019c8      0x133 c:/program files/microchip/xc32/v4.60/bin/bin/../../lib/gcc/pic32c/8.3.1/../../../../pic32c/lib/thumb/v7e-m+fp/hard\libc-musl.a(__libc_start_main.o)
 .debug_abbrev  0x0000000000001afb       0xd4 c:/program files/microchip/xc32/v4.60/bin/bin/../../lib/gcc/pic32c/8.3.1/../../../../pic32c/lib/thumb/v7e-m+fp/hard\libc-musl.a(libc.o)
 .debug_abbrev  0x0000000000001bcf       0x62 c:/program files/microchip/xc32/v4.60/bin/bin/../../lib/gcc/pic32c/8.3.1/../../../../pic32c/lib/thumb/v7e-m+fp/hard\libc-musl.a(__environ.o)
 .debug_abbrev  0x0000000000001c31       0x2e c:/program files/microchip/xc32/v4.60/bin/bin/../../lib/gcc/pic32c/8.3.1/../../../../pic32c/lib/thumb/v7e-m+fp/hard\libpic32c.a(pic32_data_init_clear.o)
 .debug_abbrev  0x0000000000001c5f       0x2e c:/program files/microchip/xc32/v4.60/bin/bin/../../lib/gcc/pic32c/8.3.1/../../../../pic32c/lib/thumb/v7e-m+fp/hard\libpic32c.a(pic32_data_init_copy.o)

.debug_aranges  0x0000000000000000      0x630
 .debug_aranges
                0x0000000000000000       0x20 build/default/production/_ext/1984496892/plib_clock.o
 .debug_aranges
                0x0000000000000020       0xa0 build/default/production/_ext/1865161661/plib_dmac.o
 .debug_aranges
                0x00000000000000c0       0x40 build/default/production/_ext/1986646378/plib_evsys.o
 .debug_aranges
                0x0000000000000100       0x48 build/default/production/_ext/1865468468/plib_nvic.o
 .debug_aranges
                0x0000000000000148       0xd8 build/default/production/_ext/1593096446/plib_nvmctrl.o
 .debug_aranges
                0x0000000000000220       0x70 build/default/production/_ext/1865521619/plib_port.o
 .debug_aranges
                0x0000000000000290       0x98 build/default/production/_ext/1827571544/plib_systick.o
 .debug_aranges
                0x0000000000000328       0x80 build/default/production/_ext/60181570/plib_tcc0.o
 .debug_aranges
                0x00000000000003a8       0x28 build/default/production/_ext/1865643529/plib_trng.o
 .debug_aranges
                0x00000000000003d0       0x20 build/default/production/_ext/1171490990/initialization.o
 .debug_aranges
                0x00000000000003f0       0x20 build/default/production/_ext/1171490990/interrupts.o
 .debug_aranges
                0x0000000000000410       0x48 build/default/production/_ext/1171490990/exceptions.o
 .debug_aranges
                0x0000000000000458       0x28 build/default/production/_ext/1171490990/startup_xc32.o
 .debug_aranges
                0x0000000000000480       0x30 build/default/production/_ext/1360937237/main.o
 .debug_aranges
                0x00000000000004b0       0x50 build/default/production/_ext/1360937237/neopixel.o
 .debug_aranges
                0x0000000000000500       0x48 build/default/production/_ext/17022449/plib_sercom1_spi_master.o
 .debug_aranges
                0x0000000000000548       0x30 c:/program files/microchip/xc32/v4.60/bin/bin/../../lib/gcc/pic32c/8.3.1/../../../../pic32c/lib/thumb/v7e-m+fp/hard\libpic32c.a(data_init.o)
 .debug_aranges
                0x0000000000000578       0x20 c:/program files/microchip/xc32/v4.60/bin/bin/../../lib/gcc/pic32c/8.3.1/../../../../pic32c/lib/thumb/v7e-m+fp/hard\libc-size-musl.a(memset.o)
 .debug_aranges
                0x0000000000000598       0x28 c:/program files/microchip/xc32/v4.60/bin/bin/../../lib/gcc/pic32c/8.3.1/../../../../pic32c/lib/thumb/v7e-m+fp/hard\libc-musl.a(__libc_start_main.o)
 .debug_aranges
                0x00000000000005c0       0x18 c:/program files/microchip/xc32/v4.60/bin/bin/../../lib/gcc/pic32c/8.3.1/../../../../pic32c/lib/thumb/v7e-m+fp/hard\libc-musl.a(libc.o)
 .debug_aranges
                0x00000000000005d8       0x18 c:/program files/microchip/xc32/v4.60/bin/bin/../../lib/gcc/pic32c/8.3.1/../../../../pic32c/lib/thumb/v7e-m+fp/hard\libc-musl.a(__environ.o)
 .debug_aranges
                0x00000000000005f0       0x20 c:/program files/microchip/xc32/v4.60/bin/bin/../../lib/gcc/pic32c/8.3.1/../../../../pic32c/lib/thumb/v7e-m+fp/hard\libpic32c.a(pic32_data_init_clear.o)
 .debug_aranges
                0x0000000000000610       0x20 c:/program files/microchip/xc32/v4.60/bin/bin/../../lib/gcc/pic32c/8.3.1/../../../../pic32c/lib/thumb/v7e-m+fp/hard\libpic32c.a(pic32_data_init_copy.o)

.debug_ranges   0x0000000000000000      0x5b0
 .debug_ranges  0x0000000000000000       0x10 build/default/production/_ext/1984496892/plib_clock.o
 .debug_ranges  0x0000000000000010       0xc8 build/default/production/_ext/1865161661/plib_dmac.o
 .debug_ranges  0x00000000000000d8       0x30 build/default/production/_ext/1986646378/plib_evsys.o
 .debug_ranges  0x0000000000000108       0x38 build/default/production/_ext/1865468468/plib_nvic.o
 .debug_ranges  0x0000000000000140       0xc8 build/default/production/_ext/1593096446/plib_nvmctrl.o
 .debug_ranges  0x0000000000000208       0x60 build/default/production/_ext/1865521619/plib_port.o
 .debug_ranges  0x0000000000000268       0x88 build/default/production/_ext/1827571544/plib_systick.o
 .debug_ranges  0x00000000000002f0       0x70 build/default/production/_ext/60181570/plib_tcc0.o
 .debug_ranges  0x0000000000000360       0x18 build/default/production/_ext/1865643529/plib_trng.o
 .debug_ranges  0x0000000000000378       0x10 build/default/production/_ext/1171490990/initialization.o
 .debug_ranges  0x0000000000000388       0x10 build/default/production/_ext/1171490990/interrupts.o
 .debug_ranges  0x0000000000000398       0x38 build/default/production/_ext/1171490990/exceptions.o
 .debug_ranges  0x00000000000003d0       0x18 build/default/production/_ext/1171490990/startup_xc32.o
 .debug_ranges  0x00000000000003e8       0x20 build/default/production/_ext/1360937237/main.o
 .debug_ranges  0x0000000000000408       0xe0 build/default/production/_ext/1360937237/neopixel.o
 .debug_ranges  0x00000000000004e8       0x38 build/default/production/_ext/17022449/plib_sercom1_spi_master.o
 .debug_ranges  0x0000000000000520       0x20 c:/program files/microchip/xc32/v4.60/bin/bin/../../lib/gcc/pic32c/8.3.1/../../../../pic32c/lib/thumb/v7e-m+fp/hard\libpic32c.a(data_init.o)
 .debug_ranges  0x0000000000000540       0x10 c:/program files/microchip/xc32/v4.60/bin/bin/../../lib/gcc/pic32c/8.3.1/../../../../pic32c/lib/thumb/v7e-m+fp/hard\libc-size-musl.a(memset.o)
 .debug_ranges  0x0000000000000550       0x40 c:/program files/microchip/xc32/v4.60/bin/bin/../../lib/gcc/pic32c/8.3.1/../../../../pic32c/lib/thumb/v7e-m+fp/hard\libc-musl.a(__libc_start_main.o)
 .debug_ranges  0x0000000000000590       0x10 c:/program files/microchip/xc32/v4.60/bin/bin/../../lib/gcc/pic32c/8.3.1/../../../../pic32c/lib/thumb/v7e-m+fp/hard\libpic32c.a(pic32_data_init_clear.o)
 .debug_ranges  0x00000000000005a0       0x10 c:/program files/microchip/xc32/v4.60/bin/bin/../../lib/gcc/pic32c/8.3.1/../../../../pic32c/lib/thumb/v7e-m+fp/hard\libpic32c.a(pic32_data_init_copy.o)

.debug_line     0x0000000000000000     0x370f
 .debug_line    0x0000000000000000      0x330 build/default/production/_ext/1984496892/plib_clock.o
 .debug_line    0x0000000000000330      0x645 build/default/production/_ext/1865161661/plib_dmac.o
 .debug_line    0x0000000000000975      0x18f build/default/production/_ext/1986646378/plib_evsys.o
 .debug_line    0x0000000000000b04      0x3be build/default/production/_ext/1865468468/plib_nvic.o
 .debug_line    0x0000000000000ec2      0x5b9 build/default/production/_ext/1593096446/plib_nvmctrl.o
 .debug_line    0x000000000000147b      0x325 build/default/production/_ext/1865521619/plib_port.o
 .debug_line    0x00000000000017a0      0x421 build/default/production/_ext/1827571544/plib_systick.o
 .debug_line    0x0000000000001bc1      0x3a0 build/default/production/_ext/60181570/plib_tcc0.o
 .debug_line    0x0000000000001f61      0x120 build/default/production/_ext/1865643529/plib_trng.o
 .debug_line    0x0000000000002081      0x2b0 build/default/production/_ext/1171490990/initialization.o
 .debug_line    0x0000000000002331       0xba build/default/production/_ext/1171490990/interrupts.o
 .debug_line    0x00000000000023eb       0xc7 build/default/production/_ext/1171490990/exceptions.o
 .debug_line    0x00000000000024b2      0x246 build/default/production/_ext/1171490990/startup_xc32.o
 .debug_line    0x00000000000026f8      0x155 build/default/production/_ext/1360937237/main.o
 .debug_line    0x000000000000284d      0x42e build/default/production/_ext/1360937237/neopixel.o
 .debug_line    0x0000000000002c7b      0x4a7 build/default/production/_ext/17022449/plib_sercom1_spi_master.o
 .debug_line    0x0000000000003122       0xa7 c:/program files/microchip/xc32/v4.60/bin/bin/../../lib/gcc/pic32c/8.3.1/../../../../pic32c/lib/thumb/v7e-m+fp/hard\libpic32c.a(data_init.o)
 .debug_line    0x00000000000031c9       0xe3 c:/program files/microchip/xc32/v4.60/bin/bin/../../lib/gcc/pic32c/8.3.1/../../../../pic32c/lib/thumb/v7e-m+fp/hard\libc-size-musl.a(memset.o)
 .debug_line    0x00000000000032ac      0x1c7 c:/program files/microchip/xc32/v4.60/bin/bin/../../lib/gcc/pic32c/8.3.1/../../../../pic32c/lib/thumb/v7e-m+fp/hard\libc-musl.a(__libc_start_main.o)
 .debug_line    0x0000000000003473       0xb5 c:/program files/microchip/xc32/v4.60/bin/bin/../../lib/gcc/pic32c/8.3.1/../../../../pic32c/lib/thumb/v7e-m+fp/hard\libc-musl.a(libc.o)
 .debug_line    0x0000000000003528       0xfb c:/program files/microchip/xc32/v4.60/bin/bin/../../lib/gcc/pic32c/8.3.1/../../../../pic32c/lib/thumb/v7e-m+fp/hard\libc-musl.a(__environ.o)
 .debug_line    0x0000000000003623       0x72 c:/program files/microchip/xc32/v4.60/bin/bin/../../lib/gcc/pic32c/8.3.1/../../../../pic32c/lib/thumb/v7e-m+fp/hard\libpic32c.a(pic32_data_init_clear.o)
 .debug_line    0x0000000000003695       0x7a c:/program files/microchip/xc32/v4.60/bin/bin/../../lib/gcc/pic32c/8.3.1/../../../../pic32c/lib/thumb/v7e-m+fp/hard\libpic32c.a(pic32_data_init_copy.o)

.debug_str      0x0000000000000000     0x7880
 .debug_str     0x0000000000000000      0x679 build/default/production/_ext/1984496892/plib_clock.o
 .debug_str     0x0000000000000679      0x8ed build/default/production/_ext/1865161661/plib_dmac.o
 .debug_str     0x0000000000000f66      0x44f build/default/production/_ext/1986646378/plib_evsys.o
 .debug_str     0x00000000000013b5      0xca6 build/default/production/_ext/1865468468/plib_nvic.o
 .debug_str     0x000000000000205b      0x6b3 build/default/production/_ext/1593096446/plib_nvmctrl.o
 .debug_str     0x000000000000270e      0x8c4 build/default/production/_ext/1865521619/plib_port.o
 .debug_str     0x0000000000002fd2      0x4f2 build/default/production/_ext/1827571544/plib_systick.o
 .debug_str     0x00000000000034c4      0x57d build/default/production/_ext/60181570/plib_tcc0.o
 .debug_str     0x0000000000003a41      0x347 build/default/production/_ext/1865643529/plib_trng.o
 .debug_str     0x0000000000003d88      0x365 build/default/production/_ext/1171490990/initialization.o
 .debug_str     0x00000000000040ed      0xeb8 build/default/production/_ext/1171490990/interrupts.o
 .debug_str     0x0000000000004fa5      0x311 build/default/production/_ext/1171490990/exceptions.o
 .debug_str     0x00000000000052b6      0x44b build/default/production/_ext/1171490990/startup_xc32.o
 .debug_str     0x0000000000005701      0x301 build/default/production/_ext/1360937237/main.o
 .debug_str     0x0000000000005a02      0x623 build/default/production/_ext/1360937237/neopixel.o
 .debug_str     0x0000000000006025      0x72c build/default/production/_ext/17022449/plib_sercom1_spi_master.o
 .debug_str     0x0000000000006751      0x206 c:/program files/microchip/xc32/v4.60/bin/bin/../../lib/gcc/pic32c/8.3.1/../../../../pic32c/lib/thumb/v7e-m+fp/hard\libpic32c.a(data_init.o)
 .debug_str     0x0000000000006957      0x21b c:/program files/microchip/xc32/v4.60/bin/bin/../../lib/gcc/pic32c/8.3.1/../../../../pic32c/lib/thumb/v7e-m+fp/hard\libc-size-musl.a(memset.o)
 .debug_str     0x0000000000006b72      0x3d4 c:/program files/microchip/xc32/v4.60/bin/bin/../../lib/gcc/pic32c/8.3.1/../../../../pic32c/lib/thumb/v7e-m+fp/hard\libc-musl.a(__libc_start_main.o)
 .debug_str     0x0000000000006f46      0x33f c:/program files/microchip/xc32/v4.60/bin/bin/../../lib/gcc/pic32c/8.3.1/../../../../pic32c/lib/thumb/v7e-m+fp/hard\libc-musl.a(libc.o)
 .debug_str     0x0000000000007285      0x23f c:/program files/microchip/xc32/v4.60/bin/bin/../../lib/gcc/pic32c/8.3.1/../../../../pic32c/lib/thumb/v7e-m+fp/hard\libc-musl.a(__environ.o)
 .debug_str     0x00000000000074c4      0x1df c:/program files/microchip/xc32/v4.60/bin/bin/../../lib/gcc/pic32c/8.3.1/../../../../pic32c/lib/thumb/v7e-m+fp/hard\libpic32c.a(pic32_data_init_clear.o)
 .debug_str     0x00000000000076a3      0x1dd c:/program files/microchip/xc32/v4.60/bin/bin/../../lib/gcc/pic32c/8.3.1/../../../../pic32c/lib/thumb/v7e-m+fp/hard\libpic32c.a(pic32_data_init_copy.o)

.debug_frame    0x0000000000000000      0xb20
 .debug_frame   0x0000000000000000       0x20 build/default/production/_ext/1984496892/plib_clock.o
 .debug_frame   0x0000000000000020      0x178 build/default/production/_ext/1865161661/plib_dmac.o
 .debug_frame   0x0000000000000198       0x60 build/default/production/_ext/1986646378/plib_evsys.o
 .debug_frame   0x00000000000001f8       0x7c build/default/production/_ext/1865468468/plib_nvic.o
 .debug_frame   0x0000000000000274      0x1d8 build/default/production/_ext/1593096446/plib_nvmctrl.o
 .debug_frame   0x000000000000044c       0xd8 build/default/production/_ext/1865521619/plib_port.o
 .debug_frame   0x0000000000000524      0x138 build/default/production/_ext/1827571544/plib_systick.o
 .debug_frame   0x000000000000065c       0xe0 build/default/production/_ext/60181570/plib_tcc0.o
 .debug_frame   0x000000000000073c       0x30 build/default/production/_ext/1865643529/plib_trng.o
 .debug_frame   0x000000000000076c       0x28 build/default/production/_ext/1171490990/initialization.o
 .debug_frame   0x0000000000000794       0x20 build/default/production/_ext/1171490990/interrupts.o
 .debug_frame   0x00000000000007b4       0x70 build/default/production/_ext/1171490990/exceptions.o
 .debug_frame   0x0000000000000824       0x38 build/default/production/_ext/1171490990/startup_xc32.o
 .debug_frame   0x000000000000085c       0x5c build/default/production/_ext/1360937237/main.o
 .debug_frame   0x00000000000008b8       0xdc build/default/production/_ext/1360937237/neopixel.o
 .debug_frame   0x0000000000000994       0x9c build/default/production/_ext/17022449/plib_sercom1_spi_master.o
 .debug_frame   0x0000000000000a30       0x4c c:/program files/microchip/xc32/v4.60/bin/bin/../../lib/gcc/pic32c/8.3.1/../../../../pic32c/lib/thumb/v7e-m+fp/hard\libpic32c.a(data_init.o)
 .debug_frame   0x0000000000000a7c       0x20 c:/program files/microchip/xc32/v4.60/bin/bin/../../lib/gcc/pic32c/8.3.1/../../../../pic32c/lib/thumb/v7e-m+fp/hard\libc-size-musl.a(memset.o)
 .debug_frame   0x0000000000000a9c       0x3c c:/program files/microchip/xc32/v4.60/bin/bin/../../lib/gcc/pic32c/8.3.1/../../../../pic32c/lib/thumb/v7e-m+fp/hard\libc-musl.a(__libc_start_main.o)
 .debug_frame   0x0000000000000ad8       0x20 c:/program files/microchip/xc32/v4.60/bin/bin/../../lib/gcc/pic32c/8.3.1/../../../../pic32c/lib/thumb/v7e-m+fp/hard\libpic32c.a(pic32_data_init_clear.o)
 .debug_frame   0x0000000000000af8       0x28 c:/program files/microchip/xc32/v4.60/bin/bin/../../lib/gcc/pic32c/8.3.1/../../../../pic32c/lib/thumb/v7e-m+fp/hard\libpic32c.a(pic32_data_init_copy.o)

.debug_loc      0x0000000000000000     0x28bb
 .debug_loc     0x0000000000000000      0x8e1 build/default/production/_ext/1865161661/plib_dmac.o
 .debug_loc     0x00000000000008e1       0xde build/default/production/_ext/1986646378/plib_evsys.o
 .debug_loc     0x00000000000009bf      0x19d build/default/production/_ext/1865468468/plib_nvic.o
 .debug_loc     0x0000000000000b5c      0x83e build/default/production/_ext/1593096446/plib_nvmctrl.o
 .debug_loc     0x000000000000139a      0x23d build/default/production/_ext/1865521619/plib_port.o
 .debug_loc     0x00000000000015d7      0x331 build/default/production/_ext/1827571544/plib_systick.o
 .debug_loc     0x0000000000001908      0x161 build/default/production/_ext/60181570/plib_tcc0.o
 .debug_loc     0x0000000000001a69       0x45 build/default/production/_ext/1171490990/initialization.o
 .debug_loc     0x0000000000001aae       0x4a build/default/production/_ext/1171490990/startup_xc32.o
 .debug_loc     0x0000000000001af8       0x90 build/default/production/_ext/1360937237/main.o
 .debug_loc     0x0000000000001b88      0x6c0 build/default/production/_ext/1360937237/neopixel.o
 .debug_loc     0x0000000000002248      0x57d build/default/production/_ext/17022449/plib_sercom1_spi_master.o
 .debug_loc     0x00000000000027c5       0x14 c:/program files/microchip/xc32/v4.60/bin/bin/../../lib/gcc/pic32c/8.3.1/../../../../pic32c/lib/thumb/v7e-m+fp/hard\libpic32c.a(data_init.o)
 .debug_loc     0x00000000000027d9       0x7d c:/program files/microchip/xc32/v4.60/bin/bin/../../lib/gcc/pic32c/8.3.1/../../../../pic32c/lib/thumb/v7e-m+fp/hard\libc-size-musl.a(memset.o)
 .debug_loc     0x0000000000002856       0x51 c:/program files/microchip/xc32/v4.60/bin/bin/../../lib/gcc/pic32c/8.3.1/../../../../pic32c/lib/thumb/v7e-m+fp/hard\libc-musl.a(__libc_start_main.o)
 .debug_loc     0x00000000000028a7       0x14 c:/program files/microchip/xc32/v4.60/bin/bin/../../lib/gcc/pic32c/8.3.1/../../../../pic32c/lib/thumb/v7e-m+fp/hard\libpic32c.a(pic32_data_init_copy.o)

.note.GNU-stack
                0x0000000000000000        0x0
 .note.GNU-stack
                0x0000000000000000        0x0 c:/program files/microchip/xc32/v4.60/bin/bin/../../lib/gcc/pic32c/8.3.1/../../../../pic32c/lib/thumb/v7e-m+fp/hard\libc-size-musl.a(memset.o)
 .note.GNU-stack
                0x0000000000000000        0x0 c:/program files/microchip/xc32/v4.60/bin/bin/../../lib/gcc/pic32c/8.3.1/../../../../pic32c/lib/thumb/v7e-m+fp/hard\libc-musl.a(__libc_start_main.o)
 .note.GNU-stack
                0x0000000000000000        0x0 c:/program files/microchip/xc32/v4.60/bin/bin/../../lib/gcc/pic32c/8.3.1/../../../../pic32c/lib/thumb/v7e-m+fp/hard\libc-musl.a(libc.o)
 .note.GNU-stack
                0x0000000000000000        0x0 c:/program files/microchip/xc32/v4.60/bin/bin/../../lib/gcc/pic32c/8.3.1/../../../../pic32c/lib/thumb/v7e-m+fp/hard\libc-musl.a(__environ.o)

.stack          0x0000000020000410      0x100
 .stack         0x0000000020000410      0x100 stack

.bss.neo_buf%1  0x0000000020000000      0x140
 .bss.neo_buf   0x0000000020000000      0x140 build/default/production/_ext/1360937237/neopixel.o

.bss%2          0x0000000020000140       0x50
 .bss           0x0000000020000140       0x50 c:/program files/microchip/xc32/v4.60/bin/bin/../../lib/gcc/pic32c/8.3.1/../../../../pic32c/lib/thumb/v7e-m+fp/hard\libc-musl.a(libc.o)
                0x0000000020000140                __progname_full
                0x0000000020000140                program_invocation_name
                0x0000000020000144                program_invocation_short_name
                0x0000000020000144                __progname
                0x0000000020000148                __sysinfo
                0x000000002000014c                __hwcap
                0x0000000020000150                __libc

.bss%3          0x0000000020000190       0x1c
 .bss           0x0000000020000190       0x1c c:/program files/microchip/xc32/v4.60/bin/bin/../../lib/gcc/pic32c/8.3.1/thumb/v7e-m+fp/hard/crtbegin.o

.bss.descriptor_section%4
                0x00000000200001b0       0x10
 .bss.descriptor_section
                0x00000000200001b0       0x10 build/default/production/_ext/1865161661/plib_dmac.o

.bss.dmacChannelObj%5
                0x00000000200001c0       0x10
 .bss.dmacChannelObj
                0x00000000200001c0       0x10 build/default/production/_ext/1865161661/plib_dmac.o

.bss.write_back_section%6
                0x00000000200001d0       0x10
 .bss.write_back_section
                0x00000000200001d0       0x10 build/default/production/_ext/1865161661/plib_dmac.o

.bss.systick%7  0x00000000200001e0        0xc
 .bss.systick   0x00000000200001e0        0xc build/default/production/_ext/1827571544/plib_systick.o

.bss%8          0x00000000200001ac        0x4
 .bss           0x00000000200001ac        0x4 c:/program files/microchip/xc32/v4.60/bin/bin/../../lib/gcc/pic32c/8.3.1/../../../../pic32c/lib/thumb/v7e-m+fp/hard\libpic32c.a(data_init.o)

.bss%9          0x00000000200001ec        0x4
 .bss           0x00000000200001ec        0x4 c:/program files/microchip/xc32/v4.60/bin/bin/../../lib/gcc/pic32c/8.3.1/../../../../pic32c/lib/thumb/v7e-m+fp/hard\libc-musl.a(__environ.o)
                0x00000000200001ec                __environ
                0x00000000200001ec                environ
                0x00000000200001ec                ___environ
                0x00000000200001ec                _environ

.bss.tx_done%10
                0x00000000200001f0        0x1
 .bss.tx_done   0x00000000200001f0        0x1 build/default/production/_ext/1360937237/neopixel.o

.eh_frame%z1    0x0000000000000000        0x0
 .eh_frame      0x0000000000000000        0x0 c:/program files/microchip/xc32/v4.60/bin/bin/../../lib/gcc/pic32c/8.3.1/thumb/v7e-m+fp/hard/crtbegin.o

.config_00804000.__config_00804000%11
                0x0000000000804000        0x4
 .config_00804000.__config_00804000
                0x0000000000804000        0x4 build/default/production/_ext/1171490990/initialization.o
                0x0000000000804000                __config_00804000

.config_00804004.__config_00804004%12
                0x0000000000804004        0x4
 .config_00804004.__config_00804004
                0x0000000000804004        0x4 build/default/production/_ext/1171490990/initialization.o
                0x0000000000804004                __config_00804004

.config_00804008.__config_00804008%13
                0x0000000000804008        0x4
 .config_00804008.__config_00804008
                0x0000000000804008        0x4 build/default/production/_ext/1171490990/initialization.o
                0x0000000000804008                __config_00804008

.text.CLOCK_Initialize%14
                0x0000000000000280      0x164
 .text.CLOCK_Initialize
                0x0000000000000280      0x164 build/default/production/_ext/1984496892/plib_clock.o
                0x0000000000000280                CLOCK_Initialize

.text.DMAC_ChannelTransfer%15
                0x00000000000003e4       0xe8
 .text.DMAC_ChannelTransfer
                0x00000000000003e4       0xe8 build/default/production/_ext/1865161661/plib_dmac.o
                0x00000000000003e4                DMAC_ChannelTransfer

.text.NeoPixel_HSVtoRGB%16
                0x00000000000004cc       0xb8
 .text.NeoPixel_HSVtoRGB
                0x00000000000004cc       0xb8 build/default/production/_ext/1360937237/neopixel.o
                0x00000000000004cc                NeoPixel_HSVtoRGB

.text.NeoPixel_SetPixel%17
                0x0000000000000584       0x9c
 .text.NeoPixel_SetPixel
                0x0000000000000584       0x9c build/default/production/_ext/1360937237/neopixel.o
                0x0000000000000584                NeoPixel_SetPixel

.text.Reset_Handler%18
                0x0000000000000620       0x88
 .text.Reset_Handler
                0x0000000000000620       0x88 build/default/production/_ext/1171490990/startup_xc32.o
                0x0000000000000620                Reset_Handler

.text.DMAC_channel_interruptHandler%19
                0x00000000000006a8       0x84
 .text.DMAC_channel_interruptHandler
                0x00000000000006a8       0x84 build/default/production/_ext/1865161661/plib_dmac.o

.dinit%20       0x000000000000072c       0x70
 .dinit         0x000000000000072c       0x70 data_init

.text.PORT_Initialize%21
                0x000000000000079c       0x64
 .text.PORT_Initialize
                0x000000000000079c       0x64 build/default/production/_ext/1865521619/plib_port.o
                0x000000000000079c                PORT_Initialize

.text.DMAC_Initialize%22
                0x0000000000000800       0x60
 .text.DMAC_Initialize
                0x0000000000000800       0x60 build/default/production/_ext/1865161661/plib_dmac.o
                0x0000000000000800                DMAC_Initialize

.text.TCC0_PWMInitialize%23
                0x0000000000000860       0x5c
 .text.TCC0_PWMInitialize
                0x0000000000000860       0x5c build/default/production/_ext/60181570/plib_tcc0.o
                0x0000000000000860                TCC0_PWMInitialize

.text.__libc_start_init%24
                0x00000000000008bc       0x5c
 .text.__libc_start_init
                0x00000000000008bc       0x5c c:/program files/microchip/xc32/v4.60/bin/bin/../../lib/gcc/pic32c/8.3.1/../../../../pic32c/lib/thumb/v7e-m+fp/hard\libc-musl.a(__libc_start_main.o)
                0x00000000000008bc                __libc_init_array

.text.NeoPixel_Rainbow%25
                0x0000000000000918       0x58
 .text.NeoPixel_Rainbow
                0x0000000000000918       0x58 build/default/production/_ext/1360937237/neopixel.o
                0x0000000000000918                NeoPixel_Rainbow

.text.NVIC_Initialize%26
                0x0000000000000970       0x54
 .text.NVIC_Initialize
                0x0000000000000970       0x54 build/default/production/_ext/1865468468/plib_nvic.o
                0x0000000000000970                NVIC_Initialize

.text%27        0x00000000000009c4       0x40
 .text          0x00000000000009c4       0x40 c:/program files/microchip/xc32/v4.60/bin/bin/../../lib/gcc/pic32c/8.3.1/thumb/v7e-m+fp/hard/crtbegin.o

.text.SYSTICK_DelayMs%28
                0x0000000000000a04       0x40
 .text.SYSTICK_DelayMs
                0x0000000000000a04       0x40 build/default/production/_ext/1827571544/plib_systick.o
                0x0000000000000a04                SYSTICK_DelayMs

.text.__pic32c_data_initialization%29
                0x0000000000000a44       0x38
 .text.__pic32c_data_initialization
                0x0000000000000a44       0x38 c:/program files/microchip/xc32/v4.60/bin/bin/../../lib/gcc/pic32c/8.3.1/../../../../pic32c/lib/thumb/v7e-m+fp/hard\libpic32c.a(data_init.o)
                0x0000000000000a44                __pic32c_data_initialization

.text.SYS_Initialize%30
                0x0000000000000a7c       0x2c
 .text.SYS_Initialize
                0x0000000000000a7c       0x2c build/default/production/_ext/1171490990/initialization.o
                0x0000000000000a7c                SYS_Initialize

.text.NeoPixel_Show%31
                0x0000000000000aa8       0x2c
 .text.NeoPixel_Show
                0x0000000000000aa8       0x2c build/default/production/_ext/1360937237/neopixel.o
                0x0000000000000aa8                NeoPixel_Show

.text.SERCOM1_SPI_Initialize%32
                0x0000000000000ad4       0x28
 .text.SERCOM1_SPI_Initialize
                0x0000000000000ad4       0x28 build/default/production/_ext/17022449/plib_sercom1_spi_master.o
                0x0000000000000ad4                SERCOM1_SPI_Initialize

.text.main%33   0x0000000000000afc       0x26
 .text.main     0x0000000000000afc       0x26 build/default/production/_ext/1360937237/main.o
                0x0000000000000afc                main

.text.SYSTICK_TimerInitialize%34
                0x0000000000000b24       0x24
 .text.SYSTICK_TimerInitialize
                0x0000000000000b24       0x24 build/default/production/_ext/1827571544/plib_systick.o
                0x0000000000000b24                SYSTICK_TimerInitialize

.text.SysTick_Handler%35
                0x0000000000000b48       0x24
 .text.SysTick_Handler
                0x0000000000000b48       0x24 build/default/production/_ext/1827571544/plib_systick.o
                0x0000000000000b48                SysTick_Handler

.text.NeoPixel_Init%36
                0x0000000000000b6c       0x24
 .text.NeoPixel_Init
                0x0000000000000b6c       0x24 build/default/production/_ext/1360937237/neopixel.o
                0x0000000000000b6c                NeoPixel_Init

.text.__dinit_copy%37
                0x0000000000000b90       0x1e
 .text.__dinit_copy
                0x0000000000000b90       0x1e c:/program files/microchip/xc32/v4.60/bin/bin/../../lib/gcc/pic32c/8.3.1/../../../../pic32c/lib/thumb/v7e-m+fp/hard\libpic32c.a(pic32_data_init_copy.o)
                0x0000000000000b90                __dinit_copy_needed
                0x0000000000000b90                __dinit_copy

.text.EVSYS_Initialize%38
                0x0000000000000bb0       0x14
 .text.EVSYS_Initialize
                0x0000000000000bb0       0x14 build/default/production/_ext/1986646378/plib_evsys.o
                0x0000000000000bb0                EVSYS_Initialize

.text.NeoPixel_DMA_Callback%39
                0x0000000000000bc4       0x14
 .text.NeoPixel_DMA_Callback
                0x0000000000000bc4       0x14 build/default/production/_ext/1360937237/neopixel.o

.rodata%40      0x0000000000000bd8       0x14
 .rodata        0x0000000000000bd8       0x14 c:/program files/microchip/xc32/v4.60/bin/bin/../../lib/gcc/pic32c/8.3.1/../../../../pic32c/lib/thumb/v7e-m+fp/hard\libpic32c.a(data_init.o)

.text.memset%41
                0x0000000000000bec       0x14
 .text.memset   0x0000000000000bec       0x14 c:/program files/microchip/xc32/v4.60/bin/bin/../../lib/gcc/pic32c/8.3.1/../../../../pic32c/lib/thumb/v7e-m+fp/hard\libc-size-musl.a(memset.o)
                0x0000000000000bec                memset

.text.__dinit_clear%42
                0x0000000000000c00       0x12
 .text.__dinit_clear
                0x0000000000000c00       0x12 c:/program files/microchip/xc32/v4.60/bin/bin/../../lib/gcc/pic32c/8.3.1/../../../../pic32c/lib/thumb/v7e-m+fp/hard\libpic32c.a(pic32_data_init_clear.o)
                0x0000000000000c00                __dinit_clear
                0x0000000000000c00                __dinit_clear_needed

.text.DMAC_ChannelCallbackRegister%43
                0x0000000000000c14       0x10
 .text.DMAC_ChannelCallbackRegister
                0x0000000000000c14       0x10 build/default/production/_ext/1865161661/plib_dmac.o
                0x0000000000000c14                DMAC_ChannelCallbackRegister

.text.NVMCTRL_Initialize%44
                0x0000000000000c24       0x10
 .text.NVMCTRL_Initialize
                0x0000000000000c24       0x10 build/default/production/_ext/1593096446/plib_nvmctrl.o
                0x0000000000000c24                NVMCTRL_Initialize

.text.DMAC_0_InterruptHandler%45
                0x0000000000000c34        0xa
 .text.DMAC_0_InterruptHandler
                0x0000000000000c34        0xa build/default/production/_ext/1865161661/plib_dmac.o
                0x0000000000000c34                DMAC_0_InterruptHandler

.text.__dummy_decompress%46
                0x0000000000000c3e        0x4
 .text.__dummy_decompress
                0x0000000000000c3e        0x4 c:/program files/microchip/xc32/v4.60/bin/bin/../../lib/gcc/pic32c/8.3.1/../../../../pic32c/lib/thumb/v7e-m+fp/hard\libpic32c.a(data_init.o)
                0x0000000000000c3e                __dinit_decompress
                0x0000000000000c3e                __dinit_copy_val_data
                0x0000000000000c3e                __dinit_copy_emb

.text.TRNG_Initialize%47
                0x0000000000000b22        0x2
 .text.TRNG_Initialize
                0x0000000000000b22        0x2 build/default/production/_ext/1865643529/plib_trng.o
                0x0000000000000b22                TRNG_Initialize

.text.Dummy_Handler%48
                0x0000000000000bae        0x2
 .text.Dummy_Handler
                0x0000000000000bae        0x2 build/default/production/_ext/1171490990/interrupts.o
                0x0000000000000bae                EIC_EXTINT_9_Handler
                0x0000000000000bae                TCC0_MC5_Handler
                0x0000000000000bae                SVCall_Handler
                0x0000000000000bae                SERCOM0_2_Handler
                0x0000000000000bae                USB_SOF_HSOF_Handler
                0x0000000000000bae                TCC4_OTHER_Handler
                0x0000000000000bae                TCC2_MC2_Handler
                0x0000000000000bae                EVSYS_0_Handler
                0x0000000000000bae                TRNG_Handler
                0x0000000000000bae                TC2_Handler
                0x0000000000000bae                USB_TRCPT0_Handler
                0x0000000000000bae                DAC_OTHER_Handler
                0x0000000000000bae                AC_Handler
                0x0000000000000bae                DAC_EMPTY_0_Handler
                0x0000000000000bae                DMAC_OTHER_Handler
                0x0000000000000bae                EIC_EXTINT_5_Handler
                0x0000000000000bae                SERCOM3_1_Handler
                0x0000000000000bae                SERCOM4_OTHER_Handler
                0x0000000000000bae                SERCOM3_2_Handler
                0x0000000000000bae                EIC_EXTINT_6_Handler
                0x0000000000000bae                PendSV_Handler
                0x0000000000000bae                TCC4_MC0_Handler
                0x0000000000000bae                EVSYS_3_Handler
                0x0000000000000bae                QSPI_Handler
                0x0000000000000bae                TCC2_MC0_Handler
                0x0000000000000bae                PDEC_OTHER_Handler
                0x0000000000000bae                TCC3_MC0_Handler
                0x0000000000000bae                PDEC_MC1_Handler
                0x0000000000000bae                TCC2_MC1_Handler
                0x0000000000000bae                OSCCTRL_XOSC1_Handler
                0x0000000000000bae                PDEC_MC0_Handler
                0x0000000000000bae                EIC_EXTINT_4_Handler
                0x0000000000000bae                EIC_EXTINT_7_Handler
                0x0000000000000bae                SERCOM0_OTHER_Handler
                0x0000000000000bae                EVSYS_OTHER_Handler
                0x0000000000000bae                SERCOM0_0_Handler
                0x0000000000000bae                RTC_Handler
                0x0000000000000bae                SERCOM4_0_Handler
                0x0000000000000bae                TCC1_MC0_Handler
                0x0000000000000bae                SERCOM1_OTHER_Handler
                0x0000000000000bae                TCC2_OTHER_Handler
                0x0000000000000bae                EIC_EXTINT_11_Handler
                0x0000000000000bae                SUPC_BODDET_Handler
                0x0000000000000bae                EIC_EXTINT_14_Handler
                0x0000000000000bae                OSC32KCTRL_Handler
                0x0000000000000bae                EVSYS_1_Handler
                0x0000000000000bae                TCC4_MC1_Handler
                0x0000000000000bae                SUPC_OTHER_Handler
                0x0000000000000bae                WDT_Handler
                0x0000000000000bae                CAN0_Handler
                0x0000000000000bae                EIC_EXTINT_15_Handler
                0x0000000000000bae                EIC_EXTINT_1_Handler
                0x0000000000000bae                TCC3_MC1_Handler
                0x0000000000000bae                SERCOM5_0_Handler
                0x0000000000000bae                TC4_Handler
                0x0000000000000bae                TC1_Handler
                0x0000000000000bae                TCC1_MC1_Handler
                0x0000000000000bae                EIC_EXTINT_0_Handler
                0x0000000000000bae                TCC1_OTHER_Handler
                0x0000000000000bae                PAC_Handler
                0x0000000000000bae                SERCOM4_1_Handler
                0x0000000000000bae                TC3_Handler
                0x0000000000000bae                Dummy_Handler
                0x0000000000000bae                DAC_RESRDY_0_Handler
                0x0000000000000bae                SERCOM5_1_Handler
                0x0000000000000bae                DMAC_2_Handler
                0x0000000000000bae                TCC0_MC4_Handler
                0x0000000000000bae                USB_TRCPT1_Handler
                0x0000000000000bae                SERCOM0_1_Handler
                0x0000000000000bae                TCC0_MC3_Handler
                0x0000000000000bae                EIC_EXTINT_12_Handler
                0x0000000000000bae                OSCCTRL_DPLL0_Handler
                0x0000000000000bae                SERCOM5_OTHER_Handler
                0x0000000000000bae                PM_Handler
                0x0000000000000bae                OSCCTRL_DFLL_Handler
                0x0000000000000bae                DAC_RESRDY_1_Handler
                0x0000000000000bae                DMAC_1_Handler
                0x0000000000000bae                USB_OTHER_Handler
                0x0000000000000bae                CAN1_Handler
                0x0000000000000bae                TCC0_OTHER_Handler
                0x0000000000000bae                EIC_EXTINT_10_Handler
                0x0000000000000bae                TCC1_MC3_Handler
                0x0000000000000bae                OSCCTRL_XOSC0_Handler
                0x0000000000000bae                TCC0_MC0_Handler
                0x0000000000000bae                EIC_EXTINT_2_Handler
                0x0000000000000bae                SDHC0_Handler
                0x0000000000000bae                SERCOM1_1_Handler
                0x0000000000000bae                I2S_Handler
                0x0000000000000bae                PCC_Handler
                0x0000000000000bae                TCC3_OTHER_Handler
                0x0000000000000bae                EIC_EXTINT_13_Handler
                0x0000000000000bae                SERCOM1_0_Handler
                0x0000000000000bae                PUKCC_Handler
                0x0000000000000bae                SERCOM2_1_Handler
                0x0000000000000bae                SERCOM1_2_Handler
                0x0000000000000bae                SERCOM3_0_Handler
                0x0000000000000bae                SERCOM4_2_Handler
                0x0000000000000bae                TCC1_MC2_Handler
                0x0000000000000bae                ADC1_RESRDY_Handler
                0x0000000000000bae                NVMCTRL_1_Handler
                0x0000000000000bae                SERCOM5_2_Handler
                0x0000000000000bae                SERCOM2_2_Handler
                0x0000000000000bae                DAC_EMPTY_1_Handler
                0x0000000000000bae                ADC1_OTHER_Handler
                0x0000000000000bae                OSCCTRL_DPLL1_Handler
                0x0000000000000bae                EIC_EXTINT_3_Handler
                0x0000000000000bae                SERCOM3_OTHER_Handler
                0x0000000000000bae                EIC_EXTINT_8_Handler
                0x0000000000000bae                NVMCTRL_0_Handler
                0x0000000000000bae                ADC0_RESRDY_Handler
                0x0000000000000bae                ADC0_OTHER_Handler
                0x0000000000000bae                MCLK_Handler
                0x0000000000000bae                EVSYS_2_Handler
                0x0000000000000bae                SERCOM2_OTHER_Handler
                0x0000000000000bae                FREQM_Handler
                0x0000000000000bae                TC0_Handler
                0x0000000000000bae                TCC0_MC1_Handler
                0x0000000000000bae                DMAC_3_Handler
                0x0000000000000bae                RAMECC_Handler
                0x0000000000000bae                TC5_Handler
                0x0000000000000bae                SERCOM2_0_Handler
                0x0000000000000bae                AES_Handler
                0x0000000000000bae                ICM_Handler
                0x0000000000000bae                TCC0_MC2_Handler

.text.NonMaskableInt_Handler%49
                0x0000000000000c12        0x2
 .text.NonMaskableInt_Handler
                0x0000000000000c12        0x2 build/default/production/_ext/1171490990/exceptions.o
                0x0000000000000c12                NonMaskableInt_Handler

.text.HardFault_Handler%50
                0x0000000000000c42        0x2
 .text.HardFault_Handler
                0x0000000000000c42        0x2 build/default/production/_ext/1171490990/exceptions.o
                0x0000000000000c42                HardFault_Handler

.text.DebugMonitor_Handler%51
                0x0000000000000c44        0x2
 .text.DebugMonitor_Handler
                0x0000000000000c44        0x2 build/default/production/_ext/1171490990/exceptions.o
                0x0000000000000c44                DebugMonitor_Handler

.text.MemoryManagement_Handler%52
                0x0000000000000c46        0x2
 .text.MemoryManagement_Handler
                0x0000000000000c46        0x2 build/default/production/_ext/1171490990/exceptions.o
                0x0000000000000c46                MemoryManagement_Handler

.text.BusFault_Handler%53
                0x0000000000000c48        0x2
 .text.BusFault_Handler
                0x0000000000000c48        0x2 build/default/production/_ext/1171490990/exceptions.o
                0x0000000000000c48                BusFault_Handler

.text.UsageFault_Handler%54
                0x0000000000000c4a        0x2
 .text.UsageFault_Handler
                0x0000000000000c4a        0x2 build/default/production/_ext/1171490990/exceptions.o
                0x0000000000000c4a                UsageFault_Handler

.text.Dummy_App_Func%55
                0x0000000000000c4c        0x2
 .text.Dummy_App_Func
                0x0000000000000c4c        0x2 build/default/production/_ext/1171490990/startup_xc32.o
                0x0000000000000c4c                _on_reset
                0x0000000000000c4c                _on_bootstrap
                0x0000000000000c4c                __xc32_on_reset
                0x0000000000000c4c                Dummy_App_Func
                0x0000000000000c4c                __xc32_on_bootstrap

.text.__dummy_init_tls%56
                0x0000000000000c4e        0x2
 .text.__dummy_init_tls
                0x0000000000000c4e        0x2 c:/program files/microchip/xc32/v4.60/bin/bin/../../lib/gcc/pic32c/8.3.1/../../../../pic32c/lib/thumb/v7e-m+fp/hard\libpic32c.a(data_init.o)
                0x0000000000000c4e                xc32_init_tls

.text.__dummy%57
                0x0000000000000c50        0x2
 .text.__dummy  0x0000000000000c50        0x2 c:/program files/microchip/xc32/v4.60/bin/bin/../../lib/gcc/pic32c/8.3.1/../../../../pic32c/lib/thumb/v7e-m+fp/hard\libc-musl.a(__libc_start_main.o)
                0x0000000000000c50                __init_stdio
                0x0000000000000c50                __init_host
